[06-Mar-2023 13:20:21 Europe/Berlin] PHP Fatal error:  Uncaught mysqli_sql_exception: Column count doesn't match value count at row 1 in C:\xampp\htdocs\api\insert.php:13
Stack trace:
#0 C:\xampp\htdocs\api\insert.php(13): mysqli->prepare('insert into use...')
#1 {main}
  thrown in C:\xampp\htdocs\api\insert.php on line 13
[06-Mar-2023 13:23:36 Europe/Berlin] PHP Fatal error:  Uncaught Error: Attempt to modify property "username" on null in C:\xampp\htdocs\api\login.php:9
Stack trace:
#0 {main}
  thrown in C:\xampp\htdocs\api\login.php on line 9
[06-Mar-2023 19:01:33 Europe/Berlin] PHP Fatal error:  Uncaught Error: Attempt to modify property "username" on null in C:\xampp\htdocs\api\login.php:9
Stack trace:
#0 {main}
  thrown in C:\xampp\htdocs\api\login.php on line 9
[06-Mar-2023 19:52:49 Europe/Berlin] PHP Fatal error:  Uncaught Error: Attempt to modify property "username" on null in C:\xampp\htdocs\api\login.php:9
Stack trace:
#0 {main}
  thrown in C:\xampp\htdocs\api\login.php on line 9
[08-Mar-2023 07:10:02 Europe/Berlin] PHP Fatal error:  Uncaught Error: Attempt to modify property "username" on null in C:\xampp\htdocs\api\login.php:9
Stack trace:
#0 {main}
  thrown in C:\xampp\htdocs\api\login.php on line 9
[08-Mar-2023 07:10:09 Europe/Berlin] PHP Fatal error:  Uncaught Error: Attempt to modify property "username" on null in C:\xampp\htdocs\api\login.php:9
Stack trace:
#0 {main}
  thrown in C:\xampp\htdocs\api\login.php on line 9
[08-Mar-2023 10:23:20 Europe/Berlin] PHP Fatal error:  Uncaught Error: Attempt to modify property "username" on null in C:\xampp\htdocs\api\login.php:9
Stack trace:
#0 {main}
  thrown in C:\xampp\htdocs\api\login.php on line 9
[08-Mar-2023 10:23:48 Europe/Berlin] PHP Fatal error:  Uncaught Error: Attempt to modify property "username" on null in C:\xampp\htdocs\api\login.php:9
Stack trace:
#0 {main}
  thrown in C:\xampp\htdocs\api\login.php on line 9
[08-Mar-2023 10:51:53 Europe/Berlin] PHP Fatal error:  Uncaught Error: Attempt to modify property "username" on null in C:\xampp\htdocs\api\login.php:9
Stack trace:
#0 {main}
  thrown in C:\xampp\htdocs\api\login.php on line 9
[08-Mar-2023 11:19:40 Europe/Berlin] PHP Fatal error:  Uncaught Error: Attempt to modify property "username" on null in C:\xampp\htdocs\api\login.php:9
Stack trace:
#0 {main}
  thrown in C:\xampp\htdocs\api\login.php on line 9
[08-Mar-2023 12:09:40 Europe/Berlin] PHP Fatal error:  Uncaught mysqli_sql_exception: Only one usage of each socket address (protocol/network address/port) is normally permitted in C:\xampp\htdocs\api\index.php:8
Stack trace:
#0 C:\xampp\htdocs\api\index.php(8): mysqli_connect('localhost', 'root', '', 'project')
#1 C:\xampp\htdocs\api\fetchdata.php(2): include('C:\\xampp\\htdocs...')
#2 {main}
  thrown in C:\xampp\htdocs\api\index.php on line 8
[08-Mar-2023 12:10:08 Europe/Berlin] PHP Fatal error:  Uncaught mysqli_sql_exception: Only one usage of each socket address (protocol/network address/port) is normally permitted in C:\xampp\htdocs\api\index.php:8
Stack trace:
#0 C:\xampp\htdocs\api\index.php(8): mysqli_connect('localhost', 'root', '', 'project')
#1 C:\xampp\htdocs\api\fetchdata.php(2): include('C:\\xampp\\htdocs...')
#2 {main}
  thrown in C:\xampp\htdocs\api\index.php on line 8
[08-Mar-2023 12:10:08 Europe/Berlin] PHP Fatal error:  Uncaught mysqli_sql_exception: Only one usage of each socket address (protocol/network address/port) is normally permitted in C:\xampp\htdocs\api\index.php:8
Stack trace:
#0 C:\xampp\htdocs\api\index.php(8): mysqli_connect('localhost', 'root', '', 'project')
#1 C:\xampp\htdocs\api\fetchdata.php(2): include('C:\\xampp\\htdocs...')
#2 {main}
  thrown in C:\xampp\htdocs\api\index.php on line 8
[08-Mar-2023 12:10:08 Europe/Berlin] PHP Fatal error:  Uncaught mysqli_sql_exception: Only one usage of each socket address (protocol/network address/port) is normally permitted in C:\xampp\htdocs\api\index.php:8
Stack trace:
#0 C:\xampp\htdocs\api\index.php(8): mysqli_connect('localhost', 'root', '', 'project')
#1 C:\xampp\htdocs\api\fetchdata.php(2): include('C:\\xampp\\htdocs...')
#2 {main}
  thrown in C:\xampp\htdocs\api\index.php on line 8
[08-Mar-2023 12:10:08 Europe/Berlin] PHP Fatal error:  Uncaught mysqli_sql_exception: Only one usage of each socket address (protocol/network address/port) is normally permitted in C:\xampp\htdocs\api\index.php:8
Stack trace:
#0 C:\xampp\htdocs\api\index.php(8): mysqli_connect('localhost', 'root', '', 'project')
#1 C:\xampp\htdocs\api\fetchdata.php(2): include('C:\\xampp\\htdocs...')
#2 {main}
  thrown in C:\xampp\htdocs\api\index.php on line 8
[08-Mar-2023 12:10:11 Europe/Berlin] PHP Fatal error:  Uncaught mysqli_sql_exception: Only one usage of each socket address (protocol/network address/port) is normally permitted in C:\xampp\htdocs\api\index.php:8
Stack trace:
#0 C:\xampp\htdocs\api\index.php(8): mysqli_connect('localhost', 'root', '', 'project')
#1 C:\xampp\htdocs\api\fetchdata.php(2): include('C:\\xampp\\htdocs...')
#2 {main}
  thrown in C:\xampp\htdocs\api\index.php on line 8
[08-Mar-2023 12:10:11 Europe/Berlin] PHP Fatal error:  Uncaught mysqli_sql_exception: Only one usage of each socket address (protocol/network address/port) is normally permitted in C:\xampp\htdocs\api\index.php:8
Stack trace:
#0 C:\xampp\htdocs\api\index.php(8): mysqli_connect('localhost', 'root', '', 'project')
#1 C:\xampp\htdocs\api\fetchdata.php(2): include('C:\\xampp\\htdocs...')
#2 {main}
  thrown in C:\xampp\htdocs\api\index.php on line 8
[08-Mar-2023 12:10:11 Europe/Berlin] PHP Fatal error:  Uncaught mysqli_sql_exception: Only one usage of each socket address (protocol/network address/port) is normally permitted in C:\xampp\htdocs\api\index.php:8
Stack trace:
#0 C:\xampp\htdocs\api\index.php(8): mysqli_connect('localhost', 'root', '', 'project')
#1 C:\xampp\htdocs\api\fetchdata.php(2): include('C:\\xampp\\htdocs...')
#2 {main}
  thrown in C:\xampp\htdocs\api\index.php on line 8
[08-Mar-2023 12:10:11 Europe/Berlin] PHP Fatal error:  Uncaught mysqli_sql_exception: Only one usage of each socket address (protocol/network address/port) is normally permitted in C:\xampp\htdocs\api\index.php:8
Stack trace:
#0 C:\xampp\htdocs\api\index.php(8): mysqli_connect('localhost', 'root', '', 'project')
#1 C:\xampp\htdocs\api\fetchdata.php(2): include('C:\\xampp\\htdocs...')
#2 {main}
  thrown in C:\xampp\htdocs\api\index.php on line 8
[08-Mar-2023 12:10:11 Europe/Berlin] PHP Fatal error:  Uncaught mysqli_sql_exception: Only one usage of each socket address (protocol/network address/port) is normally permitted in C:\xampp\htdocs\api\index.php:8
Stack trace:
#0 C:\xampp\htdocs\api\index.php(8): mysqli_connect('localhost', 'root', '', 'project')
#1 C:\xampp\htdocs\api\fetchdata.php(2): include('C:\\xampp\\htdocs...')
#2 {main}
  thrown in C:\xampp\htdocs\api\index.php on line 8
[08-Mar-2023 12:10:11 Europe/Berlin] PHP Fatal error:  Uncaught mysqli_sql_exception: Only one usage of each socket address (protocol/network address/port) is normally permitted in C:\xampp\htdocs\api\index.php:8
Stack trace:
#0 C:\xampp\htdocs\api\index.php(8): mysqli_connect('localhost', 'root', '', 'project')
#1 C:\xampp\htdocs\api\fetchdata.php(2): include('C:\\xampp\\htdocs...')
#2 {main}
  thrown in C:\xampp\htdocs\api\index.php on line 8
[08-Mar-2023 12:11:19 Europe/Berlin] PHP Fatal error:  Uncaught mysqli_sql_exception: Only one usage of each socket address (protocol/network address/port) is normally permitted in C:\xampp\htdocs\api\index.php:8
Stack trace:
#0 C:\xampp\htdocs\api\index.php(8): mysqli_connect('localhost', 'root', '', 'project')
#1 C:\xampp\htdocs\api\fetchdata.php(2): include('C:\\xampp\\htdocs...')
#2 {main}
  thrown in C:\xampp\htdocs\api\index.php on line 8
[08-Mar-2023 12:11:19 Europe/Berlin] PHP Fatal error:  Uncaught mysqli_sql_exception: Only one usage of each socket address (protocol/network address/port) is normally permitted in C:\xampp\htdocs\api\index.php:8
Stack trace:
#0 C:\xampp\htdocs\api\index.php(8): mysqli_connect('localhost', 'root', '', 'project')
#1 C:\xampp\htdocs\api\fetchdata.php(2): include('C:\\xampp\\htdocs...')
#2 {main}
  thrown in C:\xampp\htdocs\api\index.php on line 8
[08-Mar-2023 12:11:19 Europe/Berlin] PHP Fatal error:  Uncaught mysqli_sql_exception: Only one usage of each socket address (protocol/network address/port) is normally permitted in C:\xampp\htdocs\api\index.php:8
Stack trace:
#0 C:\xampp\htdocs\api\index.php(8): mysqli_connect('localhost', 'root', '', 'project')
#1 C:\xampp\htdocs\api\fetchdata.php(2): include('C:\\xampp\\htdocs...')
#2 {main}
  thrown in C:\xampp\htdocs\api\index.php on line 8
[08-Mar-2023 12:11:19 Europe/Berlin] PHP Fatal error:  Uncaught mysqli_sql_exception: Only one usage of each socket address (protocol/network address/port) is normally permitted in C:\xampp\htdocs\api\index.php:8
Stack trace:
#0 C:\xampp\htdocs\api\index.php(8): mysqli_connect('localhost', 'root', '', 'project')
#1 C:\xampp\htdocs\api\fetchdata.php(2): include('C:\\xampp\\htdocs...')
#2 {main}
  thrown in C:\xampp\htdocs\api\index.php on line 8
[08-Mar-2023 12:11:19 Europe/Berlin] PHP Fatal error:  Uncaught mysqli_sql_exception: Only one usage of each socket address (protocol/network address/port) is normally permitted in C:\xampp\htdocs\api\index.php:8
Stack trace:
#0 C:\xampp\htdocs\api\index.php(8): mysqli_connect('localhost', 'root', '', 'project')
#1 C:\xampp\htdocs\api\fetchdata.php(2): include('C:\\xampp\\htdocs...')
#2 {main}
  thrown in C:\xampp\htdocs\api\index.php on line 8
[08-Mar-2023 12:11:19 Europe/Berlin] PHP Fatal error:  Uncaught mysqli_sql_exception: Only one usage of each socket address (protocol/network address/port) is normally permitted in C:\xampp\htdocs\api\index.php:8
Stack trace:
#0 C:\xampp\htdocs\api\index.php(8): mysqli_connect('localhost', 'root', '', 'project')
#1 C:\xampp\htdocs\api\fetchdata.php(2): include('C:\\xampp\\htdocs...')
#2 {main}
  thrown in C:\xampp\htdocs\api\index.php on line 8
[08-Mar-2023 12:11:19 Europe/Berlin] PHP Fatal error:  Uncaught mysqli_sql_exception: Only one usage of each socket address (protocol/network address/port) is normally permitted in C:\xampp\htdocs\api\index.php:8
Stack trace:
#0 C:\xampp\htdocs\api\index.php(8): mysqli_connect('localhost', 'root', '', 'project')
#1 C:\xampp\htdocs\api\fetchdata.php(2): include('C:\\xampp\\htdocs...')
#2 {main}
  thrown in C:\xampp\htdocs\api\index.php on line 8
[08-Mar-2023 12:11:19 Europe/Berlin] PHP Fatal error:  Uncaught mysqli_sql_exception: Only one usage of each socket address (protocol/network address/port) is normally permitted in C:\xampp\htdocs\api\index.php:8
Stack trace:
#0 C:\xampp\htdocs\api\index.php(8): mysqli_connect('localhost', 'root', '', 'project')
#1 C:\xampp\htdocs\api\fetchdata.php(2): include('C:\\xampp\\htdocs...')
#2 {main}
  thrown in C:\xampp\htdocs\api\index.php on line 8
[08-Mar-2023 12:11:19 Europe/Berlin] PHP Fatal error:  Uncaught mysqli_sql_exception: Only one usage of each socket address (protocol/network address/port) is normally permitted in C:\xampp\htdocs\api\index.php:8
Stack trace:
#0 C:\xampp\htdocs\api\index.php(8): mysqli_connect('localhost', 'root', '', 'project')
#1 C:\xampp\htdocs\api\fetchdata.php(2): include('C:\\xampp\\htdocs...')
#2 {main}
  thrown in C:\xampp\htdocs\api\index.php on line 8
[08-Mar-2023 12:11:19 Europe/Berlin] PHP Fatal error:  Uncaught mysqli_sql_exception: Only one usage of each socket address (protocol/network address/port) is normally permitted in C:\xampp\htdocs\api\index.php:8
Stack trace:
#0 C:\xampp\htdocs\api\index.php(8): mysqli_connect('localhost', 'root', '', 'project')
#1 C:\xampp\htdocs\api\fetchdata.php(2): include('C:\\xampp\\htdocs...')
#2 {main}
  thrown in C:\xampp\htdocs\api\index.php on line 8
[08-Mar-2023 12:11:19 Europe/Berlin] PHP Fatal error:  Uncaught mysqli_sql_exception: Only one usage of each socket address (protocol/network address/port) is normally permitted in C:\xampp\htdocs\api\index.php:8
Stack trace:
#0 C:\xampp\htdocs\api\index.php(8): mysqli_connect('localhost', 'root', '', 'project')
#1 C:\xampp\htdocs\api\fetchdata.php(2): include('C:\\xampp\\htdocs...')
#2 {main}
  thrown in C:\xampp\htdocs\api\index.php on line 8
[08-Mar-2023 12:12:10 Europe/Berlin] PHP Fatal error:  Uncaught mysqli_sql_exception: Only one usage of each socket address (protocol/network address/port) is normally permitted in C:\xampp\htdocs\api\index.php:8
Stack trace:
#0 C:\xampp\htdocs\api\index.php(8): mysqli_connect('localhost', 'root', '', 'project')
#1 C:\xampp\htdocs\api\fetchdata.php(2): include('C:\\xampp\\htdocs...')
#2 {main}
  thrown in C:\xampp\htdocs\api\index.php on line 8
[08-Mar-2023 12:12:10 Europe/Berlin] PHP Fatal error:  Uncaught mysqli_sql_exception: Only one usage of each socket address (protocol/network address/port) is normally permitted in C:\xampp\htdocs\api\index.php:8
Stack trace:
#0 C:\xampp\htdocs\api\index.php(8): mysqli_connect('localhost', 'root', '', 'project')
#1 C:\xampp\htdocs\api\fetchdata.php(2): include('C:\\xampp\\htdocs...')
#2 {main}
  thrown in C:\xampp\htdocs\api\index.php on line 8
[08-Mar-2023 12:12:10 Europe/Berlin] PHP Fatal error:  Uncaught mysqli_sql_exception: Only one usage of each socket address (protocol/network address/port) is normally permitted in C:\xampp\htdocs\api\index.php:8
Stack trace:
#0 C:\xampp\htdocs\api\index.php(8): mysqli_connect('localhost', 'root', '', 'project')
#1 C:\xampp\htdocs\api\fetchdata.php(2): include('C:\\xampp\\htdocs...')
#2 {main}
  thrown in C:\xampp\htdocs\api\index.php on line 8
[08-Mar-2023 12:12:10 Europe/Berlin] PHP Fatal error:  Uncaught mysqli_sql_exception: Only one usage of each socket address (protocol/network address/port) is normally permitted in C:\xampp\htdocs\api\index.php:8
Stack trace:
#0 C:\xampp\htdocs\api\index.php(8): mysqli_connect('localhost', 'root', '', 'project')
#1 C:\xampp\htdocs\api\fetchdata.php(2): include('C:\\xampp\\htdocs...')
#2 {main}
  thrown in C:\xampp\htdocs\api\index.php on line 8
[08-Mar-2023 12:14:11 Europe/Berlin] PHP Fatal error:  Uncaught mysqli_sql_exception: Only one usage of each socket address (protocol/network address/port) is normally permitted in C:\xampp\htdocs\api\index.php:8
Stack trace:
#0 C:\xampp\htdocs\api\index.php(8): mysqli_connect('localhost', 'root', '', 'project')
#1 C:\xampp\htdocs\api\fetchdata.php(2): include('C:\\xampp\\htdocs...')
#2 {main}
  thrown in C:\xampp\htdocs\api\index.php on line 8
[08-Mar-2023 12:14:11 Europe/Berlin] PHP Fatal error:  Uncaught mysqli_sql_exception: Only one usage of each socket address (protocol/network address/port) is normally permitted in C:\xampp\htdocs\api\index.php:8
Stack trace:
#0 C:\xampp\htdocs\api\index.php(8): mysqli_connect('localhost', 'root', '', 'project')
#1 C:\xampp\htdocs\api\fetchdata.php(2): include('C:\\xampp\\htdocs...')
#2 {main}
  thrown in C:\xampp\htdocs\api\index.php on line 8
[08-Mar-2023 12:15:20 Europe/Berlin] PHP Fatal error:  Uncaught mysqli_sql_exception: Only one usage of each socket address (protocol/network address/port) is normally permitted in C:\xampp\htdocs\api\index.php:8
Stack trace:
#0 C:\xampp\htdocs\api\index.php(8): mysqli_connect('localhost', 'root', '', 'project')
#1 C:\xampp\htdocs\api\fetchdata.php(2): include('C:\\xampp\\htdocs...')
#2 {main}
  thrown in C:\xampp\htdocs\api\index.php on line 8
[08-Mar-2023 12:15:20 Europe/Berlin] PHP Fatal error:  Uncaught mysqli_sql_exception: Only one usage of each socket address (protocol/network address/port) is normally permitted in C:\xampp\htdocs\api\index.php:8
Stack trace:
#0 C:\xampp\htdocs\api\index.php(8): mysqli_connect('localhost', 'root', '', 'project')
#1 C:\xampp\htdocs\api\fetchdata.php(2): include('C:\\xampp\\htdocs...')
#2 {main}
  thrown in C:\xampp\htdocs\api\index.php on line 8
[08-Mar-2023 12:15:20 Europe/Berlin] PHP Fatal error:  Uncaught mysqli_sql_exception: Only one usage of each socket address (protocol/network address/port) is normally permitted in C:\xampp\htdocs\api\index.php:8
Stack trace:
#0 C:\xampp\htdocs\api\index.php(8): mysqli_connect('localhost', 'root', '', 'project')
#1 C:\xampp\htdocs\api\fetchdata.php(2): include('C:\\xampp\\htdocs...')
#2 {main}
  thrown in C:\xampp\htdocs\api\index.php on line 8
[08-Mar-2023 12:15:20 Europe/Berlin] PHP Fatal error:  Uncaught mysqli_sql_exception: Only one usage of each socket address (protocol/network address/port) is normally permitted in C:\xampp\htdocs\api\index.php:8
Stack trace:
#0 C:\xampp\htdocs\api\index.php(8): mysqli_connect('localhost', 'root', '', 'project')
#1 C:\xampp\htdocs\api\fetchdata.php(2): include('C:\\xampp\\htdocs...')
#2 {main}
  thrown in C:\xampp\htdocs\api\index.php on line 8
[08-Mar-2023 12:15:20 Europe/Berlin] PHP Fatal error:  Uncaught mysqli_sql_exception: Only one usage of each socket address (protocol/network address/port) is normally permitted in C:\xampp\htdocs\api\index.php:8
Stack trace:
#0 C:\xampp\htdocs\api\index.php(8): mysqli_connect('localhost', 'root', '', 'project')
#1 C:\xampp\htdocs\api\fetchdata.php(2): include('C:\\xampp\\htdocs...')
#2 {main}
  thrown in C:\xampp\htdocs\api\index.php on line 8
[08-Mar-2023 12:15:20 Europe/Berlin] PHP Fatal error:  Uncaught mysqli_sql_exception: Only one usage of each socket address (protocol/network address/port) is normally permitted in C:\xampp\htdocs\api\index.php:8
Stack trace:
#0 C:\xampp\htdocs\api\index.php(8): mysqli_connect('localhost', 'root', '', 'project')
#1 C:\xampp\htdocs\api\fetchdata.php(2): include('C:\\xampp\\htdocs...')
#2 {main}
  thrown in C:\xampp\htdocs\api\index.php on line 8
[08-Mar-2023 12:15:20 Europe/Berlin] PHP Fatal error:  Uncaught mysqli_sql_exception: Only one usage of each socket address (protocol/network address/port) is normally permitted in C:\xampp\htdocs\api\index.php:8
Stack trace:
#0 C:\xampp\htdocs\api\index.php(8): mysqli_connect('localhost', 'root', '', 'project')
#1 C:\xampp\htdocs\api\fetchdata.php(2): include('C:\\xampp\\htdocs...')
#2 {main}
  thrown in C:\xampp\htdocs\api\index.php on line 8
[08-Mar-2023 12:15:20 Europe/Berlin] PHP Fatal error:  Uncaught mysqli_sql_exception: Only one usage of each socket address (protocol/network address/port) is normally permitted in C:\xampp\htdocs\api\index.php:8
Stack trace:
#0 C:\xampp\htdocs\api\index.php(8): mysqli_connect('localhost', 'root', '', 'project')
#1 C:\xampp\htdocs\api\fetchdata.php(2): include('C:\\xampp\\htdocs...')
#2 {main}
  thrown in C:\xampp\htdocs\api\index.php on line 8
[08-Mar-2023 12:15:20 Europe/Berlin] PHP Fatal error:  Uncaught mysqli_sql_exception: Only one usage of each socket address (protocol/network address/port) is normally permitted in C:\xampp\htdocs\api\index.php:8
Stack trace:
#0 C:\xampp\htdocs\api\index.php(8): mysqli_connect('localhost', 'root', '', 'project')
#1 C:\xampp\htdocs\api\fetchdata.php(2): include('C:\\xampp\\htdocs...')
#2 {main}
  thrown in C:\xampp\htdocs\api\index.php on line 8
[08-Mar-2023 12:15:20 Europe/Berlin] PHP Fatal error:  Uncaught mysqli_sql_exception: Only one usage of each socket address (protocol/network address/port) is normally permitted in C:\xampp\htdocs\api\index.php:8
Stack trace:
#0 C:\xampp\htdocs\api\index.php(8): mysqli_connect('localhost', 'root', '', 'project')
#1 C:\xampp\htdocs\api\fetchdata.php(2): include('C:\\xampp\\htdocs...')
#2 {main}
  thrown in C:\xampp\htdocs\api\index.php on line 8
[08-Mar-2023 12:15:20 Europe/Berlin] PHP Fatal error:  Uncaught mysqli_sql_exception: Only one usage of each socket address (protocol/network address/port) is normally permitted in C:\xampp\htdocs\api\index.php:8
Stack trace:
#0 C:\xampp\htdocs\api\index.php(8): mysqli_connect('localhost', 'root', '', 'project')
#1 C:\xampp\htdocs\api\fetchdata.php(2): include('C:\\xampp\\htdocs...')
#2 {main}
  thrown in C:\xampp\htdocs\api\index.php on line 8
[08-Mar-2023 12:15:20 Europe/Berlin] PHP Fatal error:  Uncaught mysqli_sql_exception: Only one usage of each socket address (protocol/network address/port) is normally permitted in C:\xampp\htdocs\api\index.php:8
Stack trace:
#0 C:\xampp\htdocs\api\index.php(8): mysqli_connect('localhost', 'root', '', 'project')
#1 C:\xampp\htdocs\api\fetchdata.php(2): include('C:\\xampp\\htdocs...')
#2 {main}
  thrown in C:\xampp\htdocs\api\index.php on line 8
[08-Mar-2023 12:15:20 Europe/Berlin] PHP Fatal error:  Uncaught mysqli_sql_exception: Only one usage of each socket address (protocol/network address/port) is normally permitted in C:\xampp\htdocs\api\index.php:8
Stack trace:
#0 C:\xampp\htdocs\api\index.php(8): mysqli_connect('localhost', 'root', '', 'project')
#1 C:\xampp\htdocs\api\fetchdata.php(2): include('C:\\xampp\\htdocs...')
#2 {main}
  thrown in C:\xampp\htdocs\api\index.php on line 8
[08-Mar-2023 12:15:20 Europe/Berlin] PHP Fatal error:  Uncaught mysqli_sql_exception: Only one usage of each socket address (protocol/network address/port) is normally permitted in C:\xampp\htdocs\api\index.php:8
Stack trace:
#0 C:\xampp\htdocs\api\index.php(8): mysqli_connect('localhost', 'root', '', 'project')
#1 C:\xampp\htdocs\api\fetchdata.php(2): include('C:\\xampp\\htdocs...')
#2 {main}
  thrown in C:\xampp\htdocs\api\index.php on line 8
[08-Mar-2023 12:15:20 Europe/Berlin] PHP Fatal error:  Uncaught mysqli_sql_exception: Only one usage of each socket address (protocol/network address/port) is normally permitted in C:\xampp\htdocs\api\index.php:8
Stack trace:
#0 C:\xampp\htdocs\api\index.php(8): mysqli_connect('localhost', 'root', '', 'project')
#1 C:\xampp\htdocs\api\fetchdata.php(2): include('C:\\xampp\\htdocs...')
#2 {main}
  thrown in C:\xampp\htdocs\api\index.php on line 8
[08-Mar-2023 12:15:20 Europe/Berlin] PHP Fatal error:  Uncaught mysqli_sql_exception: Only one usage of each socket address (protocol/network address/port) is normally permitted in C:\xampp\htdocs\api\index.php:8
Stack trace:
#0 C:\xampp\htdocs\api\index.php(8): mysqli_connect('localhost', 'root', '', 'project')
#1 C:\xampp\htdocs\api\fetchdata.php(2): include('C:\\xampp\\htdocs...')
#2 {main}
  thrown in C:\xampp\htdocs\api\index.php on line 8
[08-Mar-2023 12:15:20 Europe/Berlin] PHP Fatal error:  Uncaught mysqli_sql_exception: Only one usage of each socket address (protocol/network address/port) is normally permitted in C:\xampp\htdocs\api\index.php:8
Stack trace:
#0 C:\xampp\htdocs\api\index.php(8): mysqli_connect('localhost', 'root', '', 'project')
#1 C:\xampp\htdocs\api\fetchdata.php(2): include('C:\\xampp\\htdocs...')
#2 {main}
  thrown in C:\xampp\htdocs\api\index.php on line 8
[08-Mar-2023 12:15:20 Europe/Berlin] PHP Fatal error:  Uncaught mysqli_sql_exception: Only one usage of each socket address (protocol/network address/port) is normally permitted in C:\xampp\htdocs\api\index.php:8
Stack trace:
#0 C:\xampp\htdocs\api\index.php(8): mysqli_connect('localhost', 'root', '', 'project')
#1 C:\xampp\htdocs\api\fetchdata.php(2): include('C:\\xampp\\htdocs...')
#2 {main}
  thrown in C:\xampp\htdocs\api\index.php on line 8
[08-Mar-2023 12:15:20 Europe/Berlin] PHP Fatal error:  Uncaught mysqli_sql_exception: Only one usage of each socket address (protocol/network address/port) is normally permitted in C:\xampp\htdocs\api\index.php:8
Stack trace:
#0 C:\xampp\htdocs\api\index.php(8): mysqli_connect('localhost', 'root', '', 'project')
#1 C:\xampp\htdocs\api\fetchdata.php(2): include('C:\\xampp\\htdocs...')
#2 {main}
  thrown in C:\xampp\htdocs\api\index.php on line 8
[08-Mar-2023 12:15:20 Europe/Berlin] PHP Fatal error:  Uncaught mysqli_sql_exception: Only one usage of each socket address (protocol/network address/port) is normally permitted in C:\xampp\htdocs\api\index.php:8
Stack trace:
#0 C:\xampp\htdocs\api\index.php(8): mysqli_connect('localhost', 'root', '', 'project')
#1 C:\xampp\htdocs\api\fetchdata.php(2): include('C:\\xampp\\htdocs...')
#2 {main}
  thrown in C:\xampp\htdocs\api\index.php on line 8
[08-Mar-2023 12:15:20 Europe/Berlin] PHP Fatal error:  Uncaught mysqli_sql_exception: Only one usage of each socket address (protocol/network address/port) is normally permitted in C:\xampp\htdocs\api\index.php:8
Stack trace:
#0 C:\xampp\htdocs\api\index.php(8): mysqli_connect('localhost', 'root', '', 'project')
#1 C:\xampp\htdocs\api\fetchdata.php(2): include('C:\\xampp\\htdocs...')
#2 {main}
  thrown in C:\xampp\htdocs\api\index.php on line 8
[08-Mar-2023 12:15:20 Europe/Berlin] PHP Fatal error:  Uncaught mysqli_sql_exception: Only one usage of each socket address (protocol/network address/port) is normally permitted in C:\xampp\htdocs\api\index.php:8
Stack trace:
#0 C:\xampp\htdocs\api\index.php(8): mysqli_connect('localhost', 'root', '', 'project')
#1 C:\xampp\htdocs\api\fetchdata.php(2): include('C:\\xampp\\htdocs...')
#2 {main}
  thrown in C:\xampp\htdocs\api\index.php on line 8
[08-Mar-2023 12:15:20 Europe/Berlin] PHP Fatal error:  Uncaught mysqli_sql_exception: Only one usage of each socket address (protocol/network address/port) is normally permitted in C:\xampp\htdocs\api\index.php:8
Stack trace:
#0 C:\xampp\htdocs\api\index.php(8): mysqli_connect('localhost', 'root', '', 'project')
#1 C:\xampp\htdocs\api\fetchdata.php(2): include('C:\\xampp\\htdocs...')
#2 {main}
  thrown in C:\xampp\htdocs\api\index.php on line 8
[08-Mar-2023 12:15:20 Europe/Berlin] PHP Fatal error:  Uncaught mysqli_sql_exception: Only one usage of each socket address (protocol/network address/port) is normally permitted in C:\xampp\htdocs\api\index.php:8
Stack trace:
#0 C:\xampp\htdocs\api\index.php(8): mysqli_connect('localhost', 'root', '', 'project')
#1 C:\xampp\htdocs\api\fetchdata.php(2): include('C:\\xampp\\htdocs...')
#2 {main}
  thrown in C:\xampp\htdocs\api\index.php on line 8
[08-Mar-2023 12:15:20 Europe/Berlin] PHP Fatal error:  Uncaught mysqli_sql_exception: Only one usage of each socket address (protocol/network address/port) is normally permitted in C:\xampp\htdocs\api\index.php:8
Stack trace:
#0 C:\xampp\htdocs\api\index.php(8): mysqli_connect('localhost', 'root', '', 'project')
#1 C:\xampp\htdocs\api\fetchdata.php(2): include('C:\\xampp\\htdocs...')
#2 {main}
  thrown in C:\xampp\htdocs\api\index.php on line 8
[08-Mar-2023 12:15:20 Europe/Berlin] PHP Fatal error:  Uncaught mysqli_sql_exception: Only one usage of each socket address (protocol/network address/port) is normally permitted in C:\xampp\htdocs\api\index.php:8
Stack trace:
#0 C:\xampp\htdocs\api\index.php(8): mysqli_connect('localhost', 'root', '', 'project')
#1 C:\xampp\htdocs\api\fetchdata.php(2): include('C:\\xampp\\htdocs...')
#2 {main}
  thrown in C:\xampp\htdocs\api\index.php on line 8
[08-Mar-2023 12:15:20 Europe/Berlin] PHP Fatal error:  Uncaught mysqli_sql_exception: Only one usage of each socket address (protocol/network address/port) is normally permitted in C:\xampp\htdocs\api\index.php:8
Stack trace:
#0 C:\xampp\htdocs\api\index.php(8): mysqli_connect('localhost', 'root', '', 'project')
#1 C:\xampp\htdocs\api\fetchdata.php(2): include('C:\\xampp\\htdocs...')
#2 {main}
  thrown in C:\xampp\htdocs\api\index.php on line 8
[08-Mar-2023 12:15:20 Europe/Berlin] PHP Fatal error:  Uncaught mysqli_sql_exception: Only one usage of each socket address (protocol/network address/port) is normally permitted in C:\xampp\htdocs\api\index.php:8
Stack trace:
#0 C:\xampp\htdocs\api\index.php(8): mysqli_connect('localhost', 'root', '', 'project')
#1 C:\xampp\htdocs\api\fetchdata.php(2): include('C:\\xampp\\htdocs...')
#2 {main}
  thrown in C:\xampp\htdocs\api\index.php on line 8
[08-Mar-2023 12:15:24 Europe/Berlin] PHP Fatal error:  Uncaught mysqli_sql_exception: Only one usage of each socket address (protocol/network address/port) is normally permitted in C:\xampp\htdocs\api\index.php:8
Stack trace:
#0 C:\xampp\htdocs\api\index.php(8): mysqli_connect('localhost', 'root', '', 'project')
#1 C:\xampp\htdocs\api\fetchdata.php(2): include('C:\\xampp\\htdocs...')
#2 {main}
  thrown in C:\xampp\htdocs\api\index.php on line 8
[08-Mar-2023 12:15:24 Europe/Berlin] PHP Fatal error:  Uncaught mysqli_sql_exception: Only one usage of each socket address (protocol/network address/port) is normally permitted in C:\xampp\htdocs\api\index.php:8
Stack trace:
#0 C:\xampp\htdocs\api\index.php(8): mysqli_connect('localhost', 'root', '', 'project')
#1 C:\xampp\htdocs\api\fetchdata.php(2): include('C:\\xampp\\htdocs...')
#2 {main}
  thrown in C:\xampp\htdocs\api\index.php on line 8
[08-Mar-2023 12:15:24 Europe/Berlin] PHP Fatal error:  Uncaught mysqli_sql_exception: Only one usage of each socket address (protocol/network address/port) is normally permitted in C:\xampp\htdocs\api\index.php:8
Stack trace:
#0 C:\xampp\htdocs\api\index.php(8): mysqli_connect('localhost', 'root', '', 'project')
#1 C:\xampp\htdocs\api\fetchdata.php(2): include('C:\\xampp\\htdocs...')
#2 {main}
  thrown in C:\xampp\htdocs\api\index.php on line 8
[08-Mar-2023 12:15:24 Europe/Berlin] PHP Fatal error:  Uncaught mysqli_sql_exception: Only one usage of each socket address (protocol/network address/port) is normally permitted in C:\xampp\htdocs\api\index.php:8
Stack trace:
#0 C:\xampp\htdocs\api\index.php(8): mysqli_connect('localhost', 'root', '', 'project')
#1 C:\xampp\htdocs\api\fetchdata.php(2): include('C:\\xampp\\htdocs...')
#2 {main}
  thrown in C:\xampp\htdocs\api\index.php on line 8
[08-Mar-2023 12:15:24 Europe/Berlin] PHP Fatal error:  Uncaught mysqli_sql_exception: Only one usage of each socket address (protocol/network address/port) is normally permitted in C:\xampp\htdocs\api\index.php:8
Stack trace:
#0 C:\xampp\htdocs\api\index.php(8): mysqli_connect('localhost', 'root', '', 'project')
#1 C:\xampp\htdocs\api\fetchdata.php(2): include('C:\\xampp\\htdocs...')
#2 {main}
  thrown in C:\xampp\htdocs\api\index.php on line 8
[08-Mar-2023 12:17:24 Europe/Berlin] PHP Fatal error:  Uncaught mysqli_sql_exception: Only one usage of each socket address (protocol/network address/port) is normally permitted in C:\xampp\htdocs\api\index.php:8
Stack trace:
#0 C:\xampp\htdocs\api\index.php(8): mysqli_connect('localhost', 'root', '', 'project')
#1 C:\xampp\htdocs\api\fetchdata.php(2): include('C:\\xampp\\htdocs...')
#2 {main}
  thrown in C:\xampp\htdocs\api\index.php on line 8
[08-Mar-2023 12:17:25 Europe/Berlin] PHP Fatal error:  Uncaught mysqli_sql_exception: Only one usage of each socket address (protocol/network address/port) is normally permitted in C:\xampp\htdocs\api\index.php:8
Stack trace:
#0 C:\xampp\htdocs\api\index.php(8): mysqli_connect('localhost', 'root', '', 'project')
#1 C:\xampp\htdocs\api\fetchdata.php(2): include('C:\\xampp\\htdocs...')
#2 {main}
  thrown in C:\xampp\htdocs\api\index.php on line 8
[08-Mar-2023 12:17:25 Europe/Berlin] PHP Fatal error:  Uncaught mysqli_sql_exception: Only one usage of each socket address (protocol/network address/port) is normally permitted in C:\xampp\htdocs\api\index.php:8
Stack trace:
#0 C:\xampp\htdocs\api\index.php(8): mysqli_connect('localhost', 'root', '', 'project')
#1 C:\xampp\htdocs\api\fetchdata.php(2): include('C:\\xampp\\htdocs...')
#2 {main}
  thrown in C:\xampp\htdocs\api\index.php on line 8
[08-Mar-2023 12:17:25 Europe/Berlin] PHP Fatal error:  Uncaught mysqli_sql_exception: Only one usage of each socket address (protocol/network address/port) is normally permitted in C:\xampp\htdocs\api\index.php:8
Stack trace:
#0 C:\xampp\htdocs\api\index.php(8): mysqli_connect('localhost', 'root', '', 'project')
#1 C:\xampp\htdocs\api\fetchdata.php(2): include('C:\\xampp\\htdocs...')
#2 {main}
  thrown in C:\xampp\htdocs\api\index.php on line 8
[08-Mar-2023 12:17:25 Europe/Berlin] PHP Fatal error:  Uncaught mysqli_sql_exception: Only one usage of each socket address (protocol/network address/port) is normally permitted in C:\xampp\htdocs\api\index.php:8
Stack trace:
#0 C:\xampp\htdocs\api\index.php(8): mysqli_connect('localhost', 'root', '', 'project')
#1 C:\xampp\htdocs\api\fetchdata.php(2): include('C:\\xampp\\htdocs...')
#2 {main}
  thrown in C:\xampp\htdocs\api\index.php on line 8
[08-Mar-2023 12:17:25 Europe/Berlin] PHP Fatal error:  Uncaught mysqli_sql_exception: Only one usage of each socket address (protocol/network address/port) is normally permitted in C:\xampp\htdocs\api\index.php:8
Stack trace:
#0 C:\xampp\htdocs\api\index.php(8): mysqli_connect('localhost', 'root', '', 'project')
#1 C:\xampp\htdocs\api\fetchdata.php(2): include('C:\\xampp\\htdocs...')
#2 {main}
  thrown in C:\xampp\htdocs\api\index.php on line 8
[08-Mar-2023 12:17:25 Europe/Berlin] PHP Fatal error:  Uncaught mysqli_sql_exception: Only one usage of each socket address (protocol/network address/port) is normally permitted in C:\xampp\htdocs\api\index.php:8
Stack trace:
#0 C:\xampp\htdocs\api\index.php(8): mysqli_connect('localhost', 'root', '', 'project')
#1 C:\xampp\htdocs\api\fetchdata.php(2): include('C:\\xampp\\htdocs...')
#2 {main}
  thrown in C:\xampp\htdocs\api\index.php on line 8
[08-Mar-2023 12:17:27 Europe/Berlin] PHP Fatal error:  Uncaught mysqli_sql_exception: Only one usage of each socket address (protocol/network address/port) is normally permitted in C:\xampp\htdocs\api\index.php:8
Stack trace:
#0 C:\xampp\htdocs\api\index.php(8): mysqli_connect('localhost', 'root', '', 'project')
#1 C:\xampp\htdocs\api\fetchdata.php(2): include('C:\\xampp\\htdocs...')
#2 {main}
  thrown in C:\xampp\htdocs\api\index.php on line 8
[08-Mar-2023 12:17:27 Europe/Berlin] PHP Fatal error:  Uncaught mysqli_sql_exception: Only one usage of each socket address (protocol/network address/port) is normally permitted in C:\xampp\htdocs\api\index.php:8
Stack trace:
#0 C:\xampp\htdocs\api\index.php(8): mysqli_connect('localhost', 'root', '', 'project')
#1 C:\xampp\htdocs\api\fetchdata.php(2): include('C:\\xampp\\htdocs...')
#2 {main}
  thrown in C:\xampp\htdocs\api\index.php on line 8
[08-Mar-2023 12:17:27 Europe/Berlin] PHP Fatal error:  Uncaught mysqli_sql_exception: Only one usage of each socket address (protocol/network address/port) is normally permitted in C:\xampp\htdocs\api\index.php:8
Stack trace:
#0 C:\xampp\htdocs\api\index.php(8): mysqli_connect('localhost', 'root', '', 'project')
#1 C:\xampp\htdocs\api\fetchdata.php(2): include('C:\\xampp\\htdocs...')
#2 {main}
  thrown in C:\xampp\htdocs\api\index.php on line 8
[08-Mar-2023 12:17:27 Europe/Berlin] PHP Fatal error:  Uncaught mysqli_sql_exception: Only one usage of each socket address (protocol/network address/port) is normally permitted in C:\xampp\htdocs\api\index.php:8
Stack trace:
#0 C:\xampp\htdocs\api\index.php(8): mysqli_connect('localhost', 'root', '', 'project')
#1 C:\xampp\htdocs\api\fetchdata.php(2): include('C:\\xampp\\htdocs...')
#2 {main}
  thrown in C:\xampp\htdocs\api\index.php on line 8
[08-Mar-2023 12:17:27 Europe/Berlin] PHP Fatal error:  Uncaught mysqli_sql_exception: Only one usage of each socket address (protocol/network address/port) is normally permitted in C:\xampp\htdocs\api\index.php:8
Stack trace:
#0 C:\xampp\htdocs\api\index.php(8): mysqli_connect('localhost', 'root', '', 'project')
#1 C:\xampp\htdocs\api\fetchdata.php(2): include('C:\\xampp\\htdocs...')
#2 {main}
  thrown in C:\xampp\htdocs\api\index.php on line 8
[08-Mar-2023 12:17:27 Europe/Berlin] PHP Fatal error:  Uncaught mysqli_sql_exception: Only one usage of each socket address (protocol/network address/port) is normally permitted in C:\xampp\htdocs\api\index.php:8
Stack trace:
#0 C:\xampp\htdocs\api\index.php(8): mysqli_connect('localhost', 'root', '', 'project')
#1 C:\xampp\htdocs\api\fetchdata.php(2): include('C:\\xampp\\htdocs...')
#2 {main}
  thrown in C:\xampp\htdocs\api\index.php on line 8
[08-Mar-2023 12:17:27 Europe/Berlin] PHP Fatal error:  Uncaught mysqli_sql_exception: Only one usage of each socket address (protocol/network address/port) is normally permitted in C:\xampp\htdocs\api\index.php:8
Stack trace:
#0 C:\xampp\htdocs\api\index.php(8): mysqli_connect('localhost', 'root', '', 'project')
#1 C:\xampp\htdocs\api\fetchdata.php(2): include('C:\\xampp\\htdocs...')
#2 {main}
  thrown in C:\xampp\htdocs\api\index.php on line 8
[08-Mar-2023 12:17:27 Europe/Berlin] PHP Fatal error:  Uncaught mysqli_sql_exception: Only one usage of each socket address (protocol/network address/port) is normally permitted in C:\xampp\htdocs\api\index.php:8
Stack trace:
#0 C:\xampp\htdocs\api\index.php(8): mysqli_connect('localhost', 'root', '', 'project')
#1 C:\xampp\htdocs\api\fetchdata.php(2): include('C:\\xampp\\htdocs...')
#2 {main}
  thrown in C:\xampp\htdocs\api\index.php on line 8
[08-Mar-2023 12:17:27 Europe/Berlin] PHP Fatal error:  Uncaught mysqli_sql_exception: Only one usage of each socket address (protocol/network address/port) is normally permitted in C:\xampp\htdocs\api\index.php:8
Stack trace:
#0 C:\xampp\htdocs\api\index.php(8): mysqli_connect('localhost', 'root', '', 'project')
#1 C:\xampp\htdocs\api\fetchdata.php(2): include('C:\\xampp\\htdocs...')
#2 {main}
  thrown in C:\xampp\htdocs\api\index.php on line 8
[08-Mar-2023 12:17:27 Europe/Berlin] PHP Fatal error:  Uncaught mysqli_sql_exception: Only one usage of each socket address (protocol/network address/port) is normally permitted in C:\xampp\htdocs\api\index.php:8
Stack trace:
#0 C:\xampp\htdocs\api\index.php(8): mysqli_connect('localhost', 'root', '', 'project')
#1 C:\xampp\htdocs\api\fetchdata.php(2): include('C:\\xampp\\htdocs...')
#2 {main}
  thrown in C:\xampp\htdocs\api\index.php on line 8
[08-Mar-2023 12:17:27 Europe/Berlin] PHP Fatal error:  Uncaught mysqli_sql_exception: Only one usage of each socket address (protocol/network address/port) is normally permitted in C:\xampp\htdocs\api\index.php:8
Stack trace:
#0 C:\xampp\htdocs\api\index.php(8): mysqli_connect('localhost', 'root', '', 'project')
#1 C:\xampp\htdocs\api\fetchdata.php(2): include('C:\\xampp\\htdocs...')
#2 {main}
  thrown in C:\xampp\htdocs\api\index.php on line 8
[08-Mar-2023 12:17:27 Europe/Berlin] PHP Fatal error:  Uncaught mysqli_sql_exception: Only one usage of each socket address (protocol/network address/port) is normally permitted in C:\xampp\htdocs\api\index.php:8
Stack trace:
#0 C:\xampp\htdocs\api\index.php(8): mysqli_connect('localhost', 'root', '', 'project')
#1 C:\xampp\htdocs\api\fetchdata.php(2): include('C:\\xampp\\htdocs...')
#2 {main}
  thrown in C:\xampp\htdocs\api\index.php on line 8
[08-Mar-2023 12:17:27 Europe/Berlin] PHP Fatal error:  Uncaught mysqli_sql_exception: Only one usage of each socket address (protocol/network address/port) is normally permitted in C:\xampp\htdocs\api\index.php:8
Stack trace:
#0 C:\xampp\htdocs\api\index.php(8): mysqli_connect('localhost', 'root', '', 'project')
#1 C:\xampp\htdocs\api\fetchdata.php(2): include('C:\\xampp\\htdocs...')
#2 {main}
  thrown in C:\xampp\htdocs\api\index.php on line 8
[08-Mar-2023 12:17:27 Europe/Berlin] PHP Fatal error:  Uncaught mysqli_sql_exception: Only one usage of each socket address (protocol/network address/port) is normally permitted in C:\xampp\htdocs\api\index.php:8
Stack trace:
#0 C:\xampp\htdocs\api\index.php(8): mysqli_connect('localhost', 'root', '', 'project')
#1 C:\xampp\htdocs\api\fetchdata.php(2): include('C:\\xampp\\htdocs...')
#2 {main}
  thrown in C:\xampp\htdocs\api\index.php on line 8
[08-Mar-2023 12:17:27 Europe/Berlin] PHP Fatal error:  Uncaught mysqli_sql_exception: Only one usage of each socket address (protocol/network address/port) is normally permitted in C:\xampp\htdocs\api\index.php:8
Stack trace:
#0 C:\xampp\htdocs\api\index.php(8): mysqli_connect('localhost', 'root', '', 'project')
#1 C:\xampp\htdocs\api\fetchdata.php(2): include('C:\\xampp\\htdocs...')
#2 {main}
  thrown in C:\xampp\htdocs\api\index.php on line 8
[08-Mar-2023 12:17:27 Europe/Berlin] PHP Fatal error:  Uncaught mysqli_sql_exception: Only one usage of each socket address (protocol/network address/port) is normally permitted in C:\xampp\htdocs\api\index.php:8
Stack trace:
#0 C:\xampp\htdocs\api\index.php(8): mysqli_connect('localhost', 'root', '', 'project')
#1 C:\xampp\htdocs\api\fetchdata.php(2): include('C:\\xampp\\htdocs...')
#2 {main}
  thrown in C:\xampp\htdocs\api\index.php on line 8
[08-Mar-2023 12:17:27 Europe/Berlin] PHP Fatal error:  Uncaught mysqli_sql_exception: Only one usage of each socket address (protocol/network address/port) is normally permitted in C:\xampp\htdocs\api\index.php:8
Stack trace:
#0 C:\xampp\htdocs\api\index.php(8): mysqli_connect('localhost', 'root', '', 'project')
#1 C:\xampp\htdocs\api\fetchdata.php(2): include('C:\\xampp\\htdocs...')
#2 {main}
  thrown in C:\xampp\htdocs\api\index.php on line 8
[08-Mar-2023 12:17:27 Europe/Berlin] PHP Fatal error:  Uncaught mysqli_sql_exception: Only one usage of each socket address (protocol/network address/port) is normally permitted in C:\xampp\htdocs\api\index.php:8
Stack trace:
#0 C:\xampp\htdocs\api\index.php(8): mysqli_connect('localhost', 'root', '', 'project')
#1 C:\xampp\htdocs\api\fetchdata.php(2): include('C:\\xampp\\htdocs...')
#2 {main}
  thrown in C:\xampp\htdocs\api\index.php on line 8
[08-Mar-2023 12:17:27 Europe/Berlin] PHP Fatal error:  Uncaught mysqli_sql_exception: Only one usage of each socket address (protocol/network address/port) is normally permitted in C:\xampp\htdocs\api\index.php:8
Stack trace:
#0 C:\xampp\htdocs\api\index.php(8): mysqli_connect('localhost', 'root', '', 'project')
#1 C:\xampp\htdocs\api\fetchdata.php(2): include('C:\\xampp\\htdocs...')
#2 {main}
  thrown in C:\xampp\htdocs\api\index.php on line 8
[08-Mar-2023 12:17:27 Europe/Berlin] PHP Fatal error:  Uncaught mysqli_sql_exception: Only one usage of each socket address (protocol/network address/port) is normally permitted in C:\xampp\htdocs\api\index.php:8
Stack trace:
#0 C:\xampp\htdocs\api\index.php(8): mysqli_connect('localhost', 'root', '', 'project')
#1 C:\xampp\htdocs\api\fetchdata.php(2): include('C:\\xampp\\htdocs...')
#2 {main}
  thrown in C:\xampp\htdocs\api\index.php on line 8
[08-Mar-2023 12:17:27 Europe/Berlin] PHP Fatal error:  Uncaught mysqli_sql_exception: Only one usage of each socket address (protocol/network address/port) is normally permitted in C:\xampp\htdocs\api\index.php:8
Stack trace:
#0 C:\xampp\htdocs\api\index.php(8): mysqli_connect('localhost', 'root', '', 'project')
#1 C:\xampp\htdocs\api\fetchdata.php(2): include('C:\\xampp\\htdocs...')
#2 {main}
  thrown in C:\xampp\htdocs\api\index.php on line 8
[08-Mar-2023 12:17:27 Europe/Berlin] PHP Fatal error:  Uncaught mysqli_sql_exception: Only one usage of each socket address (protocol/network address/port) is normally permitted in C:\xampp\htdocs\api\index.php:8
Stack trace:
#0 C:\xampp\htdocs\api\index.php(8): mysqli_connect('localhost', 'root', '', 'project')
#1 C:\xampp\htdocs\api\fetchdata.php(2): include('C:\\xampp\\htdocs...')
#2 {main}
  thrown in C:\xampp\htdocs\api\index.php on line 8
[08-Mar-2023 12:17:27 Europe/Berlin] PHP Fatal error:  Uncaught mysqli_sql_exception: Only one usage of each socket address (protocol/network address/port) is normally permitted in C:\xampp\htdocs\api\index.php:8
Stack trace:
#0 C:\xampp\htdocs\api\index.php(8): mysqli_connect('localhost', 'root', '', 'project')
#1 C:\xampp\htdocs\api\fetchdata.php(2): include('C:\\xampp\\htdocs...')
#2 {main}
  thrown in C:\xampp\htdocs\api\index.php on line 8
[08-Mar-2023 12:17:27 Europe/Berlin] PHP Fatal error:  Uncaught mysqli_sql_exception: Only one usage of each socket address (protocol/network address/port) is normally permitted in C:\xampp\htdocs\api\index.php:8
Stack trace:
#0 C:\xampp\htdocs\api\index.php(8): mysqli_connect('localhost', 'root', '', 'project')
#1 C:\xampp\htdocs\api\fetchdata.php(2): include('C:\\xampp\\htdocs...')
#2 {main}
  thrown in C:\xampp\htdocs\api\index.php on line 8
[08-Mar-2023 12:17:27 Europe/Berlin] PHP Fatal error:  Uncaught mysqli_sql_exception: Only one usage of each socket address (protocol/network address/port) is normally permitted in C:\xampp\htdocs\api\index.php:8
Stack trace:
#0 C:\xampp\htdocs\api\index.php(8): mysqli_connect('localhost', 'root', '', 'project')
#1 C:\xampp\htdocs\api\fetchdata.php(2): include('C:\\xampp\\htdocs...')
#2 {main}
  thrown in C:\xampp\htdocs\api\index.php on line 8
[08-Mar-2023 12:17:27 Europe/Berlin] PHP Fatal error:  Uncaught mysqli_sql_exception: Only one usage of each socket address (protocol/network address/port) is normally permitted in C:\xampp\htdocs\api\index.php:8
Stack trace:
#0 C:\xampp\htdocs\api\index.php(8): mysqli_connect('localhost', 'root', '', 'project')
#1 C:\xampp\htdocs\api\fetchdata.php(2): include('C:\\xampp\\htdocs...')
#2 {main}
  thrown in C:\xampp\htdocs\api\index.php on line 8
[08-Mar-2023 12:17:27 Europe/Berlin] PHP Fatal error:  Uncaught mysqli_sql_exception: Only one usage of each socket address (protocol/network address/port) is normally permitted in C:\xampp\htdocs\api\index.php:8
Stack trace:
#0 C:\xampp\htdocs\api\index.php(8): mysqli_connect('localhost', 'root', '', 'project')
#1 C:\xampp\htdocs\api\fetchdata.php(2): include('C:\\xampp\\htdocs...')
#2 {main}
  thrown in C:\xampp\htdocs\api\index.php on line 8
[08-Mar-2023 12:17:27 Europe/Berlin] PHP Fatal error:  Uncaught mysqli_sql_exception: Only one usage of each socket address (protocol/network address/port) is normally permitted in C:\xampp\htdocs\api\index.php:8
Stack trace:
#0 C:\xampp\htdocs\api\index.php(8): mysqli_connect('localhost', 'root', '', 'project')
#1 C:\xampp\htdocs\api\fetchdata.php(2): include('C:\\xampp\\htdocs...')
#2 {main}
  thrown in C:\xampp\htdocs\api\index.php on line 8
[08-Mar-2023 12:17:27 Europe/Berlin] PHP Fatal error:  Uncaught mysqli_sql_exception: Only one usage of each socket address (protocol/network address/port) is normally permitted in C:\xampp\htdocs\api\index.php:8
Stack trace:
#0 C:\xampp\htdocs\api\index.php(8): mysqli_connect('localhost', 'root', '', 'project')
#1 C:\xampp\htdocs\api\fetchdata.php(2): include('C:\\xampp\\htdocs...')
#2 {main}
  thrown in C:\xampp\htdocs\api\index.php on line 8
[08-Mar-2023 12:17:27 Europe/Berlin] PHP Fatal error:  Uncaught mysqli_sql_exception: Only one usage of each socket address (protocol/network address/port) is normally permitted in C:\xampp\htdocs\api\index.php:8
Stack trace:
#0 C:\xampp\htdocs\api\index.php(8): mysqli_connect('localhost', 'root', '', 'project')
#1 C:\xampp\htdocs\api\fetchdata.php(2): include('C:\\xampp\\htdocs...')
#2 {main}
  thrown in C:\xampp\htdocs\api\index.php on line 8
[08-Mar-2023 12:17:27 Europe/Berlin] PHP Fatal error:  Uncaught mysqli_sql_exception: Only one usage of each socket address (protocol/network address/port) is normally permitted in C:\xampp\htdocs\api\index.php:8
Stack trace:
#0 C:\xampp\htdocs\api\index.php(8): mysqli_connect('localhost', 'root', '', 'project')
#1 C:\xampp\htdocs\api\fetchdata.php(2): include('C:\\xampp\\htdocs...')
#2 {main}
  thrown in C:\xampp\htdocs\api\index.php on line 8
[08-Mar-2023 12:17:27 Europe/Berlin] PHP Fatal error:  Uncaught mysqli_sql_exception: Only one usage of each socket address (protocol/network address/port) is normally permitted in C:\xampp\htdocs\api\index.php:8
Stack trace:
#0 C:\xampp\htdocs\api\index.php(8): mysqli_connect('localhost', 'root', '', 'project')
#1 C:\xampp\htdocs\api\fetchdata.php(2): include('C:\\xampp\\htdocs...')
#2 {main}
  thrown in C:\xampp\htdocs\api\index.php on line 8
[08-Mar-2023 12:17:27 Europe/Berlin] PHP Fatal error:  Uncaught mysqli_sql_exception: Only one usage of each socket address (protocol/network address/port) is normally permitted in C:\xampp\htdocs\api\index.php:8
Stack trace:
#0 C:\xampp\htdocs\api\index.php(8): mysqli_connect('localhost', 'root', '', 'project')
#1 C:\xampp\htdocs\api\fetchdata.php(2): include('C:\\xampp\\htdocs...')
#2 {main}
  thrown in C:\xampp\htdocs\api\index.php on line 8
[08-Mar-2023 12:17:27 Europe/Berlin] PHP Fatal error:  Uncaught mysqli_sql_exception: Only one usage of each socket address (protocol/network address/port) is normally permitted in C:\xampp\htdocs\api\index.php:8
Stack trace:
#0 C:\xampp\htdocs\api\index.php(8): mysqli_connect('localhost', 'root', '', 'project')
#1 C:\xampp\htdocs\api\fetchdata.php(2): include('C:\\xampp\\htdocs...')
#2 {main}
  thrown in C:\xampp\htdocs\api\index.php on line 8
[08-Mar-2023 12:17:27 Europe/Berlin] PHP Fatal error:  Uncaught mysqli_sql_exception: Only one usage of each socket address (protocol/network address/port) is normally permitted in C:\xampp\htdocs\api\index.php:8
Stack trace:
#0 C:\xampp\htdocs\api\index.php(8): mysqli_connect('localhost', 'root', '', 'project')
#1 C:\xampp\htdocs\api\fetchdata.php(2): include('C:\\xampp\\htdocs...')
#2 {main}
  thrown in C:\xampp\htdocs\api\index.php on line 8
[08-Mar-2023 12:17:27 Europe/Berlin] PHP Fatal error:  Uncaught mysqli_sql_exception: Only one usage of each socket address (protocol/network address/port) is normally permitted in C:\xampp\htdocs\api\index.php:8
Stack trace:
#0 C:\xampp\htdocs\api\index.php(8): mysqli_connect('localhost', 'root', '', 'project')
#1 C:\xampp\htdocs\api\fetchdata.php(2): include('C:\\xampp\\htdocs...')
#2 {main}
  thrown in C:\xampp\htdocs\api\index.php on line 8
[08-Mar-2023 12:17:27 Europe/Berlin] PHP Fatal error:  Uncaught mysqli_sql_exception: Only one usage of each socket address (protocol/network address/port) is normally permitted in C:\xampp\htdocs\api\index.php:8
Stack trace:
#0 C:\xampp\htdocs\api\index.php(8): mysqli_connect('localhost', 'root', '', 'project')
#1 C:\xampp\htdocs\api\fetchdata.php(2): include('C:\\xampp\\htdocs...')
#2 {main}
  thrown in C:\xampp\htdocs\api\index.php on line 8
[08-Mar-2023 12:17:27 Europe/Berlin] PHP Fatal error:  Uncaught mysqli_sql_exception: Only one usage of each socket address (protocol/network address/port) is normally permitted in C:\xampp\htdocs\api\index.php:8
Stack trace:
#0 C:\xampp\htdocs\api\index.php(8): mysqli_connect('localhost', 'root', '', 'project')
#1 C:\xampp\htdocs\api\fetchdata.php(2): include('C:\\xampp\\htdocs...')
#2 {main}
  thrown in C:\xampp\htdocs\api\index.php on line 8
[08-Mar-2023 12:17:27 Europe/Berlin] PHP Fatal error:  Uncaught mysqli_sql_exception: Only one usage of each socket address (protocol/network address/port) is normally permitted in C:\xampp\htdocs\api\index.php:8
Stack trace:
#0 C:\xampp\htdocs\api\index.php(8): mysqli_connect('localhost', 'root', '', 'project')
#1 C:\xampp\htdocs\api\fetchdata.php(2): include('C:\\xampp\\htdocs...')
#2 {main}
  thrown in C:\xampp\htdocs\api\index.php on line 8
[08-Mar-2023 12:17:27 Europe/Berlin] PHP Fatal error:  Uncaught mysqli_sql_exception: Only one usage of each socket address (protocol/network address/port) is normally permitted in C:\xampp\htdocs\api\index.php:8
Stack trace:
#0 C:\xampp\htdocs\api\index.php(8): mysqli_connect('localhost', 'root', '', 'project')
#1 C:\xampp\htdocs\api\fetchdata.php(2): include('C:\\xampp\\htdocs...')
#2 {main}
  thrown in C:\xampp\htdocs\api\index.php on line 8
[08-Mar-2023 12:17:27 Europe/Berlin] PHP Fatal error:  Uncaught mysqli_sql_exception: Only one usage of each socket address (protocol/network address/port) is normally permitted in C:\xampp\htdocs\api\index.php:8
Stack trace:
#0 C:\xampp\htdocs\api\index.php(8): mysqli_connect('localhost', 'root', '', 'project')
#1 C:\xampp\htdocs\api\fetchdata.php(2): include('C:\\xampp\\htdocs...')
#2 {main}
  thrown in C:\xampp\htdocs\api\index.php on line 8
[08-Mar-2023 12:17:27 Europe/Berlin] PHP Fatal error:  Uncaught mysqli_sql_exception: Only one usage of each socket address (protocol/network address/port) is normally permitted in C:\xampp\htdocs\api\index.php:8
Stack trace:
#0 C:\xampp\htdocs\api\index.php(8): mysqli_connect('localhost', 'root', '', 'project')
#1 C:\xampp\htdocs\api\fetchdata.php(2): include('C:\\xampp\\htdocs...')
#2 {main}
  thrown in C:\xampp\htdocs\api\index.php on line 8
[08-Mar-2023 12:17:27 Europe/Berlin] PHP Fatal error:  Uncaught mysqli_sql_exception: Only one usage of each socket address (protocol/network address/port) is normally permitted in C:\xampp\htdocs\api\index.php:8
Stack trace:
#0 C:\xampp\htdocs\api\index.php(8): mysqli_connect('localhost', 'root', '', 'project')
#1 C:\xampp\htdocs\api\fetchdata.php(2): include('C:\\xampp\\htdocs...')
#2 {main}
  thrown in C:\xampp\htdocs\api\index.php on line 8
[08-Mar-2023 12:17:27 Europe/Berlin] PHP Fatal error:  Uncaught mysqli_sql_exception: Only one usage of each socket address (protocol/network address/port) is normally permitted in C:\xampp\htdocs\api\index.php:8
Stack trace:
#0 C:\xampp\htdocs\api\index.php(8): mysqli_connect('localhost', 'root', '', 'project')
#1 C:\xampp\htdocs\api\fetchdata.php(2): include('C:\\xampp\\htdocs...')
#2 {main}
  thrown in C:\xampp\htdocs\api\index.php on line 8
[08-Mar-2023 12:17:27 Europe/Berlin] PHP Fatal error:  Uncaught mysqli_sql_exception: Only one usage of each socket address (protocol/network address/port) is normally permitted in C:\xampp\htdocs\api\index.php:8
Stack trace:
#0 C:\xampp\htdocs\api\index.php(8): mysqli_connect('localhost', 'root', '', 'project')
#1 C:\xampp\htdocs\api\fetchdata.php(2): include('C:\\xampp\\htdocs...')
#2 {main}
  thrown in C:\xampp\htdocs\api\index.php on line 8
[08-Mar-2023 12:17:27 Europe/Berlin] PHP Fatal error:  Uncaught mysqli_sql_exception: Only one usage of each socket address (protocol/network address/port) is normally permitted in C:\xampp\htdocs\api\index.php:8
Stack trace:
#0 C:\xampp\htdocs\api\index.php(8): mysqli_connect('localhost', 'root', '', 'project')
#1 C:\xampp\htdocs\api\fetchdata.php(2): include('C:\\xampp\\htdocs...')
#2 {main}
  thrown in C:\xampp\htdocs\api\index.php on line 8
[08-Mar-2023 12:17:27 Europe/Berlin] PHP Fatal error:  Uncaught mysqli_sql_exception: Only one usage of each socket address (protocol/network address/port) is normally permitted in C:\xampp\htdocs\api\index.php:8
Stack trace:
#0 C:\xampp\htdocs\api\index.php(8): mysqli_connect('localhost', 'root', '', 'project')
#1 C:\xampp\htdocs\api\fetchdata.php(2): include('C:\\xampp\\htdocs...')
#2 {main}
  thrown in C:\xampp\htdocs\api\index.php on line 8
[08-Mar-2023 12:17:27 Europe/Berlin] PHP Fatal error:  Uncaught mysqli_sql_exception: Only one usage of each socket address (protocol/network address/port) is normally permitted in C:\xampp\htdocs\api\index.php:8
Stack trace:
#0 C:\xampp\htdocs\api\index.php(8): mysqli_connect('localhost', 'root', '', 'project')
#1 C:\xampp\htdocs\api\fetchdata.php(2): include('C:\\xampp\\htdocs...')
#2 {main}
  thrown in C:\xampp\htdocs\api\index.php on line 8
[08-Mar-2023 12:17:27 Europe/Berlin] PHP Fatal error:  Uncaught mysqli_sql_exception: Only one usage of each socket address (protocol/network address/port) is normally permitted in C:\xampp\htdocs\api\index.php:8
Stack trace:
#0 C:\xampp\htdocs\api\index.php(8): mysqli_connect('localhost', 'root', '', 'project')
#1 C:\xampp\htdocs\api\fetchdata.php(2): include('C:\\xampp\\htdocs...')
#2 {main}
  thrown in C:\xampp\htdocs\api\index.php on line 8
[08-Mar-2023 12:17:27 Europe/Berlin] PHP Fatal error:  Uncaught mysqli_sql_exception: Only one usage of each socket address (protocol/network address/port) is normally permitted in C:\xampp\htdocs\api\index.php:8
Stack trace:
#0 C:\xampp\htdocs\api\index.php(8): mysqli_connect('localhost', 'root', '', 'project')
#1 C:\xampp\htdocs\api\fetchdata.php(2): include('C:\\xampp\\htdocs...')
#2 {main}
  thrown in C:\xampp\htdocs\api\index.php on line 8
[08-Mar-2023 12:17:27 Europe/Berlin] PHP Fatal error:  Uncaught mysqli_sql_exception: Only one usage of each socket address (protocol/network address/port) is normally permitted in C:\xampp\htdocs\api\index.php:8
Stack trace:
#0 C:\xampp\htdocs\api\index.php(8): mysqli_connect('localhost', 'root', '', 'project')
#1 C:\xampp\htdocs\api\fetchdata.php(2): include('C:\\xampp\\htdocs...')
#2 {main}
  thrown in C:\xampp\htdocs\api\index.php on line 8
[08-Mar-2023 12:17:27 Europe/Berlin] PHP Fatal error:  Uncaught mysqli_sql_exception: Only one usage of each socket address (protocol/network address/port) is normally permitted in C:\xampp\htdocs\api\index.php:8
Stack trace:
#0 C:\xampp\htdocs\api\index.php(8): mysqli_connect('localhost', 'root', '', 'project')
#1 C:\xampp\htdocs\api\fetchdata.php(2): include('C:\\xampp\\htdocs...')
#2 {main}
  thrown in C:\xampp\htdocs\api\index.php on line 8
[08-Mar-2023 12:17:27 Europe/Berlin] PHP Fatal error:  Uncaught mysqli_sql_exception: Only one usage of each socket address (protocol/network address/port) is normally permitted in C:\xampp\htdocs\api\index.php:8
Stack trace:
#0 C:\xampp\htdocs\api\index.php(8): mysqli_connect('localhost', 'root', '', 'project')
#1 C:\xampp\htdocs\api\fetchdata.php(2): include('C:\\xampp\\htdocs...')
#2 {main}
  thrown in C:\xampp\htdocs\api\index.php on line 8
[08-Mar-2023 12:17:27 Europe/Berlin] PHP Fatal error:  Uncaught mysqli_sql_exception: Only one usage of each socket address (protocol/network address/port) is normally permitted in C:\xampp\htdocs\api\index.php:8
Stack trace:
#0 C:\xampp\htdocs\api\index.php(8): mysqli_connect('localhost', 'root', '', 'project')
#1 C:\xampp\htdocs\api\fetchdata.php(2): include('C:\\xampp\\htdocs...')
#2 {main}
  thrown in C:\xampp\htdocs\api\index.php on line 8
[08-Mar-2023 12:17:28 Europe/Berlin] PHP Fatal error:  Uncaught mysqli_sql_exception: Only one usage of each socket address (protocol/network address/port) is normally permitted in C:\xampp\htdocs\api\index.php:8
Stack trace:
#0 C:\xampp\htdocs\api\index.php(8): mysqli_connect('localhost', 'root', '', 'project')
#1 C:\xampp\htdocs\api\fetchdata.php(2): include('C:\\xampp\\htdocs...')
#2 {main}
  thrown in C:\xampp\htdocs\api\index.php on line 8
[08-Mar-2023 12:17:28 Europe/Berlin] PHP Fatal error:  Uncaught mysqli_sql_exception: Only one usage of each socket address (protocol/network address/port) is normally permitted in C:\xampp\htdocs\api\index.php:8
Stack trace:
#0 C:\xampp\htdocs\api\index.php(8): mysqli_connect('localhost', 'root', '', 'project')
#1 C:\xampp\htdocs\api\fetchdata.php(2): include('C:\\xampp\\htdocs...')
#2 {main}
  thrown in C:\xampp\htdocs\api\index.php on line 8
[08-Mar-2023 12:17:28 Europe/Berlin] PHP Fatal error:  Uncaught mysqli_sql_exception: Only one usage of each socket address (protocol/network address/port) is normally permitted in C:\xampp\htdocs\api\index.php:8
Stack trace:
#0 C:\xampp\htdocs\api\index.php(8): mysqli_connect('localhost', 'root', '', 'project')
#1 C:\xampp\htdocs\api\fetchdata.php(2): include('C:\\xampp\\htdocs...')
#2 {main}
  thrown in C:\xampp\htdocs\api\index.php on line 8
[08-Mar-2023 12:17:28 Europe/Berlin] PHP Fatal error:  Uncaught mysqli_sql_exception: Only one usage of each socket address (protocol/network address/port) is normally permitted in C:\xampp\htdocs\api\index.php:8
Stack trace:
#0 C:\xampp\htdocs\api\index.php(8): mysqli_connect('localhost', 'root', '', 'project')
#1 C:\xampp\htdocs\api\fetchdata.php(2): include('C:\\xampp\\htdocs...')
#2 {main}
  thrown in C:\xampp\htdocs\api\index.php on line 8
[08-Mar-2023 12:17:28 Europe/Berlin] PHP Fatal error:  Uncaught mysqli_sql_exception: Only one usage of each socket address (protocol/network address/port) is normally permitted in C:\xampp\htdocs\api\index.php:8
Stack trace:
#0 C:\xampp\htdocs\api\index.php(8): mysqli_connect('localhost', 'root', '', 'project')
#1 C:\xampp\htdocs\api\fetchdata.php(2): include('C:\\xampp\\htdocs...')
#2 {main}
  thrown in C:\xampp\htdocs\api\index.php on line 8
[08-Mar-2023 12:17:28 Europe/Berlin] PHP Fatal error:  Uncaught mysqli_sql_exception: Only one usage of each socket address (protocol/network address/port) is normally permitted in C:\xampp\htdocs\api\index.php:8
Stack trace:
#0 C:\xampp\htdocs\api\index.php(8): mysqli_connect('localhost', 'root', '', 'project')
#1 C:\xampp\htdocs\api\fetchdata.php(2): include('C:\\xampp\\htdocs...')
#2 {main}
  thrown in C:\xampp\htdocs\api\index.php on line 8
[08-Mar-2023 12:17:28 Europe/Berlin] PHP Fatal error:  Uncaught mysqli_sql_exception: Only one usage of each socket address (protocol/network address/port) is normally permitted in C:\xampp\htdocs\api\index.php:8
Stack trace:
#0 C:\xampp\htdocs\api\index.php(8): mysqli_connect('localhost', 'root', '', 'project')
#1 C:\xampp\htdocs\api\fetchdata.php(2): include('C:\\xampp\\htdocs...')
#2 {main}
  thrown in C:\xampp\htdocs\api\index.php on line 8
[08-Mar-2023 12:17:28 Europe/Berlin] PHP Fatal error:  Uncaught mysqli_sql_exception: Only one usage of each socket address (protocol/network address/port) is normally permitted in C:\xampp\htdocs\api\index.php:8
Stack trace:
#0 C:\xampp\htdocs\api\index.php(8): mysqli_connect('localhost', 'root', '', 'project')
#1 C:\xampp\htdocs\api\fetchdata.php(2): include('C:\\xampp\\htdocs...')
#2 {main}
  thrown in C:\xampp\htdocs\api\index.php on line 8
[08-Mar-2023 12:17:28 Europe/Berlin] PHP Fatal error:  Uncaught mysqli_sql_exception: Only one usage of each socket address (protocol/network address/port) is normally permitted in C:\xampp\htdocs\api\index.php:8
Stack trace:
#0 C:\xampp\htdocs\api\index.php(8): mysqli_connect('localhost', 'root', '', 'project')
#1 C:\xampp\htdocs\api\fetchdata.php(2): include('C:\\xampp\\htdocs...')
#2 {main}
  thrown in C:\xampp\htdocs\api\index.php on line 8
[08-Mar-2023 12:17:28 Europe/Berlin] PHP Fatal error:  Uncaught mysqli_sql_exception: Only one usage of each socket address (protocol/network address/port) is normally permitted in C:\xampp\htdocs\api\index.php:8
Stack trace:
#0 C:\xampp\htdocs\api\index.php(8): mysqli_connect('localhost', 'root', '', 'project')
#1 C:\xampp\htdocs\api\fetchdata.php(2): include('C:\\xampp\\htdocs...')
#2 {main}
  thrown in C:\xampp\htdocs\api\index.php on line 8
[08-Mar-2023 12:17:28 Europe/Berlin] PHP Fatal error:  Uncaught mysqli_sql_exception: Only one usage of each socket address (protocol/network address/port) is normally permitted in C:\xampp\htdocs\api\index.php:8
Stack trace:
#0 C:\xampp\htdocs\api\index.php(8): mysqli_connect('localhost', 'root', '', 'project')
#1 C:\xampp\htdocs\api\fetchdata.php(2): include('C:\\xampp\\htdocs...')
#2 {main}
  thrown in C:\xampp\htdocs\api\index.php on line 8
[08-Mar-2023 12:17:28 Europe/Berlin] PHP Fatal error:  Uncaught mysqli_sql_exception: Only one usage of each socket address (protocol/network address/port) is normally permitted in C:\xampp\htdocs\api\index.php:8
Stack trace:
#0 C:\xampp\htdocs\api\index.php(8): mysqli_connect('localhost', 'root', '', 'project')
#1 C:\xampp\htdocs\api\fetchdata.php(2): include('C:\\xampp\\htdocs...')
#2 {main}
  thrown in C:\xampp\htdocs\api\index.php on line 8
[08-Mar-2023 12:17:28 Europe/Berlin] PHP Fatal error:  Uncaught mysqli_sql_exception: Only one usage of each socket address (protocol/network address/port) is normally permitted in C:\xampp\htdocs\api\index.php:8
Stack trace:
#0 C:\xampp\htdocs\api\index.php(8): mysqli_connect('localhost', 'root', '', 'project')
#1 C:\xampp\htdocs\api\fetchdata.php(2): include('C:\\xampp\\htdocs...')
#2 {main}
  thrown in C:\xampp\htdocs\api\index.php on line 8
[08-Mar-2023 12:17:28 Europe/Berlin] PHP Fatal error:  Uncaught mysqli_sql_exception: Only one usage of each socket address (protocol/network address/port) is normally permitted in C:\xampp\htdocs\api\index.php:8
Stack trace:
#0 C:\xampp\htdocs\api\index.php(8): mysqli_connect('localhost', 'root', '', 'project')
#1 C:\xampp\htdocs\api\fetchdata.php(2): include('C:\\xampp\\htdocs...')
#2 {main}
  thrown in C:\xampp\htdocs\api\index.php on line 8
[08-Mar-2023 12:17:28 Europe/Berlin] PHP Fatal error:  Uncaught mysqli_sql_exception: Only one usage of each socket address (protocol/network address/port) is normally permitted in C:\xampp\htdocs\api\index.php:8
Stack trace:
#0 C:\xampp\htdocs\api\index.php(8): mysqli_connect('localhost', 'root', '', 'project')
#1 C:\xampp\htdocs\api\fetchdata.php(2): include('C:\\xampp\\htdocs...')
#2 {main}
  thrown in C:\xampp\htdocs\api\index.php on line 8
[08-Mar-2023 12:17:28 Europe/Berlin] PHP Fatal error:  Uncaught mysqli_sql_exception: Only one usage of each socket address (protocol/network address/port) is normally permitted in C:\xampp\htdocs\api\index.php:8
Stack trace:
#0 C:\xampp\htdocs\api\index.php(8): mysqli_connect('localhost', 'root', '', 'project')
#1 C:\xampp\htdocs\api\fetchdata.php(2): include('C:\\xampp\\htdocs...')
#2 {main}
  thrown in C:\xampp\htdocs\api\index.php on line 8
[08-Mar-2023 12:17:29 Europe/Berlin] PHP Fatal error:  Uncaught mysqli_sql_exception: Only one usage of each socket address (protocol/network address/port) is normally permitted in C:\xampp\htdocs\api\index.php:8
Stack trace:
#0 C:\xampp\htdocs\api\index.php(8): mysqli_connect('localhost', 'root', '', 'project')
#1 C:\xampp\htdocs\api\fetchdata.php(2): include('C:\\xampp\\htdocs...')
#2 {main}
  thrown in C:\xampp\htdocs\api\index.php on line 8
[08-Mar-2023 12:17:29 Europe/Berlin] PHP Fatal error:  Uncaught mysqli_sql_exception: Only one usage of each socket address (protocol/network address/port) is normally permitted in C:\xampp\htdocs\api\index.php:8
Stack trace:
#0 C:\xampp\htdocs\api\index.php(8): mysqli_connect('localhost', 'root', '', 'project')
#1 C:\xampp\htdocs\api\fetchdata.php(2): include('C:\\xampp\\htdocs...')
#2 {main}
  thrown in C:\xampp\htdocs\api\index.php on line 8
[08-Mar-2023 12:17:29 Europe/Berlin] PHP Fatal error:  Uncaught mysqli_sql_exception: Only one usage of each socket address (protocol/network address/port) is normally permitted in C:\xampp\htdocs\api\index.php:8
Stack trace:
#0 C:\xampp\htdocs\api\index.php(8): mysqli_connect('localhost', 'root', '', 'project')
#1 C:\xampp\htdocs\api\fetchdata.php(2): include('C:\\xampp\\htdocs...')
#2 {main}
  thrown in C:\xampp\htdocs\api\index.php on line 8
[08-Mar-2023 12:17:29 Europe/Berlin] PHP Fatal error:  Uncaught mysqli_sql_exception: Only one usage of each socket address (protocol/network address/port) is normally permitted in C:\xampp\htdocs\api\index.php:8
Stack trace:
#0 C:\xampp\htdocs\api\index.php(8): mysqli_connect('localhost', 'root', '', 'project')
#1 C:\xampp\htdocs\api\fetchdata.php(2): include('C:\\xampp\\htdocs...')
#2 {main}
  thrown in C:\xampp\htdocs\api\index.php on line 8
[08-Mar-2023 12:17:29 Europe/Berlin] PHP Fatal error:  Uncaught mysqli_sql_exception: Only one usage of each socket address (protocol/network address/port) is normally permitted in C:\xampp\htdocs\api\index.php:8
Stack trace:
#0 C:\xampp\htdocs\api\index.php(8): mysqli_connect('localhost', 'root', '', 'project')
#1 C:\xampp\htdocs\api\fetchdata.php(2): include('C:\\xampp\\htdocs...')
#2 {main}
  thrown in C:\xampp\htdocs\api\index.php on line 8
[08-Mar-2023 12:17:29 Europe/Berlin] PHP Fatal error:  Uncaught mysqli_sql_exception: Only one usage of each socket address (protocol/network address/port) is normally permitted in C:\xampp\htdocs\api\index.php:8
Stack trace:
#0 C:\xampp\htdocs\api\index.php(8): mysqli_connect('localhost', 'root', '', 'project')
#1 C:\xampp\htdocs\api\fetchdata.php(2): include('C:\\xampp\\htdocs...')
#2 {main}
  thrown in C:\xampp\htdocs\api\index.php on line 8
[08-Mar-2023 12:17:29 Europe/Berlin] PHP Fatal error:  Uncaught mysqli_sql_exception: Only one usage of each socket address (protocol/network address/port) is normally permitted in C:\xampp\htdocs\api\index.php:8
Stack trace:
#0 C:\xampp\htdocs\api\index.php(8): mysqli_connect('localhost', 'root', '', 'project')
#1 C:\xampp\htdocs\api\fetchdata.php(2): include('C:\\xampp\\htdocs...')
#2 {main}
  thrown in C:\xampp\htdocs\api\index.php on line 8
[08-Mar-2023 12:17:29 Europe/Berlin] PHP Fatal error:  Uncaught mysqli_sql_exception: Only one usage of each socket address (protocol/network address/port) is normally permitted in C:\xampp\htdocs\api\index.php:8
Stack trace:
#0 C:\xampp\htdocs\api\index.php(8): mysqli_connect('localhost', 'root', '', 'project')
#1 C:\xampp\htdocs\api\fetchdata.php(2): include('C:\\xampp\\htdocs...')
#2 {main}
  thrown in C:\xampp\htdocs\api\index.php on line 8
[08-Mar-2023 12:17:29 Europe/Berlin] PHP Fatal error:  Uncaught mysqli_sql_exception: Only one usage of each socket address (protocol/network address/port) is normally permitted in C:\xampp\htdocs\api\index.php:8
Stack trace:
#0 C:\xampp\htdocs\api\index.php(8): mysqli_connect('localhost', 'root', '', 'project')
#1 C:\xampp\htdocs\api\fetchdata.php(2): include('C:\\xampp\\htdocs...')
#2 {main}
  thrown in C:\xampp\htdocs\api\index.php on line 8
[08-Mar-2023 12:17:29 Europe/Berlin] PHP Fatal error:  Uncaught mysqli_sql_exception: Only one usage of each socket address (protocol/network address/port) is normally permitted in C:\xampp\htdocs\api\index.php:8
Stack trace:
#0 C:\xampp\htdocs\api\index.php(8): mysqli_connect('localhost', 'root', '', 'project')
#1 C:\xampp\htdocs\api\fetchdata.php(2): include('C:\\xampp\\htdocs...')
#2 {main}
  thrown in C:\xampp\htdocs\api\index.php on line 8
[08-Mar-2023 12:17:29 Europe/Berlin] PHP Fatal error:  Uncaught mysqli_sql_exception: Only one usage of each socket address (protocol/network address/port) is normally permitted in C:\xampp\htdocs\api\index.php:8
Stack trace:
#0 C:\xampp\htdocs\api\index.php(8): mysqli_connect('localhost', 'root', '', 'project')
#1 C:\xampp\htdocs\api\fetchdata.php(2): include('C:\\xampp\\htdocs...')
#2 {main}
  thrown in C:\xampp\htdocs\api\index.php on line 8
[08-Mar-2023 12:17:29 Europe/Berlin] PHP Fatal error:  Uncaught mysqli_sql_exception: Only one usage of each socket address (protocol/network address/port) is normally permitted in C:\xampp\htdocs\api\index.php:8
Stack trace:
#0 C:\xampp\htdocs\api\index.php(8): mysqli_connect('localhost', 'root', '', 'project')
#1 C:\xampp\htdocs\api\fetchdata.php(2): include('C:\\xampp\\htdocs...')
#2 {main}
  thrown in C:\xampp\htdocs\api\index.php on line 8
[08-Mar-2023 12:17:29 Europe/Berlin] PHP Fatal error:  Uncaught mysqli_sql_exception: Only one usage of each socket address (protocol/network address/port) is normally permitted in C:\xampp\htdocs\api\index.php:8
Stack trace:
#0 C:\xampp\htdocs\api\index.php(8): mysqli_connect('localhost', 'root', '', 'project')
#1 C:\xampp\htdocs\api\fetchdata.php(2): include('C:\\xampp\\htdocs...')
#2 {main}
  thrown in C:\xampp\htdocs\api\index.php on line 8
[08-Mar-2023 12:17:29 Europe/Berlin] PHP Fatal error:  Uncaught mysqli_sql_exception: Only one usage of each socket address (protocol/network address/port) is normally permitted in C:\xampp\htdocs\api\index.php:8
Stack trace:
#0 C:\xampp\htdocs\api\index.php(8): mysqli_connect('localhost', 'root', '', 'project')
#1 C:\xampp\htdocs\api\fetchdata.php(2): include('C:\\xampp\\htdocs...')
#2 {main}
  thrown in C:\xampp\htdocs\api\index.php on line 8
[08-Mar-2023 12:17:29 Europe/Berlin] PHP Fatal error:  Uncaught mysqli_sql_exception: Only one usage of each socket address (protocol/network address/port) is normally permitted in C:\xampp\htdocs\api\index.php:8
Stack trace:
#0 C:\xampp\htdocs\api\index.php(8): mysqli_connect('localhost', 'root', '', 'project')
#1 C:\xampp\htdocs\api\fetchdata.php(2): include('C:\\xampp\\htdocs...')
#2 {main}
  thrown in C:\xampp\htdocs\api\index.php on line 8
[08-Mar-2023 12:17:29 Europe/Berlin] PHP Fatal error:  Uncaught mysqli_sql_exception: Only one usage of each socket address (protocol/network address/port) is normally permitted in C:\xampp\htdocs\api\index.php:8
Stack trace:
#0 C:\xampp\htdocs\api\index.php(8): mysqli_connect('localhost', 'root', '', 'project')
#1 C:\xampp\htdocs\api\fetchdata.php(2): include('C:\\xampp\\htdocs...')
#2 {main}
  thrown in C:\xampp\htdocs\api\index.php on line 8
[08-Mar-2023 12:17:29 Europe/Berlin] PHP Fatal error:  Uncaught mysqli_sql_exception: Only one usage of each socket address (protocol/network address/port) is normally permitted in C:\xampp\htdocs\api\index.php:8
Stack trace:
#0 C:\xampp\htdocs\api\index.php(8): mysqli_connect('localhost', 'root', '', 'project')
#1 C:\xampp\htdocs\api\fetchdata.php(2): include('C:\\xampp\\htdocs...')
#2 {main}
  thrown in C:\xampp\htdocs\api\index.php on line 8
[08-Mar-2023 12:17:29 Europe/Berlin] PHP Fatal error:  Uncaught mysqli_sql_exception: Only one usage of each socket address (protocol/network address/port) is normally permitted in C:\xampp\htdocs\api\index.php:8
Stack trace:
#0 C:\xampp\htdocs\api\index.php(8): mysqli_connect('localhost', 'root', '', 'project')
#1 C:\xampp\htdocs\api\fetchdata.php(2): include('C:\\xampp\\htdocs...')
#2 {main}
  thrown in C:\xampp\htdocs\api\index.php on line 8
[08-Mar-2023 12:17:29 Europe/Berlin] PHP Fatal error:  Uncaught mysqli_sql_exception: Only one usage of each socket address (protocol/network address/port) is normally permitted in C:\xampp\htdocs\api\index.php:8
Stack trace:
#0 C:\xampp\htdocs\api\index.php(8): mysqli_connect('localhost', 'root', '', 'project')
#1 C:\xampp\htdocs\api\fetchdata.php(2): include('C:\\xampp\\htdocs...')
#2 {main}
  thrown in C:\xampp\htdocs\api\index.php on line 8
[08-Mar-2023 12:17:29 Europe/Berlin] PHP Fatal error:  Uncaught mysqli_sql_exception: Only one usage of each socket address (protocol/network address/port) is normally permitted in C:\xampp\htdocs\api\index.php:8
Stack trace:
#0 C:\xampp\htdocs\api\index.php(8): mysqli_connect('localhost', 'root', '', 'project')
#1 C:\xampp\htdocs\api\fetchdata.php(2): include('C:\\xampp\\htdocs...')
#2 {main}
  thrown in C:\xampp\htdocs\api\index.php on line 8
[08-Mar-2023 12:17:29 Europe/Berlin] PHP Fatal error:  Uncaught mysqli_sql_exception: Only one usage of each socket address (protocol/network address/port) is normally permitted in C:\xampp\htdocs\api\index.php:8
Stack trace:
#0 C:\xampp\htdocs\api\index.php(8): mysqli_connect('localhost', 'root', '', 'project')
#1 C:\xampp\htdocs\api\fetchdata.php(2): include('C:\\xampp\\htdocs...')
#2 {main}
  thrown in C:\xampp\htdocs\api\index.php on line 8
[08-Mar-2023 12:17:29 Europe/Berlin] PHP Fatal error:  Uncaught mysqli_sql_exception: Only one usage of each socket address (protocol/network address/port) is normally permitted in C:\xampp\htdocs\api\index.php:8
Stack trace:
#0 C:\xampp\htdocs\api\index.php(8): mysqli_connect('localhost', 'root', '', 'project')
#1 C:\xampp\htdocs\api\fetchdata.php(2): include('C:\\xampp\\htdocs...')
#2 {main}
  thrown in C:\xampp\htdocs\api\index.php on line 8
[08-Mar-2023 12:17:29 Europe/Berlin] PHP Fatal error:  Uncaught mysqli_sql_exception: Only one usage of each socket address (protocol/network address/port) is normally permitted in C:\xampp\htdocs\api\index.php:8
Stack trace:
#0 C:\xampp\htdocs\api\index.php(8): mysqli_connect('localhost', 'root', '', 'project')
#1 C:\xampp\htdocs\api\fetchdata.php(2): include('C:\\xampp\\htdocs...')
#2 {main}
  thrown in C:\xampp\htdocs\api\index.php on line 8
[08-Mar-2023 12:17:29 Europe/Berlin] PHP Fatal error:  Uncaught mysqli_sql_exception: Only one usage of each socket address (protocol/network address/port) is normally permitted in C:\xampp\htdocs\api\index.php:8
Stack trace:
#0 C:\xampp\htdocs\api\index.php(8): mysqli_connect('localhost', 'root', '', 'project')
#1 C:\xampp\htdocs\api\fetchdata.php(2): include('C:\\xampp\\htdocs...')
#2 {main}
  thrown in C:\xampp\htdocs\api\index.php on line 8
[08-Mar-2023 12:17:29 Europe/Berlin] PHP Fatal error:  Uncaught mysqli_sql_exception: Only one usage of each socket address (protocol/network address/port) is normally permitted in C:\xampp\htdocs\api\index.php:8
Stack trace:
#0 C:\xampp\htdocs\api\index.php(8): mysqli_connect('localhost', 'root', '', 'project')
#1 C:\xampp\htdocs\api\fetchdata.php(2): include('C:\\xampp\\htdocs...')
#2 {main}
  thrown in C:\xampp\htdocs\api\index.php on line 8
[08-Mar-2023 12:17:29 Europe/Berlin] PHP Fatal error:  Uncaught mysqli_sql_exception: Only one usage of each socket address (protocol/network address/port) is normally permitted in C:\xampp\htdocs\api\index.php:8
Stack trace:
#0 C:\xampp\htdocs\api\index.php(8): mysqli_connect('localhost', 'root', '', 'project')
#1 C:\xampp\htdocs\api\fetchdata.php(2): include('C:\\xampp\\htdocs...')
#2 {main}
  thrown in C:\xampp\htdocs\api\index.php on line 8
[08-Mar-2023 12:17:58 Europe/Berlin] PHP Fatal error:  Uncaught mysqli_sql_exception: Only one usage of each socket address (protocol/network address/port) is normally permitted in C:\xampp\htdocs\api\index.php:8
Stack trace:
#0 C:\xampp\htdocs\api\index.php(8): mysqli_connect('localhost', 'root', '', 'project')
#1 C:\xampp\htdocs\api\fetchdata.php(2): include('C:\\xampp\\htdocs...')
#2 {main}
  thrown in C:\xampp\htdocs\api\index.php on line 8
[08-Mar-2023 12:17:58 Europe/Berlin] PHP Fatal error:  Uncaught mysqli_sql_exception: Only one usage of each socket address (protocol/network address/port) is normally permitted in C:\xampp\htdocs\api\index.php:8
Stack trace:
#0 C:\xampp\htdocs\api\index.php(8): mysqli_connect('localhost', 'root', '', 'project')
#1 C:\xampp\htdocs\api\fetchdata.php(2): include('C:\\xampp\\htdocs...')
#2 {main}
  thrown in C:\xampp\htdocs\api\index.php on line 8
[08-Mar-2023 12:17:58 Europe/Berlin] PHP Fatal error:  Uncaught mysqli_sql_exception: Only one usage of each socket address (protocol/network address/port) is normally permitted in C:\xampp\htdocs\api\index.php:8
Stack trace:
#0 C:\xampp\htdocs\api\index.php(8): mysqli_connect('localhost', 'root', '', 'project')
#1 C:\xampp\htdocs\api\fetchdata.php(2): include('C:\\xampp\\htdocs...')
#2 {main}
  thrown in C:\xampp\htdocs\api\index.php on line 8
[08-Mar-2023 12:17:58 Europe/Berlin] PHP Fatal error:  Uncaught mysqli_sql_exception: Only one usage of each socket address (protocol/network address/port) is normally permitted in C:\xampp\htdocs\api\index.php:8
Stack trace:
#0 C:\xampp\htdocs\api\index.php(8): mysqli_connect('localhost', 'root', '', 'project')
#1 C:\xampp\htdocs\api\fetchdata.php(2): include('C:\\xampp\\htdocs...')
#2 {main}
  thrown in C:\xampp\htdocs\api\index.php on line 8
[08-Mar-2023 12:17:58 Europe/Berlin] PHP Fatal error:  Uncaught mysqli_sql_exception: Only one usage of each socket address (protocol/network address/port) is normally permitted in C:\xampp\htdocs\api\index.php:8
Stack trace:
#0 C:\xampp\htdocs\api\index.php(8): mysqli_connect('localhost', 'root', '', 'project')
#1 C:\xampp\htdocs\api\fetchdata.php(2): include('C:\\xampp\\htdocs...')
#2 {main}
  thrown in C:\xampp\htdocs\api\index.php on line 8
[08-Mar-2023 12:17:58 Europe/Berlin] PHP Fatal error:  Uncaught mysqli_sql_exception: Only one usage of each socket address (protocol/network address/port) is normally permitted in C:\xampp\htdocs\api\index.php:8
Stack trace:
#0 C:\xampp\htdocs\api\index.php(8): mysqli_connect('localhost', 'root', '', 'project')
#1 C:\xampp\htdocs\api\fetchdata.php(2): include('C:\\xampp\\htdocs...')
#2 {main}
  thrown in C:\xampp\htdocs\api\index.php on line 8
[08-Mar-2023 12:17:58 Europe/Berlin] PHP Fatal error:  Uncaught mysqli_sql_exception: Only one usage of each socket address (protocol/network address/port) is normally permitted in C:\xampp\htdocs\api\index.php:8
Stack trace:
#0 C:\xampp\htdocs\api\index.php(8): mysqli_connect('localhost', 'root', '', 'project')
#1 C:\xampp\htdocs\api\fetchdata.php(2): include('C:\\xampp\\htdocs...')
#2 {main}
  thrown in C:\xampp\htdocs\api\index.php on line 8
[08-Mar-2023 12:17:58 Europe/Berlin] PHP Fatal error:  Uncaught mysqli_sql_exception: Only one usage of each socket address (protocol/network address/port) is normally permitted in C:\xampp\htdocs\api\index.php:8
Stack trace:
#0 C:\xampp\htdocs\api\index.php(8): mysqli_connect('localhost', 'root', '', 'project')
#1 C:\xampp\htdocs\api\fetchdata.php(2): include('C:\\xampp\\htdocs...')
#2 {main}
  thrown in C:\xampp\htdocs\api\index.php on line 8
[08-Mar-2023 12:17:58 Europe/Berlin] PHP Fatal error:  Uncaught mysqli_sql_exception: Only one usage of each socket address (protocol/network address/port) is normally permitted in C:\xampp\htdocs\api\index.php:8
Stack trace:
#0 C:\xampp\htdocs\api\index.php(8): mysqli_connect('localhost', 'root', '', 'project')
#1 C:\xampp\htdocs\api\fetchdata.php(2): include('C:\\xampp\\htdocs...')
#2 {main}
  thrown in C:\xampp\htdocs\api\index.php on line 8
[08-Mar-2023 12:17:58 Europe/Berlin] PHP Fatal error:  Uncaught mysqli_sql_exception: Only one usage of each socket address (protocol/network address/port) is normally permitted in C:\xampp\htdocs\api\index.php:8
Stack trace:
#0 C:\xampp\htdocs\api\index.php(8): mysqli_connect('localhost', 'root', '', 'project')
#1 C:\xampp\htdocs\api\fetchdata.php(2): include('C:\\xampp\\htdocs...')
#2 {main}
  thrown in C:\xampp\htdocs\api\index.php on line 8
[08-Mar-2023 12:17:58 Europe/Berlin] PHP Fatal error:  Uncaught mysqli_sql_exception: Only one usage of each socket address (protocol/network address/port) is normally permitted in C:\xampp\htdocs\api\index.php:8
Stack trace:
#0 C:\xampp\htdocs\api\index.php(8): mysqli_connect('localhost', 'root', '', 'project')
#1 C:\xampp\htdocs\api\fetchdata.php(2): include('C:\\xampp\\htdocs...')
#2 {main}
  thrown in C:\xampp\htdocs\api\index.php on line 8
[08-Mar-2023 12:21:31 Europe/Berlin] PHP Fatal error:  Uncaught mysqli_sql_exception: Only one usage of each socket address (protocol/network address/port) is normally permitted in C:\xampp\htdocs\api\index.php:8
Stack trace:
#0 C:\xampp\htdocs\api\index.php(8): mysqli_connect('localhost', 'root', '', 'project')
#1 C:\xampp\htdocs\api\fetchdata.php(2): include('C:\\xampp\\htdocs...')
#2 {main}
  thrown in C:\xampp\htdocs\api\index.php on line 8
[08-Mar-2023 12:21:46 Europe/Berlin] PHP Fatal error:  Uncaught mysqli_sql_exception: Only one usage of each socket address (protocol/network address/port) is normally permitted in C:\xampp\htdocs\api\index.php:8
Stack trace:
#0 C:\xampp\htdocs\api\index.php(8): mysqli_connect('localhost', 'root', '', 'project')
#1 C:\xampp\htdocs\api\fetchdata.php(2): include('C:\\xampp\\htdocs...')
#2 {main}
  thrown in C:\xampp\htdocs\api\index.php on line 8
[08-Mar-2023 12:21:46 Europe/Berlin] PHP Fatal error:  Uncaught mysqli_sql_exception: Only one usage of each socket address (protocol/network address/port) is normally permitted in C:\xampp\htdocs\api\index.php:8
Stack trace:
#0 C:\xampp\htdocs\api\index.php(8): mysqli_connect('localhost', 'root', '', 'project')
#1 C:\xampp\htdocs\api\fetchdata.php(2): include('C:\\xampp\\htdocs...')
#2 {main}
  thrown in C:\xampp\htdocs\api\index.php on line 8
[08-Mar-2023 12:23:42 Europe/Berlin] PHP Fatal error:  Uncaught mysqli_sql_exception: Only one usage of each socket address (protocol/network address/port) is normally permitted in C:\xampp\htdocs\api\index.php:8
Stack trace:
#0 C:\xampp\htdocs\api\index.php(8): mysqli_connect('localhost', 'root', '', 'project')
#1 C:\xampp\htdocs\api\fetchdata.php(2): include('C:\\xampp\\htdocs...')
#2 {main}
  thrown in C:\xampp\htdocs\api\index.php on line 8
[08-Mar-2023 12:23:51 Europe/Berlin] PHP Fatal error:  Uncaught mysqli_sql_exception: Only one usage of each socket address (protocol/network address/port) is normally permitted in C:\xampp\htdocs\api\index.php:8
Stack trace:
#0 C:\xampp\htdocs\api\index.php(8): mysqli_connect('localhost', 'root', '', 'project')
#1 C:\xampp\htdocs\api\fetchdata.php(2): include('C:\\xampp\\htdocs...')
#2 {main}
  thrown in C:\xampp\htdocs\api\index.php on line 8
[08-Mar-2023 12:23:51 Europe/Berlin] PHP Fatal error:  Uncaught mysqli_sql_exception: Only one usage of each socket address (protocol/network address/port) is normally permitted in C:\xampp\htdocs\api\index.php:8
Stack trace:
#0 C:\xampp\htdocs\api\index.php(8): mysqli_connect('localhost', 'root', '', 'project')
#1 C:\xampp\htdocs\api\fetchdata.php(2): include('C:\\xampp\\htdocs...')
#2 {main}
  thrown in C:\xampp\htdocs\api\index.php on line 8
[08-Mar-2023 12:23:51 Europe/Berlin] PHP Fatal error:  Uncaught mysqli_sql_exception: Only one usage of each socket address (protocol/network address/port) is normally permitted in C:\xampp\htdocs\api\index.php:8
Stack trace:
#0 C:\xampp\htdocs\api\index.php(8): mysqli_connect('localhost', 'root', '', 'project')
#1 C:\xampp\htdocs\api\fetchdata.php(2): include('C:\\xampp\\htdocs...')
#2 {main}
  thrown in C:\xampp\htdocs\api\index.php on line 8
[08-Mar-2023 12:23:51 Europe/Berlin] PHP Fatal error:  Uncaught mysqli_sql_exception: Only one usage of each socket address (protocol/network address/port) is normally permitted in C:\xampp\htdocs\api\index.php:8
Stack trace:
#0 C:\xampp\htdocs\api\index.php(8): mysqli_connect('localhost', 'root', '', 'project')
#1 C:\xampp\htdocs\api\fetchdata.php(2): include('C:\\xampp\\htdocs...')
#2 {main}
  thrown in C:\xampp\htdocs\api\index.php on line 8
[08-Mar-2023 12:23:51 Europe/Berlin] PHP Fatal error:  Uncaught mysqli_sql_exception: Only one usage of each socket address (protocol/network address/port) is normally permitted in C:\xampp\htdocs\api\index.php:8
Stack trace:
#0 C:\xampp\htdocs\api\index.php(8): mysqli_connect('localhost', 'root', '', 'project')
#1 C:\xampp\htdocs\api\fetchdata.php(2): include('C:\\xampp\\htdocs...')
#2 {main}
  thrown in C:\xampp\htdocs\api\index.php on line 8
[08-Mar-2023 12:23:51 Europe/Berlin] PHP Fatal error:  Uncaught mysqli_sql_exception: Only one usage of each socket address (protocol/network address/port) is normally permitted in C:\xampp\htdocs\api\index.php:8
Stack trace:
#0 C:\xampp\htdocs\api\index.php(8): mysqli_connect('localhost', 'root', '', 'project')
#1 C:\xampp\htdocs\api\fetchdata.php(2): include('C:\\xampp\\htdocs...')
#2 {main}
  thrown in C:\xampp\htdocs\api\index.php on line 8
[08-Mar-2023 12:23:51 Europe/Berlin] PHP Fatal error:  Uncaught mysqli_sql_exception: Only one usage of each socket address (protocol/network address/port) is normally permitted in C:\xampp\htdocs\api\index.php:8
Stack trace:
#0 C:\xampp\htdocs\api\index.php(8): mysqli_connect('localhost', 'root', '', 'project')
#1 C:\xampp\htdocs\api\fetchdata.php(2): include('C:\\xampp\\htdocs...')
#2 {main}
  thrown in C:\xampp\htdocs\api\index.php on line 8
[08-Mar-2023 12:23:51 Europe/Berlin] PHP Fatal error:  Uncaught mysqli_sql_exception: Only one usage of each socket address (protocol/network address/port) is normally permitted in C:\xampp\htdocs\api\index.php:8
Stack trace:
#0 C:\xampp\htdocs\api\index.php(8): mysqli_connect('localhost', 'root', '', 'project')
#1 C:\xampp\htdocs\api\fetchdata.php(2): include('C:\\xampp\\htdocs...')
#2 {main}
  thrown in C:\xampp\htdocs\api\index.php on line 8
[08-Mar-2023 12:23:51 Europe/Berlin] PHP Fatal error:  Uncaught mysqli_sql_exception: Only one usage of each socket address (protocol/network address/port) is normally permitted in C:\xampp\htdocs\api\index.php:8
Stack trace:
#0 C:\xampp\htdocs\api\index.php(8): mysqli_connect('localhost', 'root', '', 'project')
#1 C:\xampp\htdocs\api\fetchdata.php(2): include('C:\\xampp\\htdocs...')
#2 {main}
  thrown in C:\xampp\htdocs\api\index.php on line 8
[08-Mar-2023 12:23:51 Europe/Berlin] PHP Fatal error:  Uncaught mysqli_sql_exception: Only one usage of each socket address (protocol/network address/port) is normally permitted in C:\xampp\htdocs\api\index.php:8
Stack trace:
#0 C:\xampp\htdocs\api\index.php(8): mysqli_connect('localhost', 'root', '', 'project')
#1 C:\xampp\htdocs\api\fetchdata.php(2): include('C:\\xampp\\htdocs...')
#2 {main}
  thrown in C:\xampp\htdocs\api\index.php on line 8
[08-Mar-2023 12:23:51 Europe/Berlin] PHP Fatal error:  Uncaught mysqli_sql_exception: Only one usage of each socket address (protocol/network address/port) is normally permitted in C:\xampp\htdocs\api\index.php:8
Stack trace:
#0 C:\xampp\htdocs\api\index.php(8): mysqli_connect('localhost', 'root', '', 'project')
#1 C:\xampp\htdocs\api\fetchdata.php(2): include('C:\\xampp\\htdocs...')
#2 {main}
  thrown in C:\xampp\htdocs\api\index.php on line 8
[08-Mar-2023 12:23:51 Europe/Berlin] PHP Fatal error:  Uncaught mysqli_sql_exception: Only one usage of each socket address (protocol/network address/port) is normally permitted in C:\xampp\htdocs\api\index.php:8
Stack trace:
#0 C:\xampp\htdocs\api\index.php(8): mysqli_connect('localhost', 'root', '', 'project')
#1 C:\xampp\htdocs\api\fetchdata.php(2): include('C:\\xampp\\htdocs...')
#2 {main}
  thrown in C:\xampp\htdocs\api\index.php on line 8
[08-Mar-2023 12:23:51 Europe/Berlin] PHP Fatal error:  Uncaught mysqli_sql_exception: Only one usage of each socket address (protocol/network address/port) is normally permitted in C:\xampp\htdocs\api\index.php:8
Stack trace:
#0 C:\xampp\htdocs\api\index.php(8): mysqli_connect('localhost', 'root', '', 'project')
#1 C:\xampp\htdocs\api\fetchdata.php(2): include('C:\\xampp\\htdocs...')
#2 {main}
  thrown in C:\xampp\htdocs\api\index.php on line 8
[08-Mar-2023 12:24:15 Europe/Berlin] PHP Fatal error:  Uncaught mysqli_sql_exception: Only one usage of each socket address (protocol/network address/port) is normally permitted in C:\xampp\htdocs\api\index.php:8
Stack trace:
#0 C:\xampp\htdocs\api\index.php(8): mysqli_connect('localhost', 'root', '', 'project')
#1 C:\xampp\htdocs\api\fetchdata.php(2): include('C:\\xampp\\htdocs...')
#2 {main}
  thrown in C:\xampp\htdocs\api\index.php on line 8
[08-Mar-2023 12:24:15 Europe/Berlin] PHP Fatal error:  Uncaught mysqli_sql_exception: Only one usage of each socket address (protocol/network address/port) is normally permitted in C:\xampp\htdocs\api\index.php:8
Stack trace:
#0 C:\xampp\htdocs\api\index.php(8): mysqli_connect('localhost', 'root', '', 'project')
#1 C:\xampp\htdocs\api\fetchdata.php(2): include('C:\\xampp\\htdocs...')
#2 {main}
  thrown in C:\xampp\htdocs\api\index.php on line 8
[08-Mar-2023 12:24:15 Europe/Berlin] PHP Fatal error:  Uncaught mysqli_sql_exception: Only one usage of each socket address (protocol/network address/port) is normally permitted in C:\xampp\htdocs\api\index.php:8
Stack trace:
#0 C:\xampp\htdocs\api\index.php(8): mysqli_connect('localhost', 'root', '', 'project')
#1 C:\xampp\htdocs\api\fetchdata.php(2): include('C:\\xampp\\htdocs...')
#2 {main}
  thrown in C:\xampp\htdocs\api\index.php on line 8
[08-Mar-2023 12:24:15 Europe/Berlin] PHP Fatal error:  Uncaught mysqli_sql_exception: Only one usage of each socket address (protocol/network address/port) is normally permitted in C:\xampp\htdocs\api\index.php:8
Stack trace:
#0 C:\xampp\htdocs\api\index.php(8): mysqli_connect('localhost', 'root', '', 'project')
#1 C:\xampp\htdocs\api\fetchdata.php(2): include('C:\\xampp\\htdocs...')
#2 {main}
  thrown in C:\xampp\htdocs\api\index.php on line 8
[08-Mar-2023 12:24:15 Europe/Berlin] PHP Fatal error:  Uncaught mysqli_sql_exception: Only one usage of each socket address (protocol/network address/port) is normally permitted in C:\xampp\htdocs\api\index.php:8
Stack trace:
#0 C:\xampp\htdocs\api\index.php(8): mysqli_connect('localhost', 'root', '', 'project')
#1 C:\xampp\htdocs\api\fetchdata.php(2): include('C:\\xampp\\htdocs...')
#2 {main}
  thrown in C:\xampp\htdocs\api\index.php on line 8
[08-Mar-2023 12:24:15 Europe/Berlin] PHP Fatal error:  Uncaught mysqli_sql_exception: Only one usage of each socket address (protocol/network address/port) is normally permitted in C:\xampp\htdocs\api\index.php:8
Stack trace:
#0 C:\xampp\htdocs\api\index.php(8): mysqli_connect('localhost', 'root', '', 'project')
#1 C:\xampp\htdocs\api\fetchdata.php(2): include('C:\\xampp\\htdocs...')
#2 {main}
  thrown in C:\xampp\htdocs\api\index.php on line 8
[08-Mar-2023 12:24:15 Europe/Berlin] PHP Fatal error:  Uncaught mysqli_sql_exception: Only one usage of each socket address (protocol/network address/port) is normally permitted in C:\xampp\htdocs\api\index.php:8
Stack trace:
#0 C:\xampp\htdocs\api\index.php(8): mysqli_connect('localhost', 'root', '', 'project')
#1 C:\xampp\htdocs\api\fetchdata.php(2): include('C:\\xampp\\htdocs...')
#2 {main}
  thrown in C:\xampp\htdocs\api\index.php on line 8
[08-Mar-2023 12:24:15 Europe/Berlin] PHP Fatal error:  Uncaught mysqli_sql_exception: Only one usage of each socket address (protocol/network address/port) is normally permitted in C:\xampp\htdocs\api\index.php:8
Stack trace:
#0 C:\xampp\htdocs\api\index.php(8): mysqli_connect('localhost', 'root', '', 'project')
#1 C:\xampp\htdocs\api\fetchdata.php(2): include('C:\\xampp\\htdocs...')
#2 {main}
  thrown in C:\xampp\htdocs\api\index.php on line 8
[08-Mar-2023 12:24:15 Europe/Berlin] PHP Fatal error:  Uncaught mysqli_sql_exception: Only one usage of each socket address (protocol/network address/port) is normally permitted in C:\xampp\htdocs\api\index.php:8
Stack trace:
#0 C:\xampp\htdocs\api\index.php(8): mysqli_connect('localhost', 'root', '', 'project')
#1 C:\xampp\htdocs\api\fetchdata.php(2): include('C:\\xampp\\htdocs...')
#2 {main}
  thrown in C:\xampp\htdocs\api\index.php on line 8
[08-Mar-2023 12:24:37 Europe/Berlin] PHP Fatal error:  Uncaught mysqli_sql_exception: Only one usage of each socket address (protocol/network address/port) is normally permitted in C:\xampp\htdocs\api\index.php:8
Stack trace:
#0 C:\xampp\htdocs\api\index.php(8): mysqli_connect('localhost', 'root', '', 'project')
#1 C:\xampp\htdocs\api\fetchdata.php(2): include('C:\\xampp\\htdocs...')
#2 {main}
  thrown in C:\xampp\htdocs\api\index.php on line 8
[08-Mar-2023 12:24:38 Europe/Berlin] PHP Fatal error:  Uncaught mysqli_sql_exception: Only one usage of each socket address (protocol/network address/port) is normally permitted in C:\xampp\htdocs\api\index.php:8
Stack trace:
#0 C:\xampp\htdocs\api\index.php(8): mysqli_connect('localhost', 'root', '', 'project')
#1 C:\xampp\htdocs\api\fetchdata.php(2): include('C:\\xampp\\htdocs...')
#2 {main}
  thrown in C:\xampp\htdocs\api\index.php on line 8
[08-Mar-2023 12:24:38 Europe/Berlin] PHP Fatal error:  Uncaught mysqli_sql_exception: Only one usage of each socket address (protocol/network address/port) is normally permitted in C:\xampp\htdocs\api\index.php:8
Stack trace:
#0 C:\xampp\htdocs\api\index.php(8): mysqli_connect('localhost', 'root', '', 'project')
#1 C:\xampp\htdocs\api\fetchdata.php(2): include('C:\\xampp\\htdocs...')
#2 {main}
  thrown in C:\xampp\htdocs\api\index.php on line 8
[08-Mar-2023 12:24:38 Europe/Berlin] PHP Fatal error:  Uncaught mysqli_sql_exception: Only one usage of each socket address (protocol/network address/port) is normally permitted in C:\xampp\htdocs\api\index.php:8
Stack trace:
#0 C:\xampp\htdocs\api\index.php(8): mysqli_connect('localhost', 'root', '', 'project')
#1 C:\xampp\htdocs\api\fetchdata.php(2): include('C:\\xampp\\htdocs...')
#2 {main}
  thrown in C:\xampp\htdocs\api\index.php on line 8
[08-Mar-2023 12:24:38 Europe/Berlin] PHP Fatal error:  Uncaught mysqli_sql_exception: Only one usage of each socket address (protocol/network address/port) is normally permitted in C:\xampp\htdocs\api\index.php:8
Stack trace:
#0 C:\xampp\htdocs\api\index.php(8): mysqli_connect('localhost', 'root', '', 'project')
#1 C:\xampp\htdocs\api\fetchdata.php(2): include('C:\\xampp\\htdocs...')
#2 {main}
  thrown in C:\xampp\htdocs\api\index.php on line 8
[08-Mar-2023 12:24:38 Europe/Berlin] PHP Fatal error:  Uncaught mysqli_sql_exception: Only one usage of each socket address (protocol/network address/port) is normally permitted in C:\xampp\htdocs\api\index.php:8
Stack trace:
#0 C:\xampp\htdocs\api\index.php(8): mysqli_connect('localhost', 'root', '', 'project')
#1 C:\xampp\htdocs\api\fetchdata.php(2): include('C:\\xampp\\htdocs...')
#2 {main}
  thrown in C:\xampp\htdocs\api\index.php on line 8
[08-Mar-2023 12:24:38 Europe/Berlin] PHP Fatal error:  Uncaught mysqli_sql_exception: Only one usage of each socket address (protocol/network address/port) is normally permitted in C:\xampp\htdocs\api\index.php:8
Stack trace:
#0 C:\xampp\htdocs\api\index.php(8): mysqli_connect('localhost', 'root', '', 'project')
#1 C:\xampp\htdocs\api\fetchdata.php(2): include('C:\\xampp\\htdocs...')
#2 {main}
  thrown in C:\xampp\htdocs\api\index.php on line 8
[08-Mar-2023 12:24:38 Europe/Berlin] PHP Fatal error:  Uncaught mysqli_sql_exception: Only one usage of each socket address (protocol/network address/port) is normally permitted in C:\xampp\htdocs\api\index.php:8
Stack trace:
#0 C:\xampp\htdocs\api\index.php(8): mysqli_connect('localhost', 'root', '', 'project')
#1 C:\xampp\htdocs\api\fetchdata.php(2): include('C:\\xampp\\htdocs...')
#2 {main}
  thrown in C:\xampp\htdocs\api\index.php on line 8
[08-Mar-2023 12:24:38 Europe/Berlin] PHP Fatal error:  Uncaught mysqli_sql_exception: Only one usage of each socket address (protocol/network address/port) is normally permitted in C:\xampp\htdocs\api\index.php:8
Stack trace:
#0 C:\xampp\htdocs\api\index.php(8): mysqli_connect('localhost', 'root', '', 'project')
#1 C:\xampp\htdocs\api\fetchdata.php(2): include('C:\\xampp\\htdocs...')
#2 {main}
  thrown in C:\xampp\htdocs\api\index.php on line 8
[08-Mar-2023 12:30:38 Europe/Berlin] PHP Fatal error:  Uncaught mysqli_sql_exception: Only one usage of each socket address (protocol/network address/port) is normally permitted in C:\xampp\htdocs\api\index.php:8
Stack trace:
#0 C:\xampp\htdocs\api\index.php(8): mysqli_connect('localhost', 'root', '', 'project')
#1 C:\xampp\htdocs\api\fetchdata.php(2): include('C:\\xampp\\htdocs...')
#2 {main}
  thrown in C:\xampp\htdocs\api\index.php on line 8
[08-Mar-2023 12:30:39 Europe/Berlin] PHP Fatal error:  Uncaught mysqli_sql_exception: Only one usage of each socket address (protocol/network address/port) is normally permitted in C:\xampp\htdocs\api\index.php:8
Stack trace:
#0 C:\xampp\htdocs\api\index.php(8): mysqli_connect('localhost', 'root', '', 'project')
#1 C:\xampp\htdocs\api\fetchdata.php(2): include('C:\\xampp\\htdocs...')
#2 {main}
  thrown in C:\xampp\htdocs\api\index.php on line 8
[08-Mar-2023 12:30:39 Europe/Berlin] PHP Fatal error:  Uncaught mysqli_sql_exception: Only one usage of each socket address (protocol/network address/port) is normally permitted in C:\xampp\htdocs\api\index.php:8
Stack trace:
#0 C:\xampp\htdocs\api\index.php(8): mysqli_connect('localhost', 'root', '', 'project')
#1 C:\xampp\htdocs\api\fetchdata.php(2): include('C:\\xampp\\htdocs...')
#2 {main}
  thrown in C:\xampp\htdocs\api\index.php on line 8
[08-Mar-2023 12:30:39 Europe/Berlin] PHP Fatal error:  Uncaught mysqli_sql_exception: Only one usage of each socket address (protocol/network address/port) is normally permitted in C:\xampp\htdocs\api\index.php:8
Stack trace:
#0 C:\xampp\htdocs\api\index.php(8): mysqli_connect('localhost', 'root', '', 'project')
#1 C:\xampp\htdocs\api\fetchdata.php(2): include('C:\\xampp\\htdocs...')
#2 {main}
  thrown in C:\xampp\htdocs\api\index.php on line 8
[08-Mar-2023 12:30:39 Europe/Berlin] PHP Fatal error:  Uncaught mysqli_sql_exception: Only one usage of each socket address (protocol/network address/port) is normally permitted in C:\xampp\htdocs\api\index.php:8
Stack trace:
#0 C:\xampp\htdocs\api\index.php(8): mysqli_connect('localhost', 'root', '', 'project')
#1 C:\xampp\htdocs\api\fetchdata.php(2): include('C:\\xampp\\htdocs...')
#2 {main}
  thrown in C:\xampp\htdocs\api\index.php on line 8
[08-Mar-2023 12:30:39 Europe/Berlin] PHP Fatal error:  Uncaught mysqli_sql_exception: Only one usage of each socket address (protocol/network address/port) is normally permitted in C:\xampp\htdocs\api\index.php:8
Stack trace:
#0 C:\xampp\htdocs\api\index.php(8): mysqli_connect('localhost', 'root', '', 'project')
#1 C:\xampp\htdocs\api\fetchdata.php(2): include('C:\\xampp\\htdocs...')
#2 {main}
  thrown in C:\xampp\htdocs\api\index.php on line 8
[08-Mar-2023 12:30:39 Europe/Berlin] PHP Fatal error:  Uncaught mysqli_sql_exception: Only one usage of each socket address (protocol/network address/port) is normally permitted in C:\xampp\htdocs\api\index.php:8
Stack trace:
#0 C:\xampp\htdocs\api\index.php(8): mysqli_connect('localhost', 'root', '', 'project')
#1 C:\xampp\htdocs\api\fetchdata.php(2): include('C:\\xampp\\htdocs...')
#2 {main}
  thrown in C:\xampp\htdocs\api\index.php on line 8
[08-Mar-2023 12:30:39 Europe/Berlin] PHP Fatal error:  Uncaught mysqli_sql_exception: Only one usage of each socket address (protocol/network address/port) is normally permitted in C:\xampp\htdocs\api\index.php:8
Stack trace:
#0 C:\xampp\htdocs\api\index.php(8): mysqli_connect('localhost', 'root', '', 'project')
#1 C:\xampp\htdocs\api\fetchdata.php(2): include('C:\\xampp\\htdocs...')
#2 {main}
  thrown in C:\xampp\htdocs\api\index.php on line 8
[08-Mar-2023 12:30:39 Europe/Berlin] PHP Fatal error:  Uncaught mysqli_sql_exception: Only one usage of each socket address (protocol/network address/port) is normally permitted in C:\xampp\htdocs\api\index.php:8
Stack trace:
#0 C:\xampp\htdocs\api\index.php(8): mysqli_connect('localhost', 'root', '', 'project')
#1 C:\xampp\htdocs\api\fetchdata.php(2): include('C:\\xampp\\htdocs...')
#2 {main}
  thrown in C:\xampp\htdocs\api\index.php on line 8
[08-Mar-2023 12:30:39 Europe/Berlin] PHP Fatal error:  Uncaught mysqli_sql_exception: Only one usage of each socket address (protocol/network address/port) is normally permitted in C:\xampp\htdocs\api\index.php:8
Stack trace:
#0 C:\xampp\htdocs\api\index.php(8): mysqli_connect('localhost', 'root', '', 'project')
#1 C:\xampp\htdocs\api\fetchdata.php(2): include('C:\\xampp\\htdocs...')
#2 {main}
  thrown in C:\xampp\htdocs\api\index.php on line 8
[08-Mar-2023 12:30:39 Europe/Berlin] PHP Fatal error:  Uncaught mysqli_sql_exception: Only one usage of each socket address (protocol/network address/port) is normally permitted in C:\xampp\htdocs\api\index.php:8
Stack trace:
#0 C:\xampp\htdocs\api\index.php(8): mysqli_connect('localhost', 'root', '', 'project')
#1 C:\xampp\htdocs\api\fetchdata.php(2): include('C:\\xampp\\htdocs...')
#2 {main}
  thrown in C:\xampp\htdocs\api\index.php on line 8
[08-Mar-2023 12:30:39 Europe/Berlin] PHP Fatal error:  Uncaught mysqli_sql_exception: Only one usage of each socket address (protocol/network address/port) is normally permitted in C:\xampp\htdocs\api\index.php:8
Stack trace:
#0 C:\xampp\htdocs\api\index.php(8): mysqli_connect('localhost', 'root', '', 'project')
#1 C:\xampp\htdocs\api\fetchdata.php(2): include('C:\\xampp\\htdocs...')
#2 {main}
  thrown in C:\xampp\htdocs\api\index.php on line 8
[08-Mar-2023 12:30:39 Europe/Berlin] PHP Fatal error:  Uncaught mysqli_sql_exception: Only one usage of each socket address (protocol/network address/port) is normally permitted in C:\xampp\htdocs\api\index.php:8
Stack trace:
#0 C:\xampp\htdocs\api\index.php(8): mysqli_connect('localhost', 'root', '', 'project')
#1 C:\xampp\htdocs\api\fetchdata.php(2): include('C:\\xampp\\htdocs...')
#2 {main}
  thrown in C:\xampp\htdocs\api\index.php on line 8
[08-Mar-2023 12:30:39 Europe/Berlin] PHP Fatal error:  Uncaught mysqli_sql_exception: Only one usage of each socket address (protocol/network address/port) is normally permitted in C:\xampp\htdocs\api\index.php:8
Stack trace:
#0 C:\xampp\htdocs\api\index.php(8): mysqli_connect('localhost', 'root', '', 'project')
#1 C:\xampp\htdocs\api\fetchdata.php(2): include('C:\\xampp\\htdocs...')
#2 {main}
  thrown in C:\xampp\htdocs\api\index.php on line 8
[08-Mar-2023 12:30:39 Europe/Berlin] PHP Fatal error:  Uncaught mysqli_sql_exception: Only one usage of each socket address (protocol/network address/port) is normally permitted in C:\xampp\htdocs\api\index.php:8
Stack trace:
#0 C:\xampp\htdocs\api\index.php(8): mysqli_connect('localhost', 'root', '', 'project')
#1 C:\xampp\htdocs\api\fetchdata.php(2): include('C:\\xampp\\htdocs...')
#2 {main}
  thrown in C:\xampp\htdocs\api\index.php on line 8
[08-Mar-2023 12:30:39 Europe/Berlin] PHP Fatal error:  Uncaught mysqli_sql_exception: Only one usage of each socket address (protocol/network address/port) is normally permitted in C:\xampp\htdocs\api\index.php:8
Stack trace:
#0 C:\xampp\htdocs\api\index.php(8): mysqli_connect('localhost', 'root', '', 'project')
#1 C:\xampp\htdocs\api\fetchdata.php(2): include('C:\\xampp\\htdocs...')
#2 {main}
  thrown in C:\xampp\htdocs\api\index.php on line 8
[08-Mar-2023 12:30:39 Europe/Berlin] PHP Fatal error:  Uncaught mysqli_sql_exception: Only one usage of each socket address (protocol/network address/port) is normally permitted in C:\xampp\htdocs\api\index.php:8
Stack trace:
#0 C:\xampp\htdocs\api\index.php(8): mysqli_connect('localhost', 'root', '', 'project')
#1 C:\xampp\htdocs\api\fetchdata.php(2): include('C:\\xampp\\htdocs...')
#2 {main}
  thrown in C:\xampp\htdocs\api\index.php on line 8
[08-Mar-2023 12:30:39 Europe/Berlin] PHP Fatal error:  Uncaught mysqli_sql_exception: Only one usage of each socket address (protocol/network address/port) is normally permitted in C:\xampp\htdocs\api\index.php:8
Stack trace:
#0 C:\xampp\htdocs\api\index.php(8): mysqli_connect('localhost', 'root', '', 'project')
#1 C:\xampp\htdocs\api\fetchdata.php(2): include('C:\\xampp\\htdocs...')
#2 {main}
  thrown in C:\xampp\htdocs\api\index.php on line 8
[08-Mar-2023 12:30:39 Europe/Berlin] PHP Fatal error:  Uncaught mysqli_sql_exception: Only one usage of each socket address (protocol/network address/port) is normally permitted in C:\xampp\htdocs\api\index.php:8
Stack trace:
#0 C:\xampp\htdocs\api\index.php(8): mysqli_connect('localhost', 'root', '', 'project')
#1 C:\xampp\htdocs\api\fetchdata.php(2): include('C:\\xampp\\htdocs...')
#2 {main}
  thrown in C:\xampp\htdocs\api\index.php on line 8
[08-Mar-2023 12:30:39 Europe/Berlin] PHP Fatal error:  Uncaught mysqli_sql_exception: Only one usage of each socket address (protocol/network address/port) is normally permitted in C:\xampp\htdocs\api\index.php:8
Stack trace:
#0 C:\xampp\htdocs\api\index.php(8): mysqli_connect('localhost', 'root', '', 'project')
#1 C:\xampp\htdocs\api\fetchdata.php(2): include('C:\\xampp\\htdocs...')
#2 {main}
  thrown in C:\xampp\htdocs\api\index.php on line 8
[08-Mar-2023 12:30:39 Europe/Berlin] PHP Fatal error:  Uncaught mysqli_sql_exception: Only one usage of each socket address (protocol/network address/port) is normally permitted in C:\xampp\htdocs\api\index.php:8
Stack trace:
#0 C:\xampp\htdocs\api\index.php(8): mysqli_connect('localhost', 'root', '', 'project')
#1 C:\xampp\htdocs\api\fetchdata.php(2): include('C:\\xampp\\htdocs...')
#2 {main}
  thrown in C:\xampp\htdocs\api\index.php on line 8
[08-Mar-2023 12:30:39 Europe/Berlin] PHP Fatal error:  Uncaught mysqli_sql_exception: Only one usage of each socket address (protocol/network address/port) is normally permitted in C:\xampp\htdocs\api\index.php:8
Stack trace:
#0 C:\xampp\htdocs\api\index.php(8): mysqli_connect('localhost', 'root', '', 'project')
#1 C:\xampp\htdocs\api\fetchdata.php(2): include('C:\\xampp\\htdocs...')
#2 {main}
  thrown in C:\xampp\htdocs\api\index.php on line 8
[08-Mar-2023 12:30:39 Europe/Berlin] PHP Fatal error:  Uncaught mysqli_sql_exception: Only one usage of each socket address (protocol/network address/port) is normally permitted in C:\xampp\htdocs\api\index.php:8
Stack trace:
#0 C:\xampp\htdocs\api\index.php(8): mysqli_connect('localhost', 'root', '', 'project')
#1 C:\xampp\htdocs\api\fetchdata.php(2): include('C:\\xampp\\htdocs...')
#2 {main}
  thrown in C:\xampp\htdocs\api\index.php on line 8
[08-Mar-2023 12:30:39 Europe/Berlin] PHP Fatal error:  Uncaught mysqli_sql_exception: Only one usage of each socket address (protocol/network address/port) is normally permitted in C:\xampp\htdocs\api\index.php:8
Stack trace:
#0 C:\xampp\htdocs\api\index.php(8): mysqli_connect('localhost', 'root', '', 'project')
#1 C:\xampp\htdocs\api\fetchdata.php(2): include('C:\\xampp\\htdocs...')
#2 {main}
  thrown in C:\xampp\htdocs\api\index.php on line 8
[08-Mar-2023 12:30:39 Europe/Berlin] PHP Fatal error:  Uncaught mysqli_sql_exception: Only one usage of each socket address (protocol/network address/port) is normally permitted in C:\xampp\htdocs\api\index.php:8
Stack trace:
#0 C:\xampp\htdocs\api\index.php(8): mysqli_connect('localhost', 'root', '', 'project')
#1 C:\xampp\htdocs\api\fetchdata.php(2): include('C:\\xampp\\htdocs...')
#2 {main}
  thrown in C:\xampp\htdocs\api\index.php on line 8
[08-Mar-2023 12:30:39 Europe/Berlin] PHP Fatal error:  Uncaught mysqli_sql_exception: Only one usage of each socket address (protocol/network address/port) is normally permitted in C:\xampp\htdocs\api\index.php:8
Stack trace:
#0 C:\xampp\htdocs\api\index.php(8): mysqli_connect('localhost', 'root', '', 'project')
#1 C:\xampp\htdocs\api\fetchdata.php(2): include('C:\\xampp\\htdocs...')
#2 {main}
  thrown in C:\xampp\htdocs\api\index.php on line 8
[08-Mar-2023 12:30:39 Europe/Berlin] PHP Fatal error:  Uncaught mysqli_sql_exception: Only one usage of each socket address (protocol/network address/port) is normally permitted in C:\xampp\htdocs\api\index.php:8
Stack trace:
#0 C:\xampp\htdocs\api\index.php(8): mysqli_connect('localhost', 'root', '', 'project')
#1 C:\xampp\htdocs\api\fetchdata.php(2): include('C:\\xampp\\htdocs...')
#2 {main}
  thrown in C:\xampp\htdocs\api\index.php on line 8
[08-Mar-2023 12:30:39 Europe/Berlin] PHP Fatal error:  Uncaught mysqli_sql_exception: Only one usage of each socket address (protocol/network address/port) is normally permitted in C:\xampp\htdocs\api\index.php:8
Stack trace:
#0 C:\xampp\htdocs\api\index.php(8): mysqli_connect('localhost', 'root', '', 'project')
#1 C:\xampp\htdocs\api\fetchdata.php(2): include('C:\\xampp\\htdocs...')
#2 {main}
  thrown in C:\xampp\htdocs\api\index.php on line 8
[08-Mar-2023 12:30:39 Europe/Berlin] PHP Fatal error:  Uncaught mysqli_sql_exception: Only one usage of each socket address (protocol/network address/port) is normally permitted in C:\xampp\htdocs\api\index.php:8
Stack trace:
#0 C:\xampp\htdocs\api\index.php(8): mysqli_connect('localhost', 'root', '', 'project')
#1 C:\xampp\htdocs\api\fetchdata.php(2): include('C:\\xampp\\htdocs...')
#2 {main}
  thrown in C:\xampp\htdocs\api\index.php on line 8
[08-Mar-2023 12:30:39 Europe/Berlin] PHP Fatal error:  Uncaught mysqli_sql_exception: Only one usage of each socket address (protocol/network address/port) is normally permitted in C:\xampp\htdocs\api\index.php:8
Stack trace:
#0 C:\xampp\htdocs\api\index.php(8): mysqli_connect('localhost', 'root', '', 'project')
#1 C:\xampp\htdocs\api\fetchdata.php(2): include('C:\\xampp\\htdocs...')
#2 {main}
  thrown in C:\xampp\htdocs\api\index.php on line 8
[08-Mar-2023 12:30:39 Europe/Berlin] PHP Fatal error:  Uncaught mysqli_sql_exception: Only one usage of each socket address (protocol/network address/port) is normally permitted in C:\xampp\htdocs\api\index.php:8
Stack trace:
#0 C:\xampp\htdocs\api\index.php(8): mysqli_connect('localhost', 'root', '', 'project')
#1 C:\xampp\htdocs\api\fetchdata.php(2): include('C:\\xampp\\htdocs...')
#2 {main}
  thrown in C:\xampp\htdocs\api\index.php on line 8
[08-Mar-2023 12:30:39 Europe/Berlin] PHP Fatal error:  Uncaught mysqli_sql_exception: Only one usage of each socket address (protocol/network address/port) is normally permitted in C:\xampp\htdocs\api\index.php:8
Stack trace:
#0 C:\xampp\htdocs\api\index.php(8): mysqli_connect('localhost', 'root', '', 'project')
#1 C:\xampp\htdocs\api\fetchdata.php(2): include('C:\\xampp\\htdocs...')
#2 {main}
  thrown in C:\xampp\htdocs\api\index.php on line 8
[08-Mar-2023 12:30:39 Europe/Berlin] PHP Fatal error:  Uncaught mysqli_sql_exception: Only one usage of each socket address (protocol/network address/port) is normally permitted in C:\xampp\htdocs\api\index.php:8
Stack trace:
#0 C:\xampp\htdocs\api\index.php(8): mysqli_connect('localhost', 'root', '', 'project')
#1 C:\xampp\htdocs\api\fetchdata.php(2): include('C:\\xampp\\htdocs...')
#2 {main}
  thrown in C:\xampp\htdocs\api\index.php on line 8
[08-Mar-2023 12:30:39 Europe/Berlin] PHP Fatal error:  Uncaught mysqli_sql_exception: Only one usage of each socket address (protocol/network address/port) is normally permitted in C:\xampp\htdocs\api\index.php:8
Stack trace:
#0 C:\xampp\htdocs\api\index.php(8): mysqli_connect('localhost', 'root', '', 'project')
#1 C:\xampp\htdocs\api\fetchdata.php(2): include('C:\\xampp\\htdocs...')
#2 {main}
  thrown in C:\xampp\htdocs\api\index.php on line 8
[08-Mar-2023 12:30:39 Europe/Berlin] PHP Fatal error:  Uncaught mysqli_sql_exception: Only one usage of each socket address (protocol/network address/port) is normally permitted in C:\xampp\htdocs\api\index.php:8
Stack trace:
#0 C:\xampp\htdocs\api\index.php(8): mysqli_connect('localhost', 'root', '', 'project')
#1 C:\xampp\htdocs\api\fetchdata.php(2): include('C:\\xampp\\htdocs...')
#2 {main}
  thrown in C:\xampp\htdocs\api\index.php on line 8
[08-Mar-2023 12:30:39 Europe/Berlin] PHP Fatal error:  Uncaught mysqli_sql_exception: Only one usage of each socket address (protocol/network address/port) is normally permitted in C:\xampp\htdocs\api\index.php:8
Stack trace:
#0 C:\xampp\htdocs\api\index.php(8): mysqli_connect('localhost', 'root', '', 'project')
#1 C:\xampp\htdocs\api\fetchdata.php(2): include('C:\\xampp\\htdocs...')
#2 {main}
  thrown in C:\xampp\htdocs\api\index.php on line 8
[08-Mar-2023 12:30:39 Europe/Berlin] PHP Fatal error:  Uncaught mysqli_sql_exception: Only one usage of each socket address (protocol/network address/port) is normally permitted in C:\xampp\htdocs\api\index.php:8
Stack trace:
#0 C:\xampp\htdocs\api\index.php(8): mysqli_connect('localhost', 'root', '', 'project')
#1 C:\xampp\htdocs\api\fetchdata.php(2): include('C:\\xampp\\htdocs...')
#2 {main}
  thrown in C:\xampp\htdocs\api\index.php on line 8
[08-Mar-2023 12:30:39 Europe/Berlin] PHP Fatal error:  Uncaught mysqli_sql_exception: Only one usage of each socket address (protocol/network address/port) is normally permitted in C:\xampp\htdocs\api\index.php:8
Stack trace:
#0 C:\xampp\htdocs\api\index.php(8): mysqli_connect('localhost', 'root', '', 'project')
#1 C:\xampp\htdocs\api\fetchdata.php(2): include('C:\\xampp\\htdocs...')
#2 {main}
  thrown in C:\xampp\htdocs\api\index.php on line 8
[08-Mar-2023 12:30:39 Europe/Berlin] PHP Fatal error:  Uncaught mysqli_sql_exception: Only one usage of each socket address (protocol/network address/port) is normally permitted in C:\xampp\htdocs\api\index.php:8
Stack trace:
#0 C:\xampp\htdocs\api\index.php(8): mysqli_connect('localhost', 'root', '', 'project')
#1 C:\xampp\htdocs\api\fetchdata.php(2): include('C:\\xampp\\htdocs...')
#2 {main}
  thrown in C:\xampp\htdocs\api\index.php on line 8
[08-Mar-2023 12:30:39 Europe/Berlin] PHP Fatal error:  Uncaught mysqli_sql_exception: Only one usage of each socket address (protocol/network address/port) is normally permitted in C:\xampp\htdocs\api\index.php:8
Stack trace:
#0 C:\xampp\htdocs\api\index.php(8): mysqli_connect('localhost', 'root', '', 'project')
#1 C:\xampp\htdocs\api\fetchdata.php(2): include('C:\\xampp\\htdocs...')
#2 {main}
  thrown in C:\xampp\htdocs\api\index.php on line 8
[08-Mar-2023 12:30:39 Europe/Berlin] PHP Fatal error:  Uncaught mysqli_sql_exception: Only one usage of each socket address (protocol/network address/port) is normally permitted in C:\xampp\htdocs\api\index.php:8
Stack trace:
#0 C:\xampp\htdocs\api\index.php(8): mysqli_connect('localhost', 'root', '', 'project')
#1 C:\xampp\htdocs\api\fetchdata.php(2): include('C:\\xampp\\htdocs...')
#2 {main}
  thrown in C:\xampp\htdocs\api\index.php on line 8
[08-Mar-2023 12:30:39 Europe/Berlin] PHP Fatal error:  Uncaught mysqli_sql_exception: Only one usage of each socket address (protocol/network address/port) is normally permitted in C:\xampp\htdocs\api\index.php:8
Stack trace:
#0 C:\xampp\htdocs\api\index.php(8): mysqli_connect('localhost', 'root', '', 'project')
#1 C:\xampp\htdocs\api\fetchdata.php(2): include('C:\\xampp\\htdocs...')
#2 {main}
  thrown in C:\xampp\htdocs\api\index.php on line 8
[08-Mar-2023 12:30:39 Europe/Berlin] PHP Fatal error:  Uncaught mysqli_sql_exception: Only one usage of each socket address (protocol/network address/port) is normally permitted in C:\xampp\htdocs\api\index.php:8
Stack trace:
#0 C:\xampp\htdocs\api\index.php(8): mysqli_connect('localhost', 'root', '', 'project')
#1 C:\xampp\htdocs\api\fetchdata.php(2): include('C:\\xampp\\htdocs...')
#2 {main}
  thrown in C:\xampp\htdocs\api\index.php on line 8
[08-Mar-2023 12:30:39 Europe/Berlin] PHP Fatal error:  Uncaught mysqli_sql_exception: Only one usage of each socket address (protocol/network address/port) is normally permitted in C:\xampp\htdocs\api\index.php:8
Stack trace:
#0 C:\xampp\htdocs\api\index.php(8): mysqli_connect('localhost', 'root', '', 'project')
#1 C:\xampp\htdocs\api\fetchdata.php(2): include('C:\\xampp\\htdocs...')
#2 {main}
  thrown in C:\xampp\htdocs\api\index.php on line 8
[08-Mar-2023 12:30:39 Europe/Berlin] PHP Fatal error:  Uncaught mysqli_sql_exception: Only one usage of each socket address (protocol/network address/port) is normally permitted in C:\xampp\htdocs\api\index.php:8
Stack trace:
#0 C:\xampp\htdocs\api\index.php(8): mysqli_connect('localhost', 'root', '', 'project')
#1 C:\xampp\htdocs\api\fetchdata.php(2): include('C:\\xampp\\htdocs...')
#2 {main}
  thrown in C:\xampp\htdocs\api\index.php on line 8
[08-Mar-2023 12:30:39 Europe/Berlin] PHP Fatal error:  Uncaught mysqli_sql_exception: Only one usage of each socket address (protocol/network address/port) is normally permitted in C:\xampp\htdocs\api\index.php:8
Stack trace:
#0 C:\xampp\htdocs\api\index.php(8): mysqli_connect('localhost', 'root', '', 'project')
#1 C:\xampp\htdocs\api\fetchdata.php(2): include('C:\\xampp\\htdocs...')
#2 {main}
  thrown in C:\xampp\htdocs\api\index.php on line 8
[08-Mar-2023 12:30:39 Europe/Berlin] PHP Fatal error:  Uncaught mysqli_sql_exception: Only one usage of each socket address (protocol/network address/port) is normally permitted in C:\xampp\htdocs\api\index.php:8
Stack trace:
#0 C:\xampp\htdocs\api\index.php(8): mysqli_connect('localhost', 'root', '', 'project')
#1 C:\xampp\htdocs\api\fetchdata.php(2): include('C:\\xampp\\htdocs...')
#2 {main}
  thrown in C:\xampp\htdocs\api\index.php on line 8
[08-Mar-2023 12:30:39 Europe/Berlin] PHP Fatal error:  Uncaught mysqli_sql_exception: Only one usage of each socket address (protocol/network address/port) is normally permitted in C:\xampp\htdocs\api\index.php:8
Stack trace:
#0 C:\xampp\htdocs\api\index.php(8): mysqli_connect('localhost', 'root', '', 'project')
#1 C:\xampp\htdocs\api\fetchdata.php(2): include('C:\\xampp\\htdocs...')
#2 {main}
  thrown in C:\xampp\htdocs\api\index.php on line 8
[08-Mar-2023 12:30:39 Europe/Berlin] PHP Fatal error:  Uncaught mysqli_sql_exception: Only one usage of each socket address (protocol/network address/port) is normally permitted in C:\xampp\htdocs\api\index.php:8
Stack trace:
#0 C:\xampp\htdocs\api\index.php(8): mysqli_connect('localhost', 'root', '', 'project')
#1 C:\xampp\htdocs\api\fetchdata.php(2): include('C:\\xampp\\htdocs...')
#2 {main}
  thrown in C:\xampp\htdocs\api\index.php on line 8
[08-Mar-2023 12:30:39 Europe/Berlin] PHP Fatal error:  Uncaught mysqli_sql_exception: Only one usage of each socket address (protocol/network address/port) is normally permitted in C:\xampp\htdocs\api\index.php:8
Stack trace:
#0 C:\xampp\htdocs\api\index.php(8): mysqli_connect('localhost', 'root', '', 'project')
#1 C:\xampp\htdocs\api\fetchdata.php(2): include('C:\\xampp\\htdocs...')
#2 {main}
  thrown in C:\xampp\htdocs\api\index.php on line 8
[08-Mar-2023 12:30:39 Europe/Berlin] PHP Fatal error:  Uncaught mysqli_sql_exception: Only one usage of each socket address (protocol/network address/port) is normally permitted in C:\xampp\htdocs\api\index.php:8
Stack trace:
#0 C:\xampp\htdocs\api\index.php(8): mysqli_connect('localhost', 'root', '', 'project')
#1 C:\xampp\htdocs\api\fetchdata.php(2): include('C:\\xampp\\htdocs...')
#2 {main}
  thrown in C:\xampp\htdocs\api\index.php on line 8
[08-Mar-2023 12:30:39 Europe/Berlin] PHP Fatal error:  Uncaught mysqli_sql_exception: Only one usage of each socket address (protocol/network address/port) is normally permitted in C:\xampp\htdocs\api\index.php:8
Stack trace:
#0 C:\xampp\htdocs\api\index.php(8): mysqli_connect('localhost', 'root', '', 'project')
#1 C:\xampp\htdocs\api\fetchdata.php(2): include('C:\\xampp\\htdocs...')
#2 {main}
  thrown in C:\xampp\htdocs\api\index.php on line 8
[08-Mar-2023 12:30:39 Europe/Berlin] PHP Fatal error:  Uncaught mysqli_sql_exception: Only one usage of each socket address (protocol/network address/port) is normally permitted in C:\xampp\htdocs\api\index.php:8
Stack trace:
#0 C:\xampp\htdocs\api\index.php(8): mysqli_connect('localhost', 'root', '', 'project')
#1 C:\xampp\htdocs\api\fetchdata.php(2): include('C:\\xampp\\htdocs...')
#2 {main}
  thrown in C:\xampp\htdocs\api\index.php on line 8
[08-Mar-2023 12:30:39 Europe/Berlin] PHP Fatal error:  Uncaught mysqli_sql_exception: Only one usage of each socket address (protocol/network address/port) is normally permitted in C:\xampp\htdocs\api\index.php:8
Stack trace:
#0 C:\xampp\htdocs\api\index.php(8): mysqli_connect('localhost', 'root', '', 'project')
#1 C:\xampp\htdocs\api\fetchdata.php(2): include('C:\\xampp\\htdocs...')
#2 {main}
  thrown in C:\xampp\htdocs\api\index.php on line 8
[08-Mar-2023 12:30:39 Europe/Berlin] PHP Fatal error:  Uncaught mysqli_sql_exception: Only one usage of each socket address (protocol/network address/port) is normally permitted in C:\xampp\htdocs\api\index.php:8
Stack trace:
#0 C:\xampp\htdocs\api\index.php(8): mysqli_connect('localhost', 'root', '', 'project')
#1 C:\xampp\htdocs\api\fetchdata.php(2): include('C:\\xampp\\htdocs...')
#2 {main}
  thrown in C:\xampp\htdocs\api\index.php on line 8
[08-Mar-2023 12:30:39 Europe/Berlin] PHP Fatal error:  Uncaught mysqli_sql_exception: Only one usage of each socket address (protocol/network address/port) is normally permitted in C:\xampp\htdocs\api\index.php:8
Stack trace:
#0 C:\xampp\htdocs\api\index.php(8): mysqli_connect('localhost', 'root', '', 'project')
#1 C:\xampp\htdocs\api\fetchdata.php(2): include('C:\\xampp\\htdocs...')
#2 {main}
  thrown in C:\xampp\htdocs\api\index.php on line 8
[08-Mar-2023 12:30:39 Europe/Berlin] PHP Fatal error:  Uncaught mysqli_sql_exception: Only one usage of each socket address (protocol/network address/port) is normally permitted in C:\xampp\htdocs\api\index.php:8
Stack trace:
#0 C:\xampp\htdocs\api\index.php(8): mysqli_connect('localhost', 'root', '', 'project')
#1 C:\xampp\htdocs\api\fetchdata.php(2): include('C:\\xampp\\htdocs...')
#2 {main}
  thrown in C:\xampp\htdocs\api\index.php on line 8
[08-Mar-2023 12:30:39 Europe/Berlin] PHP Fatal error:  Uncaught mysqli_sql_exception: Only one usage of each socket address (protocol/network address/port) is normally permitted in C:\xampp\htdocs\api\index.php:8
Stack trace:
#0 C:\xampp\htdocs\api\index.php(8): mysqli_connect('localhost', 'root', '', 'project')
#1 C:\xampp\htdocs\api\fetchdata.php(2): include('C:\\xampp\\htdocs...')
#2 {main}
  thrown in C:\xampp\htdocs\api\index.php on line 8
[08-Mar-2023 12:30:39 Europe/Berlin] PHP Fatal error:  Uncaught mysqli_sql_exception: Only one usage of each socket address (protocol/network address/port) is normally permitted in C:\xampp\htdocs\api\index.php:8
Stack trace:
#0 C:\xampp\htdocs\api\index.php(8): mysqli_connect('localhost', 'root', '', 'project')
#1 C:\xampp\htdocs\api\fetchdata.php(2): include('C:\\xampp\\htdocs...')
#2 {main}
  thrown in C:\xampp\htdocs\api\index.php on line 8
[08-Mar-2023 12:30:39 Europe/Berlin] PHP Fatal error:  Uncaught mysqli_sql_exception: Only one usage of each socket address (protocol/network address/port) is normally permitted in C:\xampp\htdocs\api\index.php:8
Stack trace:
#0 C:\xampp\htdocs\api\index.php(8): mysqli_connect('localhost', 'root', '', 'project')
#1 C:\xampp\htdocs\api\fetchdata.php(2): include('C:\\xampp\\htdocs...')
#2 {main}
  thrown in C:\xampp\htdocs\api\index.php on line 8
[08-Mar-2023 12:30:39 Europe/Berlin] PHP Fatal error:  Uncaught mysqli_sql_exception: Only one usage of each socket address (protocol/network address/port) is normally permitted in C:\xampp\htdocs\api\index.php:8
Stack trace:
#0 C:\xampp\htdocs\api\index.php(8): mysqli_connect('localhost', 'root', '', 'project')
#1 C:\xampp\htdocs\api\fetchdata.php(2): include('C:\\xampp\\htdocs...')
#2 {main}
  thrown in C:\xampp\htdocs\api\index.php on line 8
[08-Mar-2023 12:30:39 Europe/Berlin] PHP Fatal error:  Uncaught mysqli_sql_exception: Only one usage of each socket address (protocol/network address/port) is normally permitted in C:\xampp\htdocs\api\index.php:8
Stack trace:
#0 C:\xampp\htdocs\api\index.php(8): mysqli_connect('localhost', 'root', '', 'project')
#1 C:\xampp\htdocs\api\fetchdata.php(2): include('C:\\xampp\\htdocs...')
#2 {main}
  thrown in C:\xampp\htdocs\api\index.php on line 8
[08-Mar-2023 12:30:39 Europe/Berlin] PHP Fatal error:  Uncaught mysqli_sql_exception: Only one usage of each socket address (protocol/network address/port) is normally permitted in C:\xampp\htdocs\api\index.php:8
Stack trace:
#0 C:\xampp\htdocs\api\index.php(8): mysqli_connect('localhost', 'root', '', 'project')
#1 C:\xampp\htdocs\api\fetchdata.php(2): include('C:\\xampp\\htdocs...')
#2 {main}
  thrown in C:\xampp\htdocs\api\index.php on line 8
[08-Mar-2023 12:30:39 Europe/Berlin] PHP Fatal error:  Uncaught mysqli_sql_exception: Only one usage of each socket address (protocol/network address/port) is normally permitted in C:\xampp\htdocs\api\index.php:8
Stack trace:
#0 C:\xampp\htdocs\api\index.php(8): mysqli_connect('localhost', 'root', '', 'project')
#1 C:\xampp\htdocs\api\fetchdata.php(2): include('C:\\xampp\\htdocs...')
#2 {main}
  thrown in C:\xampp\htdocs\api\index.php on line 8
[08-Mar-2023 12:30:39 Europe/Berlin] PHP Fatal error:  Uncaught mysqli_sql_exception: Only one usage of each socket address (protocol/network address/port) is normally permitted in C:\xampp\htdocs\api\index.php:8
Stack trace:
#0 C:\xampp\htdocs\api\index.php(8): mysqli_connect('localhost', 'root', '', 'project')
#1 C:\xampp\htdocs\api\fetchdata.php(2): include('C:\\xampp\\htdocs...')
#2 {main}
  thrown in C:\xampp\htdocs\api\index.php on line 8
[08-Mar-2023 12:30:39 Europe/Berlin] PHP Fatal error:  Uncaught mysqli_sql_exception: Only one usage of each socket address (protocol/network address/port) is normally permitted in C:\xampp\htdocs\api\index.php:8
Stack trace:
#0 C:\xampp\htdocs\api\index.php(8): mysqli_connect('localhost', 'root', '', 'project')
#1 C:\xampp\htdocs\api\fetchdata.php(2): include('C:\\xampp\\htdocs...')
#2 {main}
  thrown in C:\xampp\htdocs\api\index.php on line 8
[08-Mar-2023 12:30:39 Europe/Berlin] PHP Fatal error:  Uncaught mysqli_sql_exception: Only one usage of each socket address (protocol/network address/port) is normally permitted in C:\xampp\htdocs\api\index.php:8
Stack trace:
#0 C:\xampp\htdocs\api\index.php(8): mysqli_connect('localhost', 'root', '', 'project')
#1 C:\xampp\htdocs\api\fetchdata.php(2): include('C:\\xampp\\htdocs...')
#2 {main}
  thrown in C:\xampp\htdocs\api\index.php on line 8
[08-Mar-2023 12:30:39 Europe/Berlin] PHP Fatal error:  Uncaught mysqli_sql_exception: Only one usage of each socket address (protocol/network address/port) is normally permitted in C:\xampp\htdocs\api\index.php:8
Stack trace:
#0 C:\xampp\htdocs\api\index.php(8): mysqli_connect('localhost', 'root', '', 'project')
#1 C:\xampp\htdocs\api\fetchdata.php(2): include('C:\\xampp\\htdocs...')
#2 {main}
  thrown in C:\xampp\htdocs\api\index.php on line 8
[08-Mar-2023 12:30:39 Europe/Berlin] PHP Fatal error:  Uncaught mysqli_sql_exception: Only one usage of each socket address (protocol/network address/port) is normally permitted in C:\xampp\htdocs\api\index.php:8
Stack trace:
#0 C:\xampp\htdocs\api\index.php(8): mysqli_connect('localhost', 'root', '', 'project')
#1 C:\xampp\htdocs\api\fetchdata.php(2): include('C:\\xampp\\htdocs...')
#2 {main}
  thrown in C:\xampp\htdocs\api\index.php on line 8
[08-Mar-2023 12:30:39 Europe/Berlin] PHP Fatal error:  Uncaught mysqli_sql_exception: Only one usage of each socket address (protocol/network address/port) is normally permitted in C:\xampp\htdocs\api\index.php:8
Stack trace:
#0 C:\xampp\htdocs\api\index.php(8): mysqli_connect('localhost', 'root', '', 'project')
#1 C:\xampp\htdocs\api\fetchdata.php(2): include('C:\\xampp\\htdocs...')
#2 {main}
  thrown in C:\xampp\htdocs\api\index.php on line 8
[08-Mar-2023 12:30:39 Europe/Berlin] PHP Fatal error:  Uncaught mysqli_sql_exception: Only one usage of each socket address (protocol/network address/port) is normally permitted in C:\xampp\htdocs\api\index.php:8
Stack trace:
#0 C:\xampp\htdocs\api\index.php(8): mysqli_connect('localhost', 'root', '', 'project')
#1 C:\xampp\htdocs\api\fetchdata.php(2): include('C:\\xampp\\htdocs...')
#2 {main}
  thrown in C:\xampp\htdocs\api\index.php on line 8
[08-Mar-2023 12:30:39 Europe/Berlin] PHP Fatal error:  Uncaught mysqli_sql_exception: Only one usage of each socket address (protocol/network address/port) is normally permitted in C:\xampp\htdocs\api\index.php:8
Stack trace:
#0 C:\xampp\htdocs\api\index.php(8): mysqli_connect('localhost', 'root', '', 'project')
#1 C:\xampp\htdocs\api\fetchdata.php(2): include('C:\\xampp\\htdocs...')
#2 {main}
  thrown in C:\xampp\htdocs\api\index.php on line 8
[08-Mar-2023 12:30:39 Europe/Berlin] PHP Fatal error:  Uncaught mysqli_sql_exception: Only one usage of each socket address (protocol/network address/port) is normally permitted in C:\xampp\htdocs\api\index.php:8
Stack trace:
#0 C:\xampp\htdocs\api\index.php(8): mysqli_connect('localhost', 'root', '', 'project')
#1 C:\xampp\htdocs\api\fetchdata.php(2): include('C:\\xampp\\htdocs...')
#2 {main}
  thrown in C:\xampp\htdocs\api\index.php on line 8
[08-Mar-2023 12:30:39 Europe/Berlin] PHP Fatal error:  Uncaught mysqli_sql_exception: Only one usage of each socket address (protocol/network address/port) is normally permitted in C:\xampp\htdocs\api\index.php:8
Stack trace:
#0 C:\xampp\htdocs\api\index.php(8): mysqli_connect('localhost', 'root', '', 'project')
#1 C:\xampp\htdocs\api\fetchdata.php(2): include('C:\\xampp\\htdocs...')
#2 {main}
  thrown in C:\xampp\htdocs\api\index.php on line 8
[08-Mar-2023 12:30:39 Europe/Berlin] PHP Fatal error:  Uncaught mysqli_sql_exception: Only one usage of each socket address (protocol/network address/port) is normally permitted in C:\xampp\htdocs\api\index.php:8
Stack trace:
#0 C:\xampp\htdocs\api\index.php(8): mysqli_connect('localhost', 'root', '', 'project')
#1 C:\xampp\htdocs\api\fetchdata.php(2): include('C:\\xampp\\htdocs...')
#2 {main}
  thrown in C:\xampp\htdocs\api\index.php on line 8
[08-Mar-2023 12:30:39 Europe/Berlin] PHP Fatal error:  Uncaught mysqli_sql_exception: Only one usage of each socket address (protocol/network address/port) is normally permitted in C:\xampp\htdocs\api\index.php:8
Stack trace:
#0 C:\xampp\htdocs\api\index.php(8): mysqli_connect('localhost', 'root', '', 'project')
#1 C:\xampp\htdocs\api\fetchdata.php(2): include('C:\\xampp\\htdocs...')
#2 {main}
  thrown in C:\xampp\htdocs\api\index.php on line 8
[08-Mar-2023 12:30:39 Europe/Berlin] PHP Fatal error:  Uncaught mysqli_sql_exception: Only one usage of each socket address (protocol/network address/port) is normally permitted in C:\xampp\htdocs\api\index.php:8
Stack trace:
#0 C:\xampp\htdocs\api\index.php(8): mysqli_connect('localhost', 'root', '', 'project')
#1 C:\xampp\htdocs\api\fetchdata.php(2): include('C:\\xampp\\htdocs...')
#2 {main}
  thrown in C:\xampp\htdocs\api\index.php on line 8
[08-Mar-2023 12:30:39 Europe/Berlin] PHP Fatal error:  Uncaught mysqli_sql_exception: Only one usage of each socket address (protocol/network address/port) is normally permitted in C:\xampp\htdocs\api\index.php:8
Stack trace:
#0 C:\xampp\htdocs\api\index.php(8): mysqli_connect('localhost', 'root', '', 'project')
#1 C:\xampp\htdocs\api\fetchdata.php(2): include('C:\\xampp\\htdocs...')
#2 {main}
  thrown in C:\xampp\htdocs\api\index.php on line 8
[08-Mar-2023 12:30:39 Europe/Berlin] PHP Fatal error:  Uncaught mysqli_sql_exception: Only one usage of each socket address (protocol/network address/port) is normally permitted in C:\xampp\htdocs\api\index.php:8
Stack trace:
#0 C:\xampp\htdocs\api\index.php(8): mysqli_connect('localhost', 'root', '', 'project')
#1 C:\xampp\htdocs\api\fetchdata.php(2): include('C:\\xampp\\htdocs...')
#2 {main}
  thrown in C:\xampp\htdocs\api\index.php on line 8
[08-Mar-2023 12:30:39 Europe/Berlin] PHP Fatal error:  Uncaught mysqli_sql_exception: Only one usage of each socket address (protocol/network address/port) is normally permitted in C:\xampp\htdocs\api\index.php:8
Stack trace:
#0 C:\xampp\htdocs\api\index.php(8): mysqli_connect('localhost', 'root', '', 'project')
#1 C:\xampp\htdocs\api\fetchdata.php(2): include('C:\\xampp\\htdocs...')
#2 {main}
  thrown in C:\xampp\htdocs\api\index.php on line 8
[08-Mar-2023 12:30:39 Europe/Berlin] PHP Fatal error:  Uncaught mysqli_sql_exception: Only one usage of each socket address (protocol/network address/port) is normally permitted in C:\xampp\htdocs\api\index.php:8
Stack trace:
#0 C:\xampp\htdocs\api\index.php(8): mysqli_connect('localhost', 'root', '', 'project')
#1 C:\xampp\htdocs\api\fetchdata.php(2): include('C:\\xampp\\htdocs...')
#2 {main}
  thrown in C:\xampp\htdocs\api\index.php on line 8
[08-Mar-2023 12:30:39 Europe/Berlin] PHP Fatal error:  Uncaught mysqli_sql_exception: Only one usage of each socket address (protocol/network address/port) is normally permitted in C:\xampp\htdocs\api\index.php:8
Stack trace:
#0 C:\xampp\htdocs\api\index.php(8): mysqli_connect('localhost', 'root', '', 'project')
#1 C:\xampp\htdocs\api\fetchdata.php(2): include('C:\\xampp\\htdocs...')
#2 {main}
  thrown in C:\xampp\htdocs\api\index.php on line 8
[08-Mar-2023 12:30:39 Europe/Berlin] PHP Fatal error:  Uncaught mysqli_sql_exception: Only one usage of each socket address (protocol/network address/port) is normally permitted in C:\xampp\htdocs\api\index.php:8
Stack trace:
#0 C:\xampp\htdocs\api\index.php(8): mysqli_connect('localhost', 'root', '', 'project')
#1 C:\xampp\htdocs\api\fetchdata.php(2): include('C:\\xampp\\htdocs...')
#2 {main}
  thrown in C:\xampp\htdocs\api\index.php on line 8
[08-Mar-2023 12:30:39 Europe/Berlin] PHP Fatal error:  Uncaught mysqli_sql_exception: Only one usage of each socket address (protocol/network address/port) is normally permitted in C:\xampp\htdocs\api\index.php:8
Stack trace:
#0 C:\xampp\htdocs\api\index.php(8): mysqli_connect('localhost', 'root', '', 'project')
#1 C:\xampp\htdocs\api\fetchdata.php(2): include('C:\\xampp\\htdocs...')
#2 {main}
  thrown in C:\xampp\htdocs\api\index.php on line 8
[08-Mar-2023 12:30:39 Europe/Berlin] PHP Fatal error:  Uncaught mysqli_sql_exception: Only one usage of each socket address (protocol/network address/port) is normally permitted in C:\xampp\htdocs\api\index.php:8
Stack trace:
#0 C:\xampp\htdocs\api\index.php(8): mysqli_connect('localhost', 'root', '', 'project')
#1 C:\xampp\htdocs\api\fetchdata.php(2): include('C:\\xampp\\htdocs...')
#2 {main}
  thrown in C:\xampp\htdocs\api\index.php on line 8
[08-Mar-2023 12:30:40 Europe/Berlin] PHP Fatal error:  Uncaught mysqli_sql_exception: Only one usage of each socket address (protocol/network address/port) is normally permitted in C:\xampp\htdocs\api\index.php:8
Stack trace:
#0 C:\xampp\htdocs\api\index.php(8): mysqli_connect('localhost', 'root', '', 'project')
#1 C:\xampp\htdocs\api\fetchdata.php(2): include('C:\\xampp\\htdocs...')
#2 {main}
  thrown in C:\xampp\htdocs\api\index.php on line 8
[08-Mar-2023 12:30:40 Europe/Berlin] PHP Fatal error:  Uncaught mysqli_sql_exception: Only one usage of each socket address (protocol/network address/port) is normally permitted in C:\xampp\htdocs\api\index.php:8
Stack trace:
#0 C:\xampp\htdocs\api\index.php(8): mysqli_connect('localhost', 'root', '', 'project')
#1 C:\xampp\htdocs\api\fetchdata.php(2): include('C:\\xampp\\htdocs...')
#2 {main}
  thrown in C:\xampp\htdocs\api\index.php on line 8
[08-Mar-2023 12:30:40 Europe/Berlin] PHP Fatal error:  Uncaught mysqli_sql_exception: Only one usage of each socket address (protocol/network address/port) is normally permitted in C:\xampp\htdocs\api\index.php:8
Stack trace:
#0 C:\xampp\htdocs\api\index.php(8): mysqli_connect('localhost', 'root', '', 'project')
#1 C:\xampp\htdocs\api\fetchdata.php(2): include('C:\\xampp\\htdocs...')
#2 {main}
  thrown in C:\xampp\htdocs\api\index.php on line 8
[08-Mar-2023 12:30:40 Europe/Berlin] PHP Fatal error:  Uncaught mysqli_sql_exception: Only one usage of each socket address (protocol/network address/port) is normally permitted in C:\xampp\htdocs\api\index.php:8
Stack trace:
#0 C:\xampp\htdocs\api\index.php(8): mysqli_connect('localhost', 'root', '', 'project')
#1 C:\xampp\htdocs\api\fetchdata.php(2): include('C:\\xampp\\htdocs...')
#2 {main}
  thrown in C:\xampp\htdocs\api\index.php on line 8
[08-Mar-2023 12:30:40 Europe/Berlin] PHP Fatal error:  Uncaught mysqli_sql_exception: Only one usage of each socket address (protocol/network address/port) is normally permitted in C:\xampp\htdocs\api\index.php:8
Stack trace:
#0 C:\xampp\htdocs\api\index.php(8): mysqli_connect('localhost', 'root', '', 'project')
#1 C:\xampp\htdocs\api\fetchdata.php(2): include('C:\\xampp\\htdocs...')
#2 {main}
  thrown in C:\xampp\htdocs\api\index.php on line 8
[08-Mar-2023 12:30:40 Europe/Berlin] PHP Fatal error:  Uncaught mysqli_sql_exception: Only one usage of each socket address (protocol/network address/port) is normally permitted in C:\xampp\htdocs\api\index.php:8
Stack trace:
#0 C:\xampp\htdocs\api\index.php(8): mysqli_connect('localhost', 'root', '', 'project')
#1 C:\xampp\htdocs\api\fetchdata.php(2): include('C:\\xampp\\htdocs...')
#2 {main}
  thrown in C:\xampp\htdocs\api\index.php on line 8
[08-Mar-2023 12:30:40 Europe/Berlin] PHP Fatal error:  Uncaught mysqli_sql_exception: Only one usage of each socket address (protocol/network address/port) is normally permitted in C:\xampp\htdocs\api\index.php:8
Stack trace:
#0 C:\xampp\htdocs\api\index.php(8): mysqli_connect('localhost', 'root', '', 'project')
#1 C:\xampp\htdocs\api\fetchdata.php(2): include('C:\\xampp\\htdocs...')
#2 {main}
  thrown in C:\xampp\htdocs\api\index.php on line 8
[08-Mar-2023 12:30:40 Europe/Berlin] PHP Fatal error:  Uncaught mysqli_sql_exception: Only one usage of each socket address (protocol/network address/port) is normally permitted in C:\xampp\htdocs\api\index.php:8
Stack trace:
#0 C:\xampp\htdocs\api\index.php(8): mysqli_connect('localhost', 'root', '', 'project')
#1 C:\xampp\htdocs\api\fetchdata.php(2): include('C:\\xampp\\htdocs...')
#2 {main}
  thrown in C:\xampp\htdocs\api\index.php on line 8
[08-Mar-2023 12:30:40 Europe/Berlin] PHP Fatal error:  Uncaught mysqli_sql_exception: Only one usage of each socket address (protocol/network address/port) is normally permitted in C:\xampp\htdocs\api\index.php:8
Stack trace:
#0 C:\xampp\htdocs\api\index.php(8): mysqli_connect('localhost', 'root', '', 'project')
#1 C:\xampp\htdocs\api\fetchdata.php(2): include('C:\\xampp\\htdocs...')
#2 {main}
  thrown in C:\xampp\htdocs\api\index.php on line 8
[08-Mar-2023 12:30:40 Europe/Berlin] PHP Fatal error:  Uncaught mysqli_sql_exception: Only one usage of each socket address (protocol/network address/port) is normally permitted in C:\xampp\htdocs\api\index.php:8
Stack trace:
#0 C:\xampp\htdocs\api\index.php(8): mysqli_connect('localhost', 'root', '', 'project')
#1 C:\xampp\htdocs\api\fetchdata.php(2): include('C:\\xampp\\htdocs...')
#2 {main}
  thrown in C:\xampp\htdocs\api\index.php on line 8
[08-Mar-2023 12:30:40 Europe/Berlin] PHP Fatal error:  Uncaught mysqli_sql_exception: Only one usage of each socket address (protocol/network address/port) is normally permitted in C:\xampp\htdocs\api\index.php:8
Stack trace:
#0 C:\xampp\htdocs\api\index.php(8): mysqli_connect('localhost', 'root', '', 'project')
#1 C:\xampp\htdocs\api\fetchdata.php(2): include('C:\\xampp\\htdocs...')
#2 {main}
  thrown in C:\xampp\htdocs\api\index.php on line 8
[08-Mar-2023 12:30:40 Europe/Berlin] PHP Fatal error:  Uncaught mysqli_sql_exception: Only one usage of each socket address (protocol/network address/port) is normally permitted in C:\xampp\htdocs\api\index.php:8
Stack trace:
#0 C:\xampp\htdocs\api\index.php(8): mysqli_connect('localhost', 'root', '', 'project')
#1 C:\xampp\htdocs\api\fetchdata.php(2): include('C:\\xampp\\htdocs...')
#2 {main}
  thrown in C:\xampp\htdocs\api\index.php on line 8
[08-Mar-2023 12:30:40 Europe/Berlin] PHP Fatal error:  Uncaught mysqli_sql_exception: Only one usage of each socket address (protocol/network address/port) is normally permitted in C:\xampp\htdocs\api\index.php:8
Stack trace:
#0 C:\xampp\htdocs\api\index.php(8): mysqli_connect('localhost', 'root', '', 'project')
#1 C:\xampp\htdocs\api\fetchdata.php(2): include('C:\\xampp\\htdocs...')
#2 {main}
  thrown in C:\xampp\htdocs\api\index.php on line 8
[08-Mar-2023 12:30:40 Europe/Berlin] PHP Fatal error:  Uncaught mysqli_sql_exception: Only one usage of each socket address (protocol/network address/port) is normally permitted in C:\xampp\htdocs\api\index.php:8
Stack trace:
#0 C:\xampp\htdocs\api\index.php(8): mysqli_connect('localhost', 'root', '', 'project')
#1 C:\xampp\htdocs\api\fetchdata.php(2): include('C:\\xampp\\htdocs...')
#2 {main}
  thrown in C:\xampp\htdocs\api\index.php on line 8
[08-Mar-2023 12:30:40 Europe/Berlin] PHP Fatal error:  Uncaught mysqli_sql_exception: Only one usage of each socket address (protocol/network address/port) is normally permitted in C:\xampp\htdocs\api\index.php:8
Stack trace:
#0 C:\xampp\htdocs\api\index.php(8): mysqli_connect('localhost', 'root', '', 'project')
#1 C:\xampp\htdocs\api\fetchdata.php(2): include('C:\\xampp\\htdocs...')
#2 {main}
  thrown in C:\xampp\htdocs\api\index.php on line 8
[08-Mar-2023 12:30:40 Europe/Berlin] PHP Fatal error:  Uncaught mysqli_sql_exception: Only one usage of each socket address (protocol/network address/port) is normally permitted in C:\xampp\htdocs\api\index.php:8
Stack trace:
#0 C:\xampp\htdocs\api\index.php(8): mysqli_connect('localhost', 'root', '', 'project')
#1 C:\xampp\htdocs\api\fetchdata.php(2): include('C:\\xampp\\htdocs...')
#2 {main}
  thrown in C:\xampp\htdocs\api\index.php on line 8
[08-Mar-2023 12:30:40 Europe/Berlin] PHP Fatal error:  Uncaught mysqli_sql_exception: Only one usage of each socket address (protocol/network address/port) is normally permitted in C:\xampp\htdocs\api\index.php:8
Stack trace:
#0 C:\xampp\htdocs\api\index.php(8): mysqli_connect('localhost', 'root', '', 'project')
#1 C:\xampp\htdocs\api\fetchdata.php(2): include('C:\\xampp\\htdocs...')
#2 {main}
  thrown in C:\xampp\htdocs\api\index.php on line 8
[08-Mar-2023 12:30:40 Europe/Berlin] PHP Fatal error:  Uncaught mysqli_sql_exception: Only one usage of each socket address (protocol/network address/port) is normally permitted in C:\xampp\htdocs\api\index.php:8
Stack trace:
#0 C:\xampp\htdocs\api\index.php(8): mysqli_connect('localhost', 'root', '', 'project')
#1 C:\xampp\htdocs\api\fetchdata.php(2): include('C:\\xampp\\htdocs...')
#2 {main}
  thrown in C:\xampp\htdocs\api\index.php on line 8
[08-Mar-2023 12:30:40 Europe/Berlin] PHP Fatal error:  Uncaught mysqli_sql_exception: Only one usage of each socket address (protocol/network address/port) is normally permitted in C:\xampp\htdocs\api\index.php:8
Stack trace:
#0 C:\xampp\htdocs\api\index.php(8): mysqli_connect('localhost', 'root', '', 'project')
#1 C:\xampp\htdocs\api\fetchdata.php(2): include('C:\\xampp\\htdocs...')
#2 {main}
  thrown in C:\xampp\htdocs\api\index.php on line 8
[08-Mar-2023 12:30:40 Europe/Berlin] PHP Fatal error:  Uncaught mysqli_sql_exception: Only one usage of each socket address (protocol/network address/port) is normally permitted in C:\xampp\htdocs\api\index.php:8
Stack trace:
#0 C:\xampp\htdocs\api\index.php(8): mysqli_connect('localhost', 'root', '', 'project')
#1 C:\xampp\htdocs\api\fetchdata.php(2): include('C:\\xampp\\htdocs...')
#2 {main}
  thrown in C:\xampp\htdocs\api\index.php on line 8
[08-Mar-2023 12:30:40 Europe/Berlin] PHP Fatal error:  Uncaught mysqli_sql_exception: Only one usage of each socket address (protocol/network address/port) is normally permitted in C:\xampp\htdocs\api\index.php:8
Stack trace:
#0 C:\xampp\htdocs\api\index.php(8): mysqli_connect('localhost', 'root', '', 'project')
#1 C:\xampp\htdocs\api\fetchdata.php(2): include('C:\\xampp\\htdocs...')
#2 {main}
  thrown in C:\xampp\htdocs\api\index.php on line 8
[08-Mar-2023 12:30:40 Europe/Berlin] PHP Fatal error:  Uncaught mysqli_sql_exception: Only one usage of each socket address (protocol/network address/port) is normally permitted in C:\xampp\htdocs\api\index.php:8
Stack trace:
#0 C:\xampp\htdocs\api\index.php(8): mysqli_connect('localhost', 'root', '', 'project')
#1 C:\xampp\htdocs\api\fetchdata.php(2): include('C:\\xampp\\htdocs...')
#2 {main}
  thrown in C:\xampp\htdocs\api\index.php on line 8
[08-Mar-2023 12:30:40 Europe/Berlin] PHP Fatal error:  Uncaught mysqli_sql_exception: Only one usage of each socket address (protocol/network address/port) is normally permitted in C:\xampp\htdocs\api\index.php:8
Stack trace:
#0 C:\xampp\htdocs\api\index.php(8): mysqli_connect('localhost', 'root', '', 'project')
#1 C:\xampp\htdocs\api\fetchdata.php(2): include('C:\\xampp\\htdocs...')
#2 {main}
  thrown in C:\xampp\htdocs\api\index.php on line 8
[08-Mar-2023 12:30:40 Europe/Berlin] PHP Fatal error:  Uncaught mysqli_sql_exception: Only one usage of each socket address (protocol/network address/port) is normally permitted in C:\xampp\htdocs\api\index.php:8
Stack trace:
#0 C:\xampp\htdocs\api\index.php(8): mysqli_connect('localhost', 'root', '', 'project')
#1 C:\xampp\htdocs\api\fetchdata.php(2): include('C:\\xampp\\htdocs...')
#2 {main}
  thrown in C:\xampp\htdocs\api\index.php on line 8
[08-Mar-2023 12:30:40 Europe/Berlin] PHP Fatal error:  Uncaught mysqli_sql_exception: Only one usage of each socket address (protocol/network address/port) is normally permitted in C:\xampp\htdocs\api\index.php:8
Stack trace:
#0 C:\xampp\htdocs\api\index.php(8): mysqli_connect('localhost', 'root', '', 'project')
#1 C:\xampp\htdocs\api\fetchdata.php(2): include('C:\\xampp\\htdocs...')
#2 {main}
  thrown in C:\xampp\htdocs\api\index.php on line 8
[08-Mar-2023 12:30:40 Europe/Berlin] PHP Fatal error:  Uncaught mysqli_sql_exception: Only one usage of each socket address (protocol/network address/port) is normally permitted in C:\xampp\htdocs\api\index.php:8
Stack trace:
#0 C:\xampp\htdocs\api\index.php(8): mysqli_connect('localhost', 'root', '', 'project')
#1 C:\xampp\htdocs\api\fetchdata.php(2): include('C:\\xampp\\htdocs...')
#2 {main}
  thrown in C:\xampp\htdocs\api\index.php on line 8
[08-Mar-2023 12:30:40 Europe/Berlin] PHP Fatal error:  Uncaught mysqli_sql_exception: Only one usage of each socket address (protocol/network address/port) is normally permitted in C:\xampp\htdocs\api\index.php:8
Stack trace:
#0 C:\xampp\htdocs\api\index.php(8): mysqli_connect('localhost', 'root', '', 'project')
#1 C:\xampp\htdocs\api\fetchdata.php(2): include('C:\\xampp\\htdocs...')
#2 {main}
  thrown in C:\xampp\htdocs\api\index.php on line 8
[08-Mar-2023 12:30:40 Europe/Berlin] PHP Fatal error:  Uncaught mysqli_sql_exception: Only one usage of each socket address (protocol/network address/port) is normally permitted in C:\xampp\htdocs\api\index.php:8
Stack trace:
#0 C:\xampp\htdocs\api\index.php(8): mysqli_connect('localhost', 'root', '', 'project')
#1 C:\xampp\htdocs\api\fetchdata.php(2): include('C:\\xampp\\htdocs...')
#2 {main}
  thrown in C:\xampp\htdocs\api\index.php on line 8
[08-Mar-2023 12:30:40 Europe/Berlin] PHP Fatal error:  Uncaught mysqli_sql_exception: Only one usage of each socket address (protocol/network address/port) is normally permitted in C:\xampp\htdocs\api\index.php:8
Stack trace:
#0 C:\xampp\htdocs\api\index.php(8): mysqli_connect('localhost', 'root', '', 'project')
#1 C:\xampp\htdocs\api\fetchdata.php(2): include('C:\\xampp\\htdocs...')
#2 {main}
  thrown in C:\xampp\htdocs\api\index.php on line 8
[08-Mar-2023 12:30:40 Europe/Berlin] PHP Fatal error:  Uncaught mysqli_sql_exception: Only one usage of each socket address (protocol/network address/port) is normally permitted in C:\xampp\htdocs\api\index.php:8
Stack trace:
#0 C:\xampp\htdocs\api\index.php(8): mysqli_connect('localhost', 'root', '', 'project')
#1 C:\xampp\htdocs\api\fetchdata.php(2): include('C:\\xampp\\htdocs...')
#2 {main}
  thrown in C:\xampp\htdocs\api\index.php on line 8
[08-Mar-2023 12:30:40 Europe/Berlin] PHP Fatal error:  Uncaught mysqli_sql_exception: Only one usage of each socket address (protocol/network address/port) is normally permitted in C:\xampp\htdocs\api\index.php:8
Stack trace:
#0 C:\xampp\htdocs\api\index.php(8): mysqli_connect('localhost', 'root', '', 'project')
#1 C:\xampp\htdocs\api\fetchdata.php(2): include('C:\\xampp\\htdocs...')
#2 {main}
  thrown in C:\xampp\htdocs\api\index.php on line 8
[08-Mar-2023 12:30:40 Europe/Berlin] PHP Fatal error:  Uncaught mysqli_sql_exception: Only one usage of each socket address (protocol/network address/port) is normally permitted in C:\xampp\htdocs\api\index.php:8
Stack trace:
#0 C:\xampp\htdocs\api\index.php(8): mysqli_connect('localhost', 'root', '', 'project')
#1 C:\xampp\htdocs\api\fetchdata.php(2): include('C:\\xampp\\htdocs...')
#2 {main}
  thrown in C:\xampp\htdocs\api\index.php on line 8
[08-Mar-2023 12:30:40 Europe/Berlin] PHP Fatal error:  Uncaught mysqli_sql_exception: Only one usage of each socket address (protocol/network address/port) is normally permitted in C:\xampp\htdocs\api\index.php:8
Stack trace:
#0 C:\xampp\htdocs\api\index.php(8): mysqli_connect('localhost', 'root', '', 'project')
#1 C:\xampp\htdocs\api\fetchdata.php(2): include('C:\\xampp\\htdocs...')
#2 {main}
  thrown in C:\xampp\htdocs\api\index.php on line 8
[08-Mar-2023 12:30:40 Europe/Berlin] PHP Fatal error:  Uncaught mysqli_sql_exception: Only one usage of each socket address (protocol/network address/port) is normally permitted in C:\xampp\htdocs\api\index.php:8
Stack trace:
#0 C:\xampp\htdocs\api\index.php(8): mysqli_connect('localhost', 'root', '', 'project')
#1 C:\xampp\htdocs\api\fetchdata.php(2): include('C:\\xampp\\htdocs...')
#2 {main}
  thrown in C:\xampp\htdocs\api\index.php on line 8
[08-Mar-2023 12:30:40 Europe/Berlin] PHP Fatal error:  Uncaught mysqli_sql_exception: Only one usage of each socket address (protocol/network address/port) is normally permitted in C:\xampp\htdocs\api\index.php:8
Stack trace:
#0 C:\xampp\htdocs\api\index.php(8): mysqli_connect('localhost', 'root', '', 'project')
#1 C:\xampp\htdocs\api\fetchdata.php(2): include('C:\\xampp\\htdocs...')
#2 {main}
  thrown in C:\xampp\htdocs\api\index.php on line 8
[08-Mar-2023 12:30:40 Europe/Berlin] PHP Fatal error:  Uncaught mysqli_sql_exception: Only one usage of each socket address (protocol/network address/port) is normally permitted in C:\xampp\htdocs\api\index.php:8
Stack trace:
#0 C:\xampp\htdocs\api\index.php(8): mysqli_connect('localhost', 'root', '', 'project')
#1 C:\xampp\htdocs\api\fetchdata.php(2): include('C:\\xampp\\htdocs...')
#2 {main}
  thrown in C:\xampp\htdocs\api\index.php on line 8
[08-Mar-2023 12:30:40 Europe/Berlin] PHP Fatal error:  Uncaught mysqli_sql_exception: Only one usage of each socket address (protocol/network address/port) is normally permitted in C:\xampp\htdocs\api\index.php:8
Stack trace:
#0 C:\xampp\htdocs\api\index.php(8): mysqli_connect('localhost', 'root', '', 'project')
#1 C:\xampp\htdocs\api\fetchdata.php(2): include('C:\\xampp\\htdocs...')
#2 {main}
  thrown in C:\xampp\htdocs\api\index.php on line 8
[08-Mar-2023 12:30:40 Europe/Berlin] PHP Fatal error:  Uncaught mysqli_sql_exception: Only one usage of each socket address (protocol/network address/port) is normally permitted in C:\xampp\htdocs\api\index.php:8
Stack trace:
#0 C:\xampp\htdocs\api\index.php(8): mysqli_connect('localhost', 'root', '', 'project')
#1 C:\xampp\htdocs\api\fetchdata.php(2): include('C:\\xampp\\htdocs...')
#2 {main}
  thrown in C:\xampp\htdocs\api\index.php on line 8
[08-Mar-2023 12:30:40 Europe/Berlin] PHP Fatal error:  Uncaught mysqli_sql_exception: Only one usage of each socket address (protocol/network address/port) is normally permitted in C:\xampp\htdocs\api\index.php:8
Stack trace:
#0 C:\xampp\htdocs\api\index.php(8): mysqli_connect('localhost', 'root', '', 'project')
#1 C:\xampp\htdocs\api\fetchdata.php(2): include('C:\\xampp\\htdocs...')
#2 {main}
  thrown in C:\xampp\htdocs\api\index.php on line 8
[08-Mar-2023 12:30:40 Europe/Berlin] PHP Fatal error:  Uncaught mysqli_sql_exception: Only one usage of each socket address (protocol/network address/port) is normally permitted in C:\xampp\htdocs\api\index.php:8
Stack trace:
#0 C:\xampp\htdocs\api\index.php(8): mysqli_connect('localhost', 'root', '', 'project')
#1 C:\xampp\htdocs\api\fetchdata.php(2): include('C:\\xampp\\htdocs...')
#2 {main}
  thrown in C:\xampp\htdocs\api\index.php on line 8
[08-Mar-2023 12:30:40 Europe/Berlin] PHP Fatal error:  Uncaught mysqli_sql_exception: Only one usage of each socket address (protocol/network address/port) is normally permitted in C:\xampp\htdocs\api\index.php:8
Stack trace:
#0 C:\xampp\htdocs\api\index.php(8): mysqli_connect('localhost', 'root', '', 'project')
#1 C:\xampp\htdocs\api\fetchdata.php(2): include('C:\\xampp\\htdocs...')
#2 {main}
  thrown in C:\xampp\htdocs\api\index.php on line 8
[08-Mar-2023 12:30:40 Europe/Berlin] PHP Fatal error:  Uncaught mysqli_sql_exception: Only one usage of each socket address (protocol/network address/port) is normally permitted in C:\xampp\htdocs\api\index.php:8
Stack trace:
#0 C:\xampp\htdocs\api\index.php(8): mysqli_connect('localhost', 'root', '', 'project')
#1 C:\xampp\htdocs\api\fetchdata.php(2): include('C:\\xampp\\htdocs...')
#2 {main}
  thrown in C:\xampp\htdocs\api\index.php on line 8
[08-Mar-2023 12:30:40 Europe/Berlin] PHP Fatal error:  Uncaught mysqli_sql_exception: Only one usage of each socket address (protocol/network address/port) is normally permitted in C:\xampp\htdocs\api\index.php:8
Stack trace:
#0 C:\xampp\htdocs\api\index.php(8): mysqli_connect('localhost', 'root', '', 'project')
#1 C:\xampp\htdocs\api\fetchdata.php(2): include('C:\\xampp\\htdocs...')
#2 {main}
  thrown in C:\xampp\htdocs\api\index.php on line 8
[08-Mar-2023 12:30:40 Europe/Berlin] PHP Fatal error:  Uncaught mysqli_sql_exception: Only one usage of each socket address (protocol/network address/port) is normally permitted in C:\xampp\htdocs\api\index.php:8
Stack trace:
#0 C:\xampp\htdocs\api\index.php(8): mysqli_connect('localhost', 'root', '', 'project')
#1 C:\xampp\htdocs\api\fetchdata.php(2): include('C:\\xampp\\htdocs...')
#2 {main}
  thrown in C:\xampp\htdocs\api\index.php on line 8
[08-Mar-2023 12:30:40 Europe/Berlin] PHP Fatal error:  Uncaught mysqli_sql_exception: Only one usage of each socket address (protocol/network address/port) is normally permitted in C:\xampp\htdocs\api\index.php:8
Stack trace:
#0 C:\xampp\htdocs\api\index.php(8): mysqli_connect('localhost', 'root', '', 'project')
#1 C:\xampp\htdocs\api\fetchdata.php(2): include('C:\\xampp\\htdocs...')
#2 {main}
  thrown in C:\xampp\htdocs\api\index.php on line 8
[08-Mar-2023 12:30:40 Europe/Berlin] PHP Fatal error:  Uncaught mysqli_sql_exception: Only one usage of each socket address (protocol/network address/port) is normally permitted in C:\xampp\htdocs\api\index.php:8
Stack trace:
#0 C:\xampp\htdocs\api\index.php(8): mysqli_connect('localhost', 'root', '', 'project')
#1 C:\xampp\htdocs\api\fetchdata.php(2): include('C:\\xampp\\htdocs...')
#2 {main}
  thrown in C:\xampp\htdocs\api\index.php on line 8
[08-Mar-2023 12:30:40 Europe/Berlin] PHP Fatal error:  Uncaught mysqli_sql_exception: Only one usage of each socket address (protocol/network address/port) is normally permitted in C:\xampp\htdocs\api\index.php:8
Stack trace:
#0 C:\xampp\htdocs\api\index.php(8): mysqli_connect('localhost', 'root', '', 'project')
#1 C:\xampp\htdocs\api\fetchdata.php(2): include('C:\\xampp\\htdocs...')
#2 {main}
  thrown in C:\xampp\htdocs\api\index.php on line 8
[08-Mar-2023 12:30:40 Europe/Berlin] PHP Fatal error:  Uncaught mysqli_sql_exception: Only one usage of each socket address (protocol/network address/port) is normally permitted in C:\xampp\htdocs\api\index.php:8
Stack trace:
#0 C:\xampp\htdocs\api\index.php(8): mysqli_connect('localhost', 'root', '', 'project')
#1 C:\xampp\htdocs\api\fetchdata.php(2): include('C:\\xampp\\htdocs...')
#2 {main}
  thrown in C:\xampp\htdocs\api\index.php on line 8
[08-Mar-2023 12:30:40 Europe/Berlin] PHP Fatal error:  Uncaught mysqli_sql_exception: Only one usage of each socket address (protocol/network address/port) is normally permitted in C:\xampp\htdocs\api\index.php:8
Stack trace:
#0 C:\xampp\htdocs\api\index.php(8): mysqli_connect('localhost', 'root', '', 'project')
#1 C:\xampp\htdocs\api\fetchdata.php(2): include('C:\\xampp\\htdocs...')
#2 {main}
  thrown in C:\xampp\htdocs\api\index.php on line 8
[08-Mar-2023 12:30:40 Europe/Berlin] PHP Fatal error:  Uncaught mysqli_sql_exception: Only one usage of each socket address (protocol/network address/port) is normally permitted in C:\xampp\htdocs\api\index.php:8
Stack trace:
#0 C:\xampp\htdocs\api\index.php(8): mysqli_connect('localhost', 'root', '', 'project')
#1 C:\xampp\htdocs\api\fetchdata.php(2): include('C:\\xampp\\htdocs...')
#2 {main}
  thrown in C:\xampp\htdocs\api\index.php on line 8
[08-Mar-2023 12:30:40 Europe/Berlin] PHP Fatal error:  Uncaught mysqli_sql_exception: Only one usage of each socket address (protocol/network address/port) is normally permitted in C:\xampp\htdocs\api\index.php:8
Stack trace:
#0 C:\xampp\htdocs\api\index.php(8): mysqli_connect('localhost', 'root', '', 'project')
#1 C:\xampp\htdocs\api\fetchdata.php(2): include('C:\\xampp\\htdocs...')
#2 {main}
  thrown in C:\xampp\htdocs\api\index.php on line 8
[08-Mar-2023 12:30:40 Europe/Berlin] PHP Fatal error:  Uncaught mysqli_sql_exception: Only one usage of each socket address (protocol/network address/port) is normally permitted in C:\xampp\htdocs\api\index.php:8
Stack trace:
#0 C:\xampp\htdocs\api\index.php(8): mysqli_connect('localhost', 'root', '', 'project')
#1 C:\xampp\htdocs\api\fetchdata.php(2): include('C:\\xampp\\htdocs...')
#2 {main}
  thrown in C:\xampp\htdocs\api\index.php on line 8
[08-Mar-2023 12:30:40 Europe/Berlin] PHP Fatal error:  Uncaught mysqli_sql_exception: Only one usage of each socket address (protocol/network address/port) is normally permitted in C:\xampp\htdocs\api\index.php:8
Stack trace:
#0 C:\xampp\htdocs\api\index.php(8): mysqli_connect('localhost', 'root', '', 'project')
#1 C:\xampp\htdocs\api\fetchdata.php(2): include('C:\\xampp\\htdocs...')
#2 {main}
  thrown in C:\xampp\htdocs\api\index.php on line 8
[08-Mar-2023 12:30:40 Europe/Berlin] PHP Fatal error:  Uncaught mysqli_sql_exception: Only one usage of each socket address (protocol/network address/port) is normally permitted in C:\xampp\htdocs\api\index.php:8
Stack trace:
#0 C:\xampp\htdocs\api\index.php(8): mysqli_connect('localhost', 'root', '', 'project')
#1 C:\xampp\htdocs\api\fetchdata.php(2): include('C:\\xampp\\htdocs...')
#2 {main}
  thrown in C:\xampp\htdocs\api\index.php on line 8
[08-Mar-2023 12:30:40 Europe/Berlin] PHP Fatal error:  Uncaught mysqli_sql_exception: Only one usage of each socket address (protocol/network address/port) is normally permitted in C:\xampp\htdocs\api\index.php:8
Stack trace:
#0 C:\xampp\htdocs\api\index.php(8): mysqli_connect('localhost', 'root', '', 'project')
#1 C:\xampp\htdocs\api\fetchdata.php(2): include('C:\\xampp\\htdocs...')
#2 {main}
  thrown in C:\xampp\htdocs\api\index.php on line 8
[08-Mar-2023 12:30:40 Europe/Berlin] PHP Fatal error:  Uncaught mysqli_sql_exception: Only one usage of each socket address (protocol/network address/port) is normally permitted in C:\xampp\htdocs\api\index.php:8
Stack trace:
#0 C:\xampp\htdocs\api\index.php(8): mysqli_connect('localhost', 'root', '', 'project')
#1 C:\xampp\htdocs\api\fetchdata.php(2): include('C:\\xampp\\htdocs...')
#2 {main}
  thrown in C:\xampp\htdocs\api\index.php on line 8
[08-Mar-2023 12:30:40 Europe/Berlin] PHP Fatal error:  Uncaught mysqli_sql_exception: Only one usage of each socket address (protocol/network address/port) is normally permitted in C:\xampp\htdocs\api\index.php:8
Stack trace:
#0 C:\xampp\htdocs\api\index.php(8): mysqli_connect('localhost', 'root', '', 'project')
#1 C:\xampp\htdocs\api\fetchdata.php(2): include('C:\\xampp\\htdocs...')
#2 {main}
  thrown in C:\xampp\htdocs\api\index.php on line 8
[08-Mar-2023 12:30:40 Europe/Berlin] PHP Fatal error:  Uncaught mysqli_sql_exception: Only one usage of each socket address (protocol/network address/port) is normally permitted in C:\xampp\htdocs\api\index.php:8
Stack trace:
#0 C:\xampp\htdocs\api\index.php(8): mysqli_connect('localhost', 'root', '', 'project')
#1 C:\xampp\htdocs\api\fetchdata.php(2): include('C:\\xampp\\htdocs...')
#2 {main}
  thrown in C:\xampp\htdocs\api\index.php on line 8
[08-Mar-2023 12:30:40 Europe/Berlin] PHP Fatal error:  Uncaught mysqli_sql_exception: Only one usage of each socket address (protocol/network address/port) is normally permitted in C:\xampp\htdocs\api\index.php:8
Stack trace:
#0 C:\xampp\htdocs\api\index.php(8): mysqli_connect('localhost', 'root', '', 'project')
#1 C:\xampp\htdocs\api\fetchdata.php(2): include('C:\\xampp\\htdocs...')
#2 {main}
  thrown in C:\xampp\htdocs\api\index.php on line 8
[08-Mar-2023 12:30:40 Europe/Berlin] PHP Fatal error:  Uncaught mysqli_sql_exception: Only one usage of each socket address (protocol/network address/port) is normally permitted in C:\xampp\htdocs\api\index.php:8
Stack trace:
#0 C:\xampp\htdocs\api\index.php(8): mysqli_connect('localhost', 'root', '', 'project')
#1 C:\xampp\htdocs\api\fetchdata.php(2): include('C:\\xampp\\htdocs...')
#2 {main}
  thrown in C:\xampp\htdocs\api\index.php on line 8
[08-Mar-2023 12:30:40 Europe/Berlin] PHP Fatal error:  Uncaught mysqli_sql_exception: Only one usage of each socket address (protocol/network address/port) is normally permitted in C:\xampp\htdocs\api\index.php:8
Stack trace:
#0 C:\xampp\htdocs\api\index.php(8): mysqli_connect('localhost', 'root', '', 'project')
#1 C:\xampp\htdocs\api\fetchdata.php(2): include('C:\\xampp\\htdocs...')
#2 {main}
  thrown in C:\xampp\htdocs\api\index.php on line 8
[08-Mar-2023 12:30:45 Europe/Berlin] PHP Fatal error:  Uncaught mysqli_sql_exception: Only one usage of each socket address (protocol/network address/port) is normally permitted in C:\xampp\htdocs\api\index.php:8
Stack trace:
#0 C:\xampp\htdocs\api\index.php(8): mysqli_connect('localhost', 'root', '', 'project')
#1 C:\xampp\htdocs\api\fetchdata.php(2): include('C:\\xampp\\htdocs...')
#2 {main}
  thrown in C:\xampp\htdocs\api\index.php on line 8
[08-Mar-2023 12:30:45 Europe/Berlin] PHP Fatal error:  Uncaught mysqli_sql_exception: Only one usage of each socket address (protocol/network address/port) is normally permitted in C:\xampp\htdocs\api\index.php:8
Stack trace:
#0 C:\xampp\htdocs\api\index.php(8): mysqli_connect('localhost', 'root', '', 'project')
#1 C:\xampp\htdocs\api\fetchdata.php(2): include('C:\\xampp\\htdocs...')
#2 {main}
  thrown in C:\xampp\htdocs\api\index.php on line 8
[08-Mar-2023 12:30:46 Europe/Berlin] PHP Fatal error:  Uncaught mysqli_sql_exception: Only one usage of each socket address (protocol/network address/port) is normally permitted in C:\xampp\htdocs\api\index.php:8
Stack trace:
#0 C:\xampp\htdocs\api\index.php(8): mysqli_connect('localhost', 'root', '', 'project')
#1 C:\xampp\htdocs\api\fetchdata.php(2): include('C:\\xampp\\htdocs...')
#2 {main}
  thrown in C:\xampp\htdocs\api\index.php on line 8
[08-Mar-2023 12:30:46 Europe/Berlin] PHP Fatal error:  Uncaught mysqli_sql_exception: Only one usage of each socket address (protocol/network address/port) is normally permitted in C:\xampp\htdocs\api\index.php:8
Stack trace:
#0 C:\xampp\htdocs\api\index.php(8): mysqli_connect('localhost', 'root', '', 'project')
#1 C:\xampp\htdocs\api\fetchdata.php(2): include('C:\\xampp\\htdocs...')
#2 {main}
  thrown in C:\xampp\htdocs\api\index.php on line 8
[08-Mar-2023 12:30:46 Europe/Berlin] PHP Fatal error:  Uncaught mysqli_sql_exception: Only one usage of each socket address (protocol/network address/port) is normally permitted in C:\xampp\htdocs\api\index.php:8
Stack trace:
#0 C:\xampp\htdocs\api\index.php(8): mysqli_connect('localhost', 'root', '', 'project')
#1 C:\xampp\htdocs\api\fetchdata.php(2): include('C:\\xampp\\htdocs...')
#2 {main}
  thrown in C:\xampp\htdocs\api\index.php on line 8
[08-Mar-2023 12:34:46 Europe/Berlin] PHP Fatal error:  Uncaught mysqli_sql_exception: Only one usage of each socket address (protocol/network address/port) is normally permitted in C:\xampp\htdocs\api\index.php:8
Stack trace:
#0 C:\xampp\htdocs\api\index.php(8): mysqli_connect('localhost', 'root', '', 'project')
#1 C:\xampp\htdocs\api\fetchdata.php(2): include('C:\\xampp\\htdocs...')
#2 {main}
  thrown in C:\xampp\htdocs\api\index.php on line 8
[08-Mar-2023 12:34:46 Europe/Berlin] PHP Fatal error:  Uncaught mysqli_sql_exception: Only one usage of each socket address (protocol/network address/port) is normally permitted in C:\xampp\htdocs\api\index.php:8
Stack trace:
#0 C:\xampp\htdocs\api\index.php(8): mysqli_connect('localhost', 'root', '', 'project')
#1 C:\xampp\htdocs\api\fetchdata.php(2): include('C:\\xampp\\htdocs...')
#2 {main}
  thrown in C:\xampp\htdocs\api\index.php on line 8
[08-Mar-2023 12:34:46 Europe/Berlin] PHP Fatal error:  Uncaught mysqli_sql_exception: Only one usage of each socket address (protocol/network address/port) is normally permitted in C:\xampp\htdocs\api\index.php:8
Stack trace:
#0 C:\xampp\htdocs\api\index.php(8): mysqli_connect('localhost', 'root', '', 'project')
#1 C:\xampp\htdocs\api\fetchdata.php(2): include('C:\\xampp\\htdocs...')
#2 {main}
  thrown in C:\xampp\htdocs\api\index.php on line 8
[08-Mar-2023 12:34:46 Europe/Berlin] PHP Fatal error:  Uncaught mysqli_sql_exception: Only one usage of each socket address (protocol/network address/port) is normally permitted in C:\xampp\htdocs\api\index.php:8
Stack trace:
#0 C:\xampp\htdocs\api\index.php(8): mysqli_connect('localhost', 'root', '', 'project')
#1 C:\xampp\htdocs\api\fetchdata.php(2): include('C:\\xampp\\htdocs...')
#2 {main}
  thrown in C:\xampp\htdocs\api\index.php on line 8
[08-Mar-2023 12:34:46 Europe/Berlin] PHP Fatal error:  Uncaught mysqli_sql_exception: Only one usage of each socket address (protocol/network address/port) is normally permitted in C:\xampp\htdocs\api\index.php:8
Stack trace:
#0 C:\xampp\htdocs\api\index.php(8): mysqli_connect('localhost', 'root', '', 'project')
#1 C:\xampp\htdocs\api\fetchdata.php(2): include('C:\\xampp\\htdocs...')
#2 {main}
  thrown in C:\xampp\htdocs\api\index.php on line 8
[08-Mar-2023 12:34:46 Europe/Berlin] PHP Fatal error:  Uncaught mysqli_sql_exception: Only one usage of each socket address (protocol/network address/port) is normally permitted in C:\xampp\htdocs\api\index.php:8
Stack trace:
#0 C:\xampp\htdocs\api\index.php(8): mysqli_connect('localhost', 'root', '', 'project')
#1 C:\xampp\htdocs\api\fetchdata.php(2): include('C:\\xampp\\htdocs...')
#2 {main}
  thrown in C:\xampp\htdocs\api\index.php on line 8
[08-Mar-2023 12:34:46 Europe/Berlin] PHP Fatal error:  Uncaught mysqli_sql_exception: Only one usage of each socket address (protocol/network address/port) is normally permitted in C:\xampp\htdocs\api\index.php:8
Stack trace:
#0 C:\xampp\htdocs\api\index.php(8): mysqli_connect('localhost', 'root', '', 'project')
#1 C:\xampp\htdocs\api\fetchdata.php(2): include('C:\\xampp\\htdocs...')
#2 {main}
  thrown in C:\xampp\htdocs\api\index.php on line 8
[08-Mar-2023 12:34:46 Europe/Berlin] PHP Fatal error:  Uncaught mysqli_sql_exception: Only one usage of each socket address (protocol/network address/port) is normally permitted in C:\xampp\htdocs\api\index.php:8
Stack trace:
#0 C:\xampp\htdocs\api\index.php(8): mysqli_connect('localhost', 'root', '', 'project')
#1 C:\xampp\htdocs\api\fetchdata.php(2): include('C:\\xampp\\htdocs...')
#2 {main}
  thrown in C:\xampp\htdocs\api\index.php on line 8
[08-Mar-2023 12:34:46 Europe/Berlin] PHP Fatal error:  Uncaught mysqli_sql_exception: Only one usage of each socket address (protocol/network address/port) is normally permitted in C:\xampp\htdocs\api\index.php:8
Stack trace:
#0 C:\xampp\htdocs\api\index.php(8): mysqli_connect('localhost', 'root', '', 'project')
#1 C:\xampp\htdocs\api\fetchdata.php(2): include('C:\\xampp\\htdocs...')
#2 {main}
  thrown in C:\xampp\htdocs\api\index.php on line 8
[08-Mar-2023 12:34:46 Europe/Berlin] PHP Fatal error:  Uncaught mysqli_sql_exception: Only one usage of each socket address (protocol/network address/port) is normally permitted in C:\xampp\htdocs\api\index.php:8
Stack trace:
#0 C:\xampp\htdocs\api\index.php(8): mysqli_connect('localhost', 'root', '', 'project')
#1 C:\xampp\htdocs\api\fetchdata.php(2): include('C:\\xampp\\htdocs...')
#2 {main}
  thrown in C:\xampp\htdocs\api\index.php on line 8
[08-Mar-2023 12:34:46 Europe/Berlin] PHP Fatal error:  Uncaught mysqli_sql_exception: Only one usage of each socket address (protocol/network address/port) is normally permitted in C:\xampp\htdocs\api\index.php:8
Stack trace:
#0 C:\xampp\htdocs\api\index.php(8): mysqli_connect('localhost', 'root', '', 'project')
#1 C:\xampp\htdocs\api\fetchdata.php(2): include('C:\\xampp\\htdocs...')
#2 {main}
  thrown in C:\xampp\htdocs\api\index.php on line 8
[08-Mar-2023 12:34:46 Europe/Berlin] PHP Fatal error:  Uncaught mysqli_sql_exception: Only one usage of each socket address (protocol/network address/port) is normally permitted in C:\xampp\htdocs\api\index.php:8
Stack trace:
#0 C:\xampp\htdocs\api\index.php(8): mysqli_connect('localhost', 'root', '', 'project')
#1 C:\xampp\htdocs\api\fetchdata.php(2): include('C:\\xampp\\htdocs...')
#2 {main}
  thrown in C:\xampp\htdocs\api\index.php on line 8
[08-Mar-2023 12:34:46 Europe/Berlin] PHP Fatal error:  Uncaught mysqli_sql_exception: Only one usage of each socket address (protocol/network address/port) is normally permitted in C:\xampp\htdocs\api\index.php:8
Stack trace:
#0 C:\xampp\htdocs\api\index.php(8): mysqli_connect('localhost', 'root', '', 'project')
#1 C:\xampp\htdocs\api\fetchdata.php(2): include('C:\\xampp\\htdocs...')
#2 {main}
  thrown in C:\xampp\htdocs\api\index.php on line 8
[08-Mar-2023 12:34:46 Europe/Berlin] PHP Fatal error:  Uncaught mysqli_sql_exception: Only one usage of each socket address (protocol/network address/port) is normally permitted in C:\xampp\htdocs\api\index.php:8
Stack trace:
#0 C:\xampp\htdocs\api\index.php(8): mysqli_connect('localhost', 'root', '', 'project')
#1 C:\xampp\htdocs\api\fetchdata.php(2): include('C:\\xampp\\htdocs...')
#2 {main}
  thrown in C:\xampp\htdocs\api\index.php on line 8
[08-Mar-2023 12:34:46 Europe/Berlin] PHP Fatal error:  Uncaught mysqli_sql_exception: Only one usage of each socket address (protocol/network address/port) is normally permitted in C:\xampp\htdocs\api\index.php:8
Stack trace:
#0 C:\xampp\htdocs\api\index.php(8): mysqli_connect('localhost', 'root', '', 'project')
#1 C:\xampp\htdocs\api\fetchdata.php(2): include('C:\\xampp\\htdocs...')
#2 {main}
  thrown in C:\xampp\htdocs\api\index.php on line 8
[08-Mar-2023 12:34:46 Europe/Berlin] PHP Fatal error:  Uncaught mysqli_sql_exception: Only one usage of each socket address (protocol/network address/port) is normally permitted in C:\xampp\htdocs\api\index.php:8
Stack trace:
#0 C:\xampp\htdocs\api\index.php(8): mysqli_connect('localhost', 'root', '', 'project')
#1 C:\xampp\htdocs\api\fetchdata.php(2): include('C:\\xampp\\htdocs...')
#2 {main}
  thrown in C:\xampp\htdocs\api\index.php on line 8
[08-Mar-2023 12:34:46 Europe/Berlin] PHP Fatal error:  Uncaught mysqli_sql_exception: Only one usage of each socket address (protocol/network address/port) is normally permitted in C:\xampp\htdocs\api\index.php:8
Stack trace:
#0 C:\xampp\htdocs\api\index.php(8): mysqli_connect('localhost', 'root', '', 'project')
#1 C:\xampp\htdocs\api\fetchdata.php(2): include('C:\\xampp\\htdocs...')
#2 {main}
  thrown in C:\xampp\htdocs\api\index.php on line 8
[08-Mar-2023 12:34:46 Europe/Berlin] PHP Fatal error:  Uncaught mysqli_sql_exception: Only one usage of each socket address (protocol/network address/port) is normally permitted in C:\xampp\htdocs\api\index.php:8
Stack trace:
#0 C:\xampp\htdocs\api\index.php(8): mysqli_connect('localhost', 'root', '', 'project')
#1 C:\xampp\htdocs\api\fetchdata.php(2): include('C:\\xampp\\htdocs...')
#2 {main}
  thrown in C:\xampp\htdocs\api\index.php on line 8
[08-Mar-2023 12:34:46 Europe/Berlin] PHP Fatal error:  Uncaught mysqli_sql_exception: Only one usage of each socket address (protocol/network address/port) is normally permitted in C:\xampp\htdocs\api\index.php:8
Stack trace:
#0 C:\xampp\htdocs\api\index.php(8): mysqli_connect('localhost', 'root', '', 'project')
#1 C:\xampp\htdocs\api\fetchdata.php(2): include('C:\\xampp\\htdocs...')
#2 {main}
  thrown in C:\xampp\htdocs\api\index.php on line 8
[08-Mar-2023 12:34:46 Europe/Berlin] PHP Fatal error:  Uncaught mysqli_sql_exception: Only one usage of each socket address (protocol/network address/port) is normally permitted in C:\xampp\htdocs\api\index.php:8
Stack trace:
#0 C:\xampp\htdocs\api\index.php(8): mysqli_connect('localhost', 'root', '', 'project')
#1 C:\xampp\htdocs\api\fetchdata.php(2): include('C:\\xampp\\htdocs...')
#2 {main}
  thrown in C:\xampp\htdocs\api\index.php on line 8
[08-Mar-2023 12:34:46 Europe/Berlin] PHP Fatal error:  Uncaught mysqli_sql_exception: Only one usage of each socket address (protocol/network address/port) is normally permitted in C:\xampp\htdocs\api\index.php:8
Stack trace:
#0 C:\xampp\htdocs\api\index.php(8): mysqli_connect('localhost', 'root', '', 'project')
#1 C:\xampp\htdocs\api\fetchdata.php(2): include('C:\\xampp\\htdocs...')
#2 {main}
  thrown in C:\xampp\htdocs\api\index.php on line 8
[08-Mar-2023 12:34:46 Europe/Berlin] PHP Fatal error:  Uncaught mysqli_sql_exception: Only one usage of each socket address (protocol/network address/port) is normally permitted in C:\xampp\htdocs\api\index.php:8
Stack trace:
#0 C:\xampp\htdocs\api\index.php(8): mysqli_connect('localhost', 'root', '', 'project')
#1 C:\xampp\htdocs\api\fetchdata.php(2): include('C:\\xampp\\htdocs...')
#2 {main}
  thrown in C:\xampp\htdocs\api\index.php on line 8
[08-Mar-2023 12:34:46 Europe/Berlin] PHP Fatal error:  Uncaught mysqli_sql_exception: Only one usage of each socket address (protocol/network address/port) is normally permitted in C:\xampp\htdocs\api\index.php:8
Stack trace:
#0 C:\xampp\htdocs\api\index.php(8): mysqli_connect('localhost', 'root', '', 'project')
#1 C:\xampp\htdocs\api\fetchdata.php(2): include('C:\\xampp\\htdocs...')
#2 {main}
  thrown in C:\xampp\htdocs\api\index.php on line 8
[08-Mar-2023 12:34:46 Europe/Berlin] PHP Fatal error:  Uncaught mysqli_sql_exception: Only one usage of each socket address (protocol/network address/port) is normally permitted in C:\xampp\htdocs\api\index.php:8
Stack trace:
#0 C:\xampp\htdocs\api\index.php(8): mysqli_connect('localhost', 'root', '', 'project')
#1 C:\xampp\htdocs\api\fetchdata.php(2): include('C:\\xampp\\htdocs...')
#2 {main}
  thrown in C:\xampp\htdocs\api\index.php on line 8
[08-Mar-2023 12:34:46 Europe/Berlin] PHP Fatal error:  Uncaught mysqli_sql_exception: Only one usage of each socket address (protocol/network address/port) is normally permitted in C:\xampp\htdocs\api\index.php:8
Stack trace:
#0 C:\xampp\htdocs\api\index.php(8): mysqli_connect('localhost', 'root', '', 'project')
#1 C:\xampp\htdocs\api\fetchdata.php(2): include('C:\\xampp\\htdocs...')
#2 {main}
  thrown in C:\xampp\htdocs\api\index.php on line 8
[08-Mar-2023 12:34:46 Europe/Berlin] PHP Fatal error:  Uncaught mysqli_sql_exception: Only one usage of each socket address (protocol/network address/port) is normally permitted in C:\xampp\htdocs\api\index.php:8
Stack trace:
#0 C:\xampp\htdocs\api\index.php(8): mysqli_connect('localhost', 'root', '', 'project')
#1 C:\xampp\htdocs\api\fetchdata.php(2): include('C:\\xampp\\htdocs...')
#2 {main}
  thrown in C:\xampp\htdocs\api\index.php on line 8
[08-Mar-2023 12:34:46 Europe/Berlin] PHP Fatal error:  Uncaught mysqli_sql_exception: Only one usage of each socket address (protocol/network address/port) is normally permitted in C:\xampp\htdocs\api\index.php:8
Stack trace:
#0 C:\xampp\htdocs\api\index.php(8): mysqli_connect('localhost', 'root', '', 'project')
#1 C:\xampp\htdocs\api\fetchdata.php(2): include('C:\\xampp\\htdocs...')
#2 {main}
  thrown in C:\xampp\htdocs\api\index.php on line 8
[08-Mar-2023 12:34:46 Europe/Berlin] PHP Fatal error:  Uncaught mysqli_sql_exception: Only one usage of each socket address (protocol/network address/port) is normally permitted in C:\xampp\htdocs\api\index.php:8
Stack trace:
#0 C:\xampp\htdocs\api\index.php(8): mysqli_connect('localhost', 'root', '', 'project')
#1 C:\xampp\htdocs\api\fetchdata.php(2): include('C:\\xampp\\htdocs...')
#2 {main}
  thrown in C:\xampp\htdocs\api\index.php on line 8
[08-Mar-2023 12:34:46 Europe/Berlin] PHP Fatal error:  Uncaught mysqli_sql_exception: Only one usage of each socket address (protocol/network address/port) is normally permitted in C:\xampp\htdocs\api\index.php:8
Stack trace:
#0 C:\xampp\htdocs\api\index.php(8): mysqli_connect('localhost', 'root', '', 'project')
#1 C:\xampp\htdocs\api\fetchdata.php(2): include('C:\\xampp\\htdocs...')
#2 {main}
  thrown in C:\xampp\htdocs\api\index.php on line 8
[08-Mar-2023 12:34:46 Europe/Berlin] PHP Fatal error:  Uncaught mysqli_sql_exception: Only one usage of each socket address (protocol/network address/port) is normally permitted in C:\xampp\htdocs\api\index.php:8
Stack trace:
#0 C:\xampp\htdocs\api\index.php(8): mysqli_connect('localhost', 'root', '', 'project')
#1 C:\xampp\htdocs\api\fetchdata.php(2): include('C:\\xampp\\htdocs...')
#2 {main}
  thrown in C:\xampp\htdocs\api\index.php on line 8
[08-Mar-2023 12:34:46 Europe/Berlin] PHP Fatal error:  Uncaught mysqli_sql_exception: Only one usage of each socket address (protocol/network address/port) is normally permitted in C:\xampp\htdocs\api\index.php:8
Stack trace:
#0 C:\xampp\htdocs\api\index.php(8): mysqli_connect('localhost', 'root', '', 'project')
#1 C:\xampp\htdocs\api\fetchdata.php(2): include('C:\\xampp\\htdocs...')
#2 {main}
  thrown in C:\xampp\htdocs\api\index.php on line 8
[08-Mar-2023 12:34:46 Europe/Berlin] PHP Fatal error:  Uncaught mysqli_sql_exception: Only one usage of each socket address (protocol/network address/port) is normally permitted in C:\xampp\htdocs\api\index.php:8
Stack trace:
#0 C:\xampp\htdocs\api\index.php(8): mysqli_connect('localhost', 'root', '', 'project')
#1 C:\xampp\htdocs\api\fetchdata.php(2): include('C:\\xampp\\htdocs...')
#2 {main}
  thrown in C:\xampp\htdocs\api\index.php on line 8
[08-Mar-2023 12:34:46 Europe/Berlin] PHP Fatal error:  Uncaught mysqli_sql_exception: Only one usage of each socket address (protocol/network address/port) is normally permitted in C:\xampp\htdocs\api\index.php:8
Stack trace:
#0 C:\xampp\htdocs\api\index.php(8): mysqli_connect('localhost', 'root', '', 'project')
#1 C:\xampp\htdocs\api\fetchdata.php(2): include('C:\\xampp\\htdocs...')
#2 {main}
  thrown in C:\xampp\htdocs\api\index.php on line 8
[08-Mar-2023 12:34:46 Europe/Berlin] PHP Fatal error:  Uncaught mysqli_sql_exception: Only one usage of each socket address (protocol/network address/port) is normally permitted in C:\xampp\htdocs\api\index.php:8
Stack trace:
#0 C:\xampp\htdocs\api\index.php(8): mysqli_connect('localhost', 'root', '', 'project')
#1 C:\xampp\htdocs\api\fetchdata.php(2): include('C:\\xampp\\htdocs...')
#2 {main}
  thrown in C:\xampp\htdocs\api\index.php on line 8
[08-Mar-2023 12:34:46 Europe/Berlin] PHP Fatal error:  Uncaught mysqli_sql_exception: Only one usage of each socket address (protocol/network address/port) is normally permitted in C:\xampp\htdocs\api\index.php:8
Stack trace:
#0 C:\xampp\htdocs\api\index.php(8): mysqli_connect('localhost', 'root', '', 'project')
#1 C:\xampp\htdocs\api\fetchdata.php(2): include('C:\\xampp\\htdocs...')
#2 {main}
  thrown in C:\xampp\htdocs\api\index.php on line 8
[08-Mar-2023 12:34:46 Europe/Berlin] PHP Fatal error:  Uncaught mysqli_sql_exception: Only one usage of each socket address (protocol/network address/port) is normally permitted in C:\xampp\htdocs\api\index.php:8
Stack trace:
#0 C:\xampp\htdocs\api\index.php(8): mysqli_connect('localhost', 'root', '', 'project')
#1 C:\xampp\htdocs\api\fetchdata.php(2): include('C:\\xampp\\htdocs...')
#2 {main}
  thrown in C:\xampp\htdocs\api\index.php on line 8
[08-Mar-2023 12:34:46 Europe/Berlin] PHP Fatal error:  Uncaught mysqli_sql_exception: Only one usage of each socket address (protocol/network address/port) is normally permitted in C:\xampp\htdocs\api\index.php:8
Stack trace:
#0 C:\xampp\htdocs\api\index.php(8): mysqli_connect('localhost', 'root', '', 'project')
#1 C:\xampp\htdocs\api\fetchdata.php(2): include('C:\\xampp\\htdocs...')
#2 {main}
  thrown in C:\xampp\htdocs\api\index.php on line 8
[08-Mar-2023 12:34:46 Europe/Berlin] PHP Fatal error:  Uncaught mysqli_sql_exception: Only one usage of each socket address (protocol/network address/port) is normally permitted in C:\xampp\htdocs\api\index.php:8
Stack trace:
#0 C:\xampp\htdocs\api\index.php(8): mysqli_connect('localhost', 'root', '', 'project')
#1 C:\xampp\htdocs\api\fetchdata.php(2): include('C:\\xampp\\htdocs...')
#2 {main}
  thrown in C:\xampp\htdocs\api\index.php on line 8
[08-Mar-2023 12:34:46 Europe/Berlin] PHP Fatal error:  Uncaught mysqli_sql_exception: Only one usage of each socket address (protocol/network address/port) is normally permitted in C:\xampp\htdocs\api\index.php:8
Stack trace:
#0 C:\xampp\htdocs\api\index.php(8): mysqli_connect('localhost', 'root', '', 'project')
#1 C:\xampp\htdocs\api\fetchdata.php(2): include('C:\\xampp\\htdocs...')
#2 {main}
  thrown in C:\xampp\htdocs\api\index.php on line 8
[08-Mar-2023 12:34:46 Europe/Berlin] PHP Fatal error:  Uncaught mysqli_sql_exception: Only one usage of each socket address (protocol/network address/port) is normally permitted in C:\xampp\htdocs\api\index.php:8
Stack trace:
#0 C:\xampp\htdocs\api\index.php(8): mysqli_connect('localhost', 'root', '', 'project')
#1 C:\xampp\htdocs\api\fetchdata.php(2): include('C:\\xampp\\htdocs...')
#2 {main}
  thrown in C:\xampp\htdocs\api\index.php on line 8
[08-Mar-2023 12:34:46 Europe/Berlin] PHP Fatal error:  Uncaught mysqli_sql_exception: Only one usage of each socket address (protocol/network address/port) is normally permitted in C:\xampp\htdocs\api\index.php:8
Stack trace:
#0 C:\xampp\htdocs\api\index.php(8): mysqli_connect('localhost', 'root', '', 'project')
#1 C:\xampp\htdocs\api\fetchdata.php(2): include('C:\\xampp\\htdocs...')
#2 {main}
  thrown in C:\xampp\htdocs\api\index.php on line 8
[08-Mar-2023 12:34:46 Europe/Berlin] PHP Fatal error:  Uncaught mysqli_sql_exception: Only one usage of each socket address (protocol/network address/port) is normally permitted in C:\xampp\htdocs\api\index.php:8
Stack trace:
#0 C:\xampp\htdocs\api\index.php(8): mysqli_connect('localhost', 'root', '', 'project')
#1 C:\xampp\htdocs\api\fetchdata.php(2): include('C:\\xampp\\htdocs...')
#2 {main}
  thrown in C:\xampp\htdocs\api\index.php on line 8
[08-Mar-2023 12:34:46 Europe/Berlin] PHP Fatal error:  Uncaught mysqli_sql_exception: Only one usage of each socket address (protocol/network address/port) is normally permitted in C:\xampp\htdocs\api\index.php:8
Stack trace:
#0 C:\xampp\htdocs\api\index.php(8): mysqli_connect('localhost', 'root', '', 'project')
#1 C:\xampp\htdocs\api\fetchdata.php(2): include('C:\\xampp\\htdocs...')
#2 {main}
  thrown in C:\xampp\htdocs\api\index.php on line 8
[08-Mar-2023 12:34:46 Europe/Berlin] PHP Fatal error:  Uncaught mysqli_sql_exception: Only one usage of each socket address (protocol/network address/port) is normally permitted in C:\xampp\htdocs\api\index.php:8
Stack trace:
#0 C:\xampp\htdocs\api\index.php(8): mysqli_connect('localhost', 'root', '', 'project')
#1 C:\xampp\htdocs\api\fetchdata.php(2): include('C:\\xampp\\htdocs...')
#2 {main}
  thrown in C:\xampp\htdocs\api\index.php on line 8
[08-Mar-2023 12:34:46 Europe/Berlin] PHP Fatal error:  Uncaught mysqli_sql_exception: Only one usage of each socket address (protocol/network address/port) is normally permitted in C:\xampp\htdocs\api\index.php:8
Stack trace:
#0 C:\xampp\htdocs\api\index.php(8): mysqli_connect('localhost', 'root', '', 'project')
#1 C:\xampp\htdocs\api\fetchdata.php(2): include('C:\\xampp\\htdocs...')
#2 {main}
  thrown in C:\xampp\htdocs\api\index.php on line 8
[08-Mar-2023 12:34:46 Europe/Berlin] PHP Fatal error:  Uncaught mysqli_sql_exception: Only one usage of each socket address (protocol/network address/port) is normally permitted in C:\xampp\htdocs\api\index.php:8
Stack trace:
#0 C:\xampp\htdocs\api\index.php(8): mysqli_connect('localhost', 'root', '', 'project')
#1 C:\xampp\htdocs\api\fetchdata.php(2): include('C:\\xampp\\htdocs...')
#2 {main}
  thrown in C:\xampp\htdocs\api\index.php on line 8
[08-Mar-2023 12:34:46 Europe/Berlin] PHP Fatal error:  Uncaught mysqli_sql_exception: Only one usage of each socket address (protocol/network address/port) is normally permitted in C:\xampp\htdocs\api\index.php:8
Stack trace:
#0 C:\xampp\htdocs\api\index.php(8): mysqli_connect('localhost', 'root', '', 'project')
#1 C:\xampp\htdocs\api\fetchdata.php(2): include('C:\\xampp\\htdocs...')
#2 {main}
  thrown in C:\xampp\htdocs\api\index.php on line 8
[08-Mar-2023 12:34:46 Europe/Berlin] PHP Fatal error:  Uncaught mysqli_sql_exception: Only one usage of each socket address (protocol/network address/port) is normally permitted in C:\xampp\htdocs\api\index.php:8
Stack trace:
#0 C:\xampp\htdocs\api\index.php(8): mysqli_connect('localhost', 'root', '', 'project')
#1 C:\xampp\htdocs\api\fetchdata.php(2): include('C:\\xampp\\htdocs...')
#2 {main}
  thrown in C:\xampp\htdocs\api\index.php on line 8
[08-Mar-2023 12:34:46 Europe/Berlin] PHP Fatal error:  Uncaught mysqli_sql_exception: Only one usage of each socket address (protocol/network address/port) is normally permitted in C:\xampp\htdocs\api\index.php:8
Stack trace:
#0 C:\xampp\htdocs\api\index.php(8): mysqli_connect('localhost', 'root', '', 'project')
#1 C:\xampp\htdocs\api\fetchdata.php(2): include('C:\\xampp\\htdocs...')
#2 {main}
  thrown in C:\xampp\htdocs\api\index.php on line 8
[08-Mar-2023 12:34:46 Europe/Berlin] PHP Fatal error:  Uncaught mysqli_sql_exception: Only one usage of each socket address (protocol/network address/port) is normally permitted in C:\xampp\htdocs\api\index.php:8
Stack trace:
#0 C:\xampp\htdocs\api\index.php(8): mysqli_connect('localhost', 'root', '', 'project')
#1 C:\xampp\htdocs\api\fetchdata.php(2): include('C:\\xampp\\htdocs...')
#2 {main}
  thrown in C:\xampp\htdocs\api\index.php on line 8
[08-Mar-2023 12:34:46 Europe/Berlin] PHP Fatal error:  Uncaught mysqli_sql_exception: Only one usage of each socket address (protocol/network address/port) is normally permitted in C:\xampp\htdocs\api\index.php:8
Stack trace:
#0 C:\xampp\htdocs\api\index.php(8): mysqli_connect('localhost', 'root', '', 'project')
#1 C:\xampp\htdocs\api\fetchdata.php(2): include('C:\\xampp\\htdocs...')
#2 {main}
  thrown in C:\xampp\htdocs\api\index.php on line 8
[08-Mar-2023 12:34:46 Europe/Berlin] PHP Fatal error:  Uncaught mysqli_sql_exception: Only one usage of each socket address (protocol/network address/port) is normally permitted in C:\xampp\htdocs\api\index.php:8
Stack trace:
#0 C:\xampp\htdocs\api\index.php(8): mysqli_connect('localhost', 'root', '', 'project')
#1 C:\xampp\htdocs\api\fetchdata.php(2): include('C:\\xampp\\htdocs...')
#2 {main}
  thrown in C:\xampp\htdocs\api\index.php on line 8
[08-Mar-2023 12:34:46 Europe/Berlin] PHP Fatal error:  Uncaught mysqli_sql_exception: Only one usage of each socket address (protocol/network address/port) is normally permitted in C:\xampp\htdocs\api\index.php:8
Stack trace:
#0 C:\xampp\htdocs\api\index.php(8): mysqli_connect('localhost', 'root', '', 'project')
#1 C:\xampp\htdocs\api\fetchdata.php(2): include('C:\\xampp\\htdocs...')
#2 {main}
  thrown in C:\xampp\htdocs\api\index.php on line 8
[08-Mar-2023 12:34:46 Europe/Berlin] PHP Fatal error:  Uncaught mysqli_sql_exception: Only one usage of each socket address (protocol/network address/port) is normally permitted in C:\xampp\htdocs\api\index.php:8
Stack trace:
#0 C:\xampp\htdocs\api\index.php(8): mysqli_connect('localhost', 'root', '', 'project')
#1 C:\xampp\htdocs\api\fetchdata.php(2): include('C:\\xampp\\htdocs...')
#2 {main}
  thrown in C:\xampp\htdocs\api\index.php on line 8
[08-Mar-2023 12:34:46 Europe/Berlin] PHP Fatal error:  Uncaught mysqli_sql_exception: Only one usage of each socket address (protocol/network address/port) is normally permitted in C:\xampp\htdocs\api\index.php:8
Stack trace:
#0 C:\xampp\htdocs\api\index.php(8): mysqli_connect('localhost', 'root', '', 'project')
#1 C:\xampp\htdocs\api\fetchdata.php(2): include('C:\\xampp\\htdocs...')
#2 {main}
  thrown in C:\xampp\htdocs\api\index.php on line 8
[08-Mar-2023 12:34:46 Europe/Berlin] PHP Fatal error:  Uncaught mysqli_sql_exception: Only one usage of each socket address (protocol/network address/port) is normally permitted in C:\xampp\htdocs\api\index.php:8
Stack trace:
#0 C:\xampp\htdocs\api\index.php(8): mysqli_connect('localhost', 'root', '', 'project')
#1 C:\xampp\htdocs\api\fetchdata.php(2): include('C:\\xampp\\htdocs...')
#2 {main}
  thrown in C:\xampp\htdocs\api\index.php on line 8
[08-Mar-2023 12:34:46 Europe/Berlin] PHP Fatal error:  Uncaught mysqli_sql_exception: Only one usage of each socket address (protocol/network address/port) is normally permitted in C:\xampp\htdocs\api\index.php:8
Stack trace:
#0 C:\xampp\htdocs\api\index.php(8): mysqli_connect('localhost', 'root', '', 'project')
#1 C:\xampp\htdocs\api\fetchdata.php(2): include('C:\\xampp\\htdocs...')
#2 {main}
  thrown in C:\xampp\htdocs\api\index.php on line 8
[08-Mar-2023 12:34:46 Europe/Berlin] PHP Fatal error:  Uncaught mysqli_sql_exception: Only one usage of each socket address (protocol/network address/port) is normally permitted in C:\xampp\htdocs\api\index.php:8
Stack trace:
#0 C:\xampp\htdocs\api\index.php(8): mysqli_connect('localhost', 'root', '', 'project')
#1 C:\xampp\htdocs\api\fetchdata.php(2): include('C:\\xampp\\htdocs...')
#2 {main}
  thrown in C:\xampp\htdocs\api\index.php on line 8
[08-Mar-2023 12:34:46 Europe/Berlin] PHP Fatal error:  Uncaught mysqli_sql_exception: Only one usage of each socket address (protocol/network address/port) is normally permitted in C:\xampp\htdocs\api\index.php:8
Stack trace:
#0 C:\xampp\htdocs\api\index.php(8): mysqli_connect('localhost', 'root', '', 'project')
#1 C:\xampp\htdocs\api\fetchdata.php(2): include('C:\\xampp\\htdocs...')
#2 {main}
  thrown in C:\xampp\htdocs\api\index.php on line 8
[08-Mar-2023 12:34:46 Europe/Berlin] PHP Fatal error:  Uncaught mysqli_sql_exception: Only one usage of each socket address (protocol/network address/port) is normally permitted in C:\xampp\htdocs\api\index.php:8
Stack trace:
#0 C:\xampp\htdocs\api\index.php(8): mysqli_connect('localhost', 'root', '', 'project')
#1 C:\xampp\htdocs\api\fetchdata.php(2): include('C:\\xampp\\htdocs...')
#2 {main}
  thrown in C:\xampp\htdocs\api\index.php on line 8
[08-Mar-2023 12:34:46 Europe/Berlin] PHP Fatal error:  Uncaught mysqli_sql_exception: Only one usage of each socket address (protocol/network address/port) is normally permitted in C:\xampp\htdocs\api\index.php:8
Stack trace:
#0 C:\xampp\htdocs\api\index.php(8): mysqli_connect('localhost', 'root', '', 'project')
#1 C:\xampp\htdocs\api\fetchdata.php(2): include('C:\\xampp\\htdocs...')
#2 {main}
  thrown in C:\xampp\htdocs\api\index.php on line 8
[08-Mar-2023 12:34:46 Europe/Berlin] PHP Fatal error:  Uncaught mysqli_sql_exception: Only one usage of each socket address (protocol/network address/port) is normally permitted in C:\xampp\htdocs\api\index.php:8
Stack trace:
#0 C:\xampp\htdocs\api\index.php(8): mysqli_connect('localhost', 'root', '', 'project')
#1 C:\xampp\htdocs\api\fetchdata.php(2): include('C:\\xampp\\htdocs...')
#2 {main}
  thrown in C:\xampp\htdocs\api\index.php on line 8
[08-Mar-2023 12:34:46 Europe/Berlin] PHP Fatal error:  Uncaught mysqli_sql_exception: Only one usage of each socket address (protocol/network address/port) is normally permitted in C:\xampp\htdocs\api\index.php:8
Stack trace:
#0 C:\xampp\htdocs\api\index.php(8): mysqli_connect('localhost', 'root', '', 'project')
#1 C:\xampp\htdocs\api\fetchdata.php(2): include('C:\\xampp\\htdocs...')
#2 {main}
  thrown in C:\xampp\htdocs\api\index.php on line 8
[08-Mar-2023 12:34:46 Europe/Berlin] PHP Fatal error:  Uncaught mysqli_sql_exception: Only one usage of each socket address (protocol/network address/port) is normally permitted in C:\xampp\htdocs\api\index.php:8
Stack trace:
#0 C:\xampp\htdocs\api\index.php(8): mysqli_connect('localhost', 'root', '', 'project')
#1 C:\xampp\htdocs\api\fetchdata.php(2): include('C:\\xampp\\htdocs...')
#2 {main}
  thrown in C:\xampp\htdocs\api\index.php on line 8
[08-Mar-2023 12:34:46 Europe/Berlin] PHP Fatal error:  Uncaught mysqli_sql_exception: Only one usage of each socket address (protocol/network address/port) is normally permitted in C:\xampp\htdocs\api\index.php:8
Stack trace:
#0 C:\xampp\htdocs\api\index.php(8): mysqli_connect('localhost', 'root', '', 'project')
#1 C:\xampp\htdocs\api\fetchdata.php(2): include('C:\\xampp\\htdocs...')
#2 {main}
  thrown in C:\xampp\htdocs\api\index.php on line 8
[08-Mar-2023 12:34:46 Europe/Berlin] PHP Fatal error:  Uncaught mysqli_sql_exception: Only one usage of each socket address (protocol/network address/port) is normally permitted in C:\xampp\htdocs\api\index.php:8
Stack trace:
#0 C:\xampp\htdocs\api\index.php(8): mysqli_connect('localhost', 'root', '', 'project')
#1 C:\xampp\htdocs\api\fetchdata.php(2): include('C:\\xampp\\htdocs...')
#2 {main}
  thrown in C:\xampp\htdocs\api\index.php on line 8
[08-Mar-2023 12:34:46 Europe/Berlin] PHP Fatal error:  Uncaught mysqli_sql_exception: Only one usage of each socket address (protocol/network address/port) is normally permitted in C:\xampp\htdocs\api\index.php:8
Stack trace:
#0 C:\xampp\htdocs\api\index.php(8): mysqli_connect('localhost', 'root', '', 'project')
#1 C:\xampp\htdocs\api\fetchdata.php(2): include('C:\\xampp\\htdocs...')
#2 {main}
  thrown in C:\xampp\htdocs\api\index.php on line 8
[08-Mar-2023 12:34:46 Europe/Berlin] PHP Fatal error:  Uncaught mysqli_sql_exception: Only one usage of each socket address (protocol/network address/port) is normally permitted in C:\xampp\htdocs\api\index.php:8
Stack trace:
#0 C:\xampp\htdocs\api\index.php(8): mysqli_connect('localhost', 'root', '', 'project')
#1 C:\xampp\htdocs\api\fetchdata.php(2): include('C:\\xampp\\htdocs...')
#2 {main}
  thrown in C:\xampp\htdocs\api\index.php on line 8
[08-Mar-2023 12:34:46 Europe/Berlin] PHP Fatal error:  Uncaught mysqli_sql_exception: Only one usage of each socket address (protocol/network address/port) is normally permitted in C:\xampp\htdocs\api\index.php:8
Stack trace:
#0 C:\xampp\htdocs\api\index.php(8): mysqli_connect('localhost', 'root', '', 'project')
#1 C:\xampp\htdocs\api\fetchdata.php(2): include('C:\\xampp\\htdocs...')
#2 {main}
  thrown in C:\xampp\htdocs\api\index.php on line 8
[08-Mar-2023 12:34:46 Europe/Berlin] PHP Fatal error:  Uncaught mysqli_sql_exception: Only one usage of each socket address (protocol/network address/port) is normally permitted in C:\xampp\htdocs\api\index.php:8
Stack trace:
#0 C:\xampp\htdocs\api\index.php(8): mysqli_connect('localhost', 'root', '', 'project')
#1 C:\xampp\htdocs\api\fetchdata.php(2): include('C:\\xampp\\htdocs...')
#2 {main}
  thrown in C:\xampp\htdocs\api\index.php on line 8
[08-Mar-2023 12:34:46 Europe/Berlin] PHP Fatal error:  Uncaught mysqli_sql_exception: Only one usage of each socket address (protocol/network address/port) is normally permitted in C:\xampp\htdocs\api\index.php:8
Stack trace:
#0 C:\xampp\htdocs\api\index.php(8): mysqli_connect('localhost', 'root', '', 'project')
#1 C:\xampp\htdocs\api\fetchdata.php(2): include('C:\\xampp\\htdocs...')
#2 {main}
  thrown in C:\xampp\htdocs\api\index.php on line 8
[08-Mar-2023 12:34:47 Europe/Berlin] PHP Fatal error:  Uncaught mysqli_sql_exception: Only one usage of each socket address (protocol/network address/port) is normally permitted in C:\xampp\htdocs\api\index.php:8
Stack trace:
#0 C:\xampp\htdocs\api\index.php(8): mysqli_connect('localhost', 'root', '', 'project')
#1 C:\xampp\htdocs\api\fetchdata.php(2): include('C:\\xampp\\htdocs...')
#2 {main}
  thrown in C:\xampp\htdocs\api\index.php on line 8
[08-Mar-2023 12:34:47 Europe/Berlin] PHP Fatal error:  Uncaught mysqli_sql_exception: Only one usage of each socket address (protocol/network address/port) is normally permitted in C:\xampp\htdocs\api\index.php:8
Stack trace:
#0 C:\xampp\htdocs\api\index.php(8): mysqli_connect('localhost', 'root', '', 'project')
#1 C:\xampp\htdocs\api\fetchdata.php(2): include('C:\\xampp\\htdocs...')
#2 {main}
  thrown in C:\xampp\htdocs\api\index.php on line 8
[08-Mar-2023 12:34:47 Europe/Berlin] PHP Fatal error:  Uncaught mysqli_sql_exception: Only one usage of each socket address (protocol/network address/port) is normally permitted in C:\xampp\htdocs\api\index.php:8
Stack trace:
#0 C:\xampp\htdocs\api\index.php(8): mysqli_connect('localhost', 'root', '', 'project')
#1 C:\xampp\htdocs\api\fetchdata.php(2): include('C:\\xampp\\htdocs...')
#2 {main}
  thrown in C:\xampp\htdocs\api\index.php on line 8
[08-Mar-2023 12:34:47 Europe/Berlin] PHP Fatal error:  Uncaught mysqli_sql_exception: Only one usage of each socket address (protocol/network address/port) is normally permitted in C:\xampp\htdocs\api\index.php:8
Stack trace:
#0 C:\xampp\htdocs\api\index.php(8): mysqli_connect('localhost', 'root', '', 'project')
#1 C:\xampp\htdocs\api\fetchdata.php(2): include('C:\\xampp\\htdocs...')
#2 {main}
  thrown in C:\xampp\htdocs\api\index.php on line 8
[08-Mar-2023 12:34:47 Europe/Berlin] PHP Fatal error:  Uncaught mysqli_sql_exception: Only one usage of each socket address (protocol/network address/port) is normally permitted in C:\xampp\htdocs\api\index.php:8
Stack trace:
#0 C:\xampp\htdocs\api\index.php(8): mysqli_connect('localhost', 'root', '', 'project')
#1 C:\xampp\htdocs\api\fetchdata.php(2): include('C:\\xampp\\htdocs...')
#2 {main}
  thrown in C:\xampp\htdocs\api\index.php on line 8
[08-Mar-2023 12:34:47 Europe/Berlin] PHP Fatal error:  Uncaught mysqli_sql_exception: Only one usage of each socket address (protocol/network address/port) is normally permitted in C:\xampp\htdocs\api\index.php:8
Stack trace:
#0 C:\xampp\htdocs\api\index.php(8): mysqli_connect('localhost', 'root', '', 'project')
#1 C:\xampp\htdocs\api\fetchdata.php(2): include('C:\\xampp\\htdocs...')
#2 {main}
  thrown in C:\xampp\htdocs\api\index.php on line 8
[08-Mar-2023 12:34:47 Europe/Berlin] PHP Fatal error:  Uncaught mysqli_sql_exception: Only one usage of each socket address (protocol/network address/port) is normally permitted in C:\xampp\htdocs\api\index.php:8
Stack trace:
#0 C:\xampp\htdocs\api\index.php(8): mysqli_connect('localhost', 'root', '', 'project')
#1 C:\xampp\htdocs\api\fetchdata.php(2): include('C:\\xampp\\htdocs...')
#2 {main}
  thrown in C:\xampp\htdocs\api\index.php on line 8
[08-Mar-2023 12:34:47 Europe/Berlin] PHP Fatal error:  Uncaught mysqli_sql_exception: Only one usage of each socket address (protocol/network address/port) is normally permitted in C:\xampp\htdocs\api\index.php:8
Stack trace:
#0 C:\xampp\htdocs\api\index.php(8): mysqli_connect('localhost', 'root', '', 'project')
#1 C:\xampp\htdocs\api\fetchdata.php(2): include('C:\\xampp\\htdocs...')
#2 {main}
  thrown in C:\xampp\htdocs\api\index.php on line 8
[08-Mar-2023 12:34:47 Europe/Berlin] PHP Fatal error:  Uncaught mysqli_sql_exception: Only one usage of each socket address (protocol/network address/port) is normally permitted in C:\xampp\htdocs\api\index.php:8
Stack trace:
#0 C:\xampp\htdocs\api\index.php(8): mysqli_connect('localhost', 'root', '', 'project')
#1 C:\xampp\htdocs\api\fetchdata.php(2): include('C:\\xampp\\htdocs...')
#2 {main}
  thrown in C:\xampp\htdocs\api\index.php on line 8
[08-Mar-2023 12:34:47 Europe/Berlin] PHP Fatal error:  Uncaught mysqli_sql_exception: Only one usage of each socket address (protocol/network address/port) is normally permitted in C:\xampp\htdocs\api\index.php:8
Stack trace:
#0 C:\xampp\htdocs\api\index.php(8): mysqli_connect('localhost', 'root', '', 'project')
#1 C:\xampp\htdocs\api\fetchdata.php(2): include('C:\\xampp\\htdocs...')
#2 {main}
  thrown in C:\xampp\htdocs\api\index.php on line 8
[08-Mar-2023 12:34:47 Europe/Berlin] PHP Fatal error:  Uncaught mysqli_sql_exception: Only one usage of each socket address (protocol/network address/port) is normally permitted in C:\xampp\htdocs\api\index.php:8
Stack trace:
#0 C:\xampp\htdocs\api\index.php(8): mysqli_connect('localhost', 'root', '', 'project')
#1 C:\xampp\htdocs\api\fetchdata.php(2): include('C:\\xampp\\htdocs...')
#2 {main}
  thrown in C:\xampp\htdocs\api\index.php on line 8
[08-Mar-2023 12:34:47 Europe/Berlin] PHP Fatal error:  Uncaught mysqli_sql_exception: Only one usage of each socket address (protocol/network address/port) is normally permitted in C:\xampp\htdocs\api\index.php:8
Stack trace:
#0 C:\xampp\htdocs\api\index.php(8): mysqli_connect('localhost', 'root', '', 'project')
#1 C:\xampp\htdocs\api\fetchdata.php(2): include('C:\\xampp\\htdocs...')
#2 {main}
  thrown in C:\xampp\htdocs\api\index.php on line 8
[08-Mar-2023 12:34:47 Europe/Berlin] PHP Fatal error:  Uncaught mysqli_sql_exception: Only one usage of each socket address (protocol/network address/port) is normally permitted in C:\xampp\htdocs\api\index.php:8
Stack trace:
#0 C:\xampp\htdocs\api\index.php(8): mysqli_connect('localhost', 'root', '', 'project')
#1 C:\xampp\htdocs\api\fetchdata.php(2): include('C:\\xampp\\htdocs...')
#2 {main}
  thrown in C:\xampp\htdocs\api\index.php on line 8
[08-Mar-2023 12:34:47 Europe/Berlin] PHP Fatal error:  Uncaught mysqli_sql_exception: Only one usage of each socket address (protocol/network address/port) is normally permitted in C:\xampp\htdocs\api\index.php:8
Stack trace:
#0 C:\xampp\htdocs\api\index.php(8): mysqli_connect('localhost', 'root', '', 'project')
#1 C:\xampp\htdocs\api\fetchdata.php(2): include('C:\\xampp\\htdocs...')
#2 {main}
  thrown in C:\xampp\htdocs\api\index.php on line 8
[08-Mar-2023 12:34:47 Europe/Berlin] PHP Fatal error:  Uncaught mysqli_sql_exception: Only one usage of each socket address (protocol/network address/port) is normally permitted in C:\xampp\htdocs\api\index.php:8
Stack trace:
#0 C:\xampp\htdocs\api\index.php(8): mysqli_connect('localhost', 'root', '', 'project')
#1 C:\xampp\htdocs\api\fetchdata.php(2): include('C:\\xampp\\htdocs...')
#2 {main}
  thrown in C:\xampp\htdocs\api\index.php on line 8
[08-Mar-2023 12:34:47 Europe/Berlin] PHP Fatal error:  Uncaught mysqli_sql_exception: Only one usage of each socket address (protocol/network address/port) is normally permitted in C:\xampp\htdocs\api\index.php:8
Stack trace:
#0 C:\xampp\htdocs\api\index.php(8): mysqli_connect('localhost', 'root', '', 'project')
#1 C:\xampp\htdocs\api\fetchdata.php(2): include('C:\\xampp\\htdocs...')
#2 {main}
  thrown in C:\xampp\htdocs\api\index.php on line 8
[08-Mar-2023 12:34:47 Europe/Berlin] PHP Fatal error:  Uncaught mysqli_sql_exception: Only one usage of each socket address (protocol/network address/port) is normally permitted in C:\xampp\htdocs\api\index.php:8
Stack trace:
#0 C:\xampp\htdocs\api\index.php(8): mysqli_connect('localhost', 'root', '', 'project')
#1 C:\xampp\htdocs\api\fetchdata.php(2): include('C:\\xampp\\htdocs...')
#2 {main}
  thrown in C:\xampp\htdocs\api\index.php on line 8
[08-Mar-2023 12:34:47 Europe/Berlin] PHP Fatal error:  Uncaught mysqli_sql_exception: Only one usage of each socket address (protocol/network address/port) is normally permitted in C:\xampp\htdocs\api\index.php:8
Stack trace:
#0 C:\xampp\htdocs\api\index.php(8): mysqli_connect('localhost', 'root', '', 'project')
#1 C:\xampp\htdocs\api\fetchdata.php(2): include('C:\\xampp\\htdocs...')
#2 {main}
  thrown in C:\xampp\htdocs\api\index.php on line 8
[08-Mar-2023 12:34:47 Europe/Berlin] PHP Fatal error:  Uncaught mysqli_sql_exception: Only one usage of each socket address (protocol/network address/port) is normally permitted in C:\xampp\htdocs\api\index.php:8
Stack trace:
#0 C:\xampp\htdocs\api\index.php(8): mysqli_connect('localhost', 'root', '', 'project')
#1 C:\xampp\htdocs\api\fetchdata.php(2): include('C:\\xampp\\htdocs...')
#2 {main}
  thrown in C:\xampp\htdocs\api\index.php on line 8
[08-Mar-2023 12:34:47 Europe/Berlin] PHP Fatal error:  Uncaught mysqli_sql_exception: Only one usage of each socket address (protocol/network address/port) is normally permitted in C:\xampp\htdocs\api\index.php:8
Stack trace:
#0 C:\xampp\htdocs\api\index.php(8): mysqli_connect('localhost', 'root', '', 'project')
#1 C:\xampp\htdocs\api\fetchdata.php(2): include('C:\\xampp\\htdocs...')
#2 {main}
  thrown in C:\xampp\htdocs\api\index.php on line 8
[08-Mar-2023 12:34:47 Europe/Berlin] PHP Fatal error:  Uncaught mysqli_sql_exception: Only one usage of each socket address (protocol/network address/port) is normally permitted in C:\xampp\htdocs\api\index.php:8
Stack trace:
#0 C:\xampp\htdocs\api\index.php(8): mysqli_connect('localhost', 'root', '', 'project')
#1 C:\xampp\htdocs\api\fetchdata.php(2): include('C:\\xampp\\htdocs...')
#2 {main}
  thrown in C:\xampp\htdocs\api\index.php on line 8
[08-Mar-2023 12:34:47 Europe/Berlin] PHP Fatal error:  Uncaught mysqli_sql_exception: Only one usage of each socket address (protocol/network address/port) is normally permitted in C:\xampp\htdocs\api\index.php:8
Stack trace:
#0 C:\xampp\htdocs\api\index.php(8): mysqli_connect('localhost', 'root', '', 'project')
#1 C:\xampp\htdocs\api\fetchdata.php(2): include('C:\\xampp\\htdocs...')
#2 {main}
  thrown in C:\xampp\htdocs\api\index.php on line 8
[08-Mar-2023 12:34:47 Europe/Berlin] PHP Fatal error:  Uncaught mysqli_sql_exception: Only one usage of each socket address (protocol/network address/port) is normally permitted in C:\xampp\htdocs\api\index.php:8
Stack trace:
#0 C:\xampp\htdocs\api\index.php(8): mysqli_connect('localhost', 'root', '', 'project')
#1 C:\xampp\htdocs\api\fetchdata.php(2): include('C:\\xampp\\htdocs...')
#2 {main}
  thrown in C:\xampp\htdocs\api\index.php on line 8
[08-Mar-2023 12:34:47 Europe/Berlin] PHP Fatal error:  Uncaught mysqli_sql_exception: Only one usage of each socket address (protocol/network address/port) is normally permitted in C:\xampp\htdocs\api\index.php:8
Stack trace:
#0 C:\xampp\htdocs\api\index.php(8): mysqli_connect('localhost', 'root', '', 'project')
#1 C:\xampp\htdocs\api\fetchdata.php(2): include('C:\\xampp\\htdocs...')
#2 {main}
  thrown in C:\xampp\htdocs\api\index.php on line 8
[08-Mar-2023 12:34:47 Europe/Berlin] PHP Fatal error:  Uncaught mysqli_sql_exception: Only one usage of each socket address (protocol/network address/port) is normally permitted in C:\xampp\htdocs\api\index.php:8
Stack trace:
#0 C:\xampp\htdocs\api\index.php(8): mysqli_connect('localhost', 'root', '', 'project')
#1 C:\xampp\htdocs\api\fetchdata.php(2): include('C:\\xampp\\htdocs...')
#2 {main}
  thrown in C:\xampp\htdocs\api\index.php on line 8
[08-Mar-2023 12:34:47 Europe/Berlin] PHP Fatal error:  Uncaught mysqli_sql_exception: Only one usage of each socket address (protocol/network address/port) is normally permitted in C:\xampp\htdocs\api\index.php:8
Stack trace:
#0 C:\xampp\htdocs\api\index.php(8): mysqli_connect('localhost', 'root', '', 'project')
#1 C:\xampp\htdocs\api\fetchdata.php(2): include('C:\\xampp\\htdocs...')
#2 {main}
  thrown in C:\xampp\htdocs\api\index.php on line 8
[08-Mar-2023 12:34:47 Europe/Berlin] PHP Fatal error:  Uncaught mysqli_sql_exception: Only one usage of each socket address (protocol/network address/port) is normally permitted in C:\xampp\htdocs\api\index.php:8
Stack trace:
#0 C:\xampp\htdocs\api\index.php(8): mysqli_connect('localhost', 'root', '', 'project')
#1 C:\xampp\htdocs\api\fetchdata.php(2): include('C:\\xampp\\htdocs...')
#2 {main}
  thrown in C:\xampp\htdocs\api\index.php on line 8
[08-Mar-2023 12:34:47 Europe/Berlin] PHP Fatal error:  Uncaught mysqli_sql_exception: Only one usage of each socket address (protocol/network address/port) is normally permitted in C:\xampp\htdocs\api\index.php:8
Stack trace:
#0 C:\xampp\htdocs\api\index.php(8): mysqli_connect('localhost', 'root', '', 'project')
#1 C:\xampp\htdocs\api\fetchdata.php(2): include('C:\\xampp\\htdocs...')
#2 {main}
  thrown in C:\xampp\htdocs\api\index.php on line 8
[08-Mar-2023 12:34:48 Europe/Berlin] PHP Fatal error:  Uncaught mysqli_sql_exception: Only one usage of each socket address (protocol/network address/port) is normally permitted in C:\xampp\htdocs\api\index.php:8
Stack trace:
#0 C:\xampp\htdocs\api\index.php(8): mysqli_connect('localhost', 'root', '', 'project')
#1 C:\xampp\htdocs\api\fetchdata.php(2): include('C:\\xampp\\htdocs...')
#2 {main}
  thrown in C:\xampp\htdocs\api\index.php on line 8
[08-Mar-2023 12:34:48 Europe/Berlin] PHP Fatal error:  Uncaught mysqli_sql_exception: Only one usage of each socket address (protocol/network address/port) is normally permitted in C:\xampp\htdocs\api\index.php:8
Stack trace:
#0 C:\xampp\htdocs\api\index.php(8): mysqli_connect('localhost', 'root', '', 'project')
#1 C:\xampp\htdocs\api\fetchdata.php(2): include('C:\\xampp\\htdocs...')
#2 {main}
  thrown in C:\xampp\htdocs\api\index.php on line 8
[08-Mar-2023 12:34:48 Europe/Berlin] PHP Fatal error:  Uncaught mysqli_sql_exception: Only one usage of each socket address (protocol/network address/port) is normally permitted in C:\xampp\htdocs\api\index.php:8
Stack trace:
#0 C:\xampp\htdocs\api\index.php(8): mysqli_connect('localhost', 'root', '', 'project')
#1 C:\xampp\htdocs\api\fetchdata.php(2): include('C:\\xampp\\htdocs...')
#2 {main}
  thrown in C:\xampp\htdocs\api\index.php on line 8
[08-Mar-2023 12:34:48 Europe/Berlin] PHP Fatal error:  Uncaught mysqli_sql_exception: Only one usage of each socket address (protocol/network address/port) is normally permitted in C:\xampp\htdocs\api\index.php:8
Stack trace:
#0 C:\xampp\htdocs\api\index.php(8): mysqli_connect('localhost', 'root', '', 'project')
#1 C:\xampp\htdocs\api\fetchdata.php(2): include('C:\\xampp\\htdocs...')
#2 {main}
  thrown in C:\xampp\htdocs\api\index.php on line 8
[08-Mar-2023 12:34:48 Europe/Berlin] PHP Fatal error:  Uncaught mysqli_sql_exception: Only one usage of each socket address (protocol/network address/port) is normally permitted in C:\xampp\htdocs\api\index.php:8
Stack trace:
#0 C:\xampp\htdocs\api\index.php(8): mysqli_connect('localhost', 'root', '', 'project')
#1 C:\xampp\htdocs\api\fetchdata.php(2): include('C:\\xampp\\htdocs...')
#2 {main}
  thrown in C:\xampp\htdocs\api\index.php on line 8
[08-Mar-2023 12:34:48 Europe/Berlin] PHP Fatal error:  Uncaught mysqli_sql_exception: Only one usage of each socket address (protocol/network address/port) is normally permitted in C:\xampp\htdocs\api\index.php:8
Stack trace:
#0 C:\xampp\htdocs\api\index.php(8): mysqli_connect('localhost', 'root', '', 'project')
#1 C:\xampp\htdocs\api\fetchdata.php(2): include('C:\\xampp\\htdocs...')
#2 {main}
  thrown in C:\xampp\htdocs\api\index.php on line 8
[08-Mar-2023 12:34:48 Europe/Berlin] PHP Fatal error:  Uncaught mysqli_sql_exception: Only one usage of each socket address (protocol/network address/port) is normally permitted in C:\xampp\htdocs\api\index.php:8
Stack trace:
#0 C:\xampp\htdocs\api\index.php(8): mysqli_connect('localhost', 'root', '', 'project')
#1 C:\xampp\htdocs\api\fetchdata.php(2): include('C:\\xampp\\htdocs...')
#2 {main}
  thrown in C:\xampp\htdocs\api\index.php on line 8
[08-Mar-2023 12:34:48 Europe/Berlin] PHP Fatal error:  Uncaught mysqli_sql_exception: Only one usage of each socket address (protocol/network address/port) is normally permitted in C:\xampp\htdocs\api\index.php:8
Stack trace:
#0 C:\xampp\htdocs\api\index.php(8): mysqli_connect('localhost', 'root', '', 'project')
#1 C:\xampp\htdocs\api\fetchdata.php(2): include('C:\\xampp\\htdocs...')
#2 {main}
  thrown in C:\xampp\htdocs\api\index.php on line 8
[08-Mar-2023 12:34:48 Europe/Berlin] PHP Fatal error:  Uncaught mysqli_sql_exception: Only one usage of each socket address (protocol/network address/port) is normally permitted in C:\xampp\htdocs\api\index.php:8
Stack trace:
#0 C:\xampp\htdocs\api\index.php(8): mysqli_connect('localhost', 'root', '', 'project')
#1 C:\xampp\htdocs\api\fetchdata.php(2): include('C:\\xampp\\htdocs...')
#2 {main}
  thrown in C:\xampp\htdocs\api\index.php on line 8
[08-Mar-2023 12:34:48 Europe/Berlin] PHP Fatal error:  Uncaught mysqli_sql_exception: Only one usage of each socket address (protocol/network address/port) is normally permitted in C:\xampp\htdocs\api\index.php:8
Stack trace:
#0 C:\xampp\htdocs\api\index.php(8): mysqli_connect('localhost', 'root', '', 'project')
#1 C:\xampp\htdocs\api\fetchdata.php(2): include('C:\\xampp\\htdocs...')
#2 {main}
  thrown in C:\xampp\htdocs\api\index.php on line 8
[08-Mar-2023 12:34:48 Europe/Berlin] PHP Fatal error:  Uncaught mysqli_sql_exception: Only one usage of each socket address (protocol/network address/port) is normally permitted in C:\xampp\htdocs\api\index.php:8
Stack trace:
#0 C:\xampp\htdocs\api\index.php(8): mysqli_connect('localhost', 'root', '', 'project')
#1 C:\xampp\htdocs\api\fetchdata.php(2): include('C:\\xampp\\htdocs...')
#2 {main}
  thrown in C:\xampp\htdocs\api\index.php on line 8
[08-Mar-2023 12:34:48 Europe/Berlin] PHP Fatal error:  Uncaught mysqli_sql_exception: Only one usage of each socket address (protocol/network address/port) is normally permitted in C:\xampp\htdocs\api\index.php:8
Stack trace:
#0 C:\xampp\htdocs\api\index.php(8): mysqli_connect('localhost', 'root', '', 'project')
#1 C:\xampp\htdocs\api\fetchdata.php(2): include('C:\\xampp\\htdocs...')
#2 {main}
  thrown in C:\xampp\htdocs\api\index.php on line 8
[08-Mar-2023 12:34:48 Europe/Berlin] PHP Fatal error:  Uncaught mysqli_sql_exception: Only one usage of each socket address (protocol/network address/port) is normally permitted in C:\xampp\htdocs\api\index.php:8
Stack trace:
#0 C:\xampp\htdocs\api\index.php(8): mysqli_connect('localhost', 'root', '', 'project')
#1 C:\xampp\htdocs\api\fetchdata.php(2): include('C:\\xampp\\htdocs...')
#2 {main}
  thrown in C:\xampp\htdocs\api\index.php on line 8
[08-Mar-2023 12:34:48 Europe/Berlin] PHP Fatal error:  Uncaught mysqli_sql_exception: Only one usage of each socket address (protocol/network address/port) is normally permitted in C:\xampp\htdocs\api\index.php:8
Stack trace:
#0 C:\xampp\htdocs\api\index.php(8): mysqli_connect('localhost', 'root', '', 'project')
#1 C:\xampp\htdocs\api\fetchdata.php(2): include('C:\\xampp\\htdocs...')
#2 {main}
  thrown in C:\xampp\htdocs\api\index.php on line 8
[08-Mar-2023 12:34:48 Europe/Berlin] PHP Fatal error:  Uncaught mysqli_sql_exception: Only one usage of each socket address (protocol/network address/port) is normally permitted in C:\xampp\htdocs\api\index.php:8
Stack trace:
#0 C:\xampp\htdocs\api\index.php(8): mysqli_connect('localhost', 'root', '', 'project')
#1 C:\xampp\htdocs\api\fetchdata.php(2): include('C:\\xampp\\htdocs...')
#2 {main}
  thrown in C:\xampp\htdocs\api\index.php on line 8
[08-Mar-2023 12:34:48 Europe/Berlin] PHP Fatal error:  Uncaught mysqli_sql_exception: Only one usage of each socket address (protocol/network address/port) is normally permitted in C:\xampp\htdocs\api\index.php:8
Stack trace:
#0 C:\xampp\htdocs\api\index.php(8): mysqli_connect('localhost', 'root', '', 'project')
#1 C:\xampp\htdocs\api\fetchdata.php(2): include('C:\\xampp\\htdocs...')
#2 {main}
  thrown in C:\xampp\htdocs\api\index.php on line 8
[08-Mar-2023 12:34:48 Europe/Berlin] PHP Fatal error:  Uncaught mysqli_sql_exception: Only one usage of each socket address (protocol/network address/port) is normally permitted in C:\xampp\htdocs\api\index.php:8
Stack trace:
#0 C:\xampp\htdocs\api\index.php(8): mysqli_connect('localhost', 'root', '', 'project')
#1 C:\xampp\htdocs\api\fetchdata.php(2): include('C:\\xampp\\htdocs...')
#2 {main}
  thrown in C:\xampp\htdocs\api\index.php on line 8
[08-Mar-2023 12:34:48 Europe/Berlin] PHP Fatal error:  Uncaught mysqli_sql_exception: Only one usage of each socket address (protocol/network address/port) is normally permitted in C:\xampp\htdocs\api\index.php:8
Stack trace:
#0 C:\xampp\htdocs\api\index.php(8): mysqli_connect('localhost', 'root', '', 'project')
#1 C:\xampp\htdocs\api\fetchdata.php(2): include('C:\\xampp\\htdocs...')
#2 {main}
  thrown in C:\xampp\htdocs\api\index.php on line 8
[08-Mar-2023 12:34:48 Europe/Berlin] PHP Fatal error:  Uncaught mysqli_sql_exception: Only one usage of each socket address (protocol/network address/port) is normally permitted in C:\xampp\htdocs\api\index.php:8
Stack trace:
#0 C:\xampp\htdocs\api\index.php(8): mysqli_connect('localhost', 'root', '', 'project')
#1 C:\xampp\htdocs\api\fetchdata.php(2): include('C:\\xampp\\htdocs...')
#2 {main}
  thrown in C:\xampp\htdocs\api\index.php on line 8
[08-Mar-2023 12:34:48 Europe/Berlin] PHP Fatal error:  Uncaught mysqli_sql_exception: Only one usage of each socket address (protocol/network address/port) is normally permitted in C:\xampp\htdocs\api\index.php:8
Stack trace:
#0 C:\xampp\htdocs\api\index.php(8): mysqli_connect('localhost', 'root', '', 'project')
#1 C:\xampp\htdocs\api\fetchdata.php(2): include('C:\\xampp\\htdocs...')
#2 {main}
  thrown in C:\xampp\htdocs\api\index.php on line 8
[08-Mar-2023 12:34:48 Europe/Berlin] PHP Fatal error:  Uncaught mysqli_sql_exception: Only one usage of each socket address (protocol/network address/port) is normally permitted in C:\xampp\htdocs\api\index.php:8
Stack trace:
#0 C:\xampp\htdocs\api\index.php(8): mysqli_connect('localhost', 'root', '', 'project')
#1 C:\xampp\htdocs\api\fetchdata.php(2): include('C:\\xampp\\htdocs...')
#2 {main}
  thrown in C:\xampp\htdocs\api\index.php on line 8
[08-Mar-2023 12:34:48 Europe/Berlin] PHP Fatal error:  Uncaught mysqli_sql_exception: Only one usage of each socket address (protocol/network address/port) is normally permitted in C:\xampp\htdocs\api\index.php:8
Stack trace:
#0 C:\xampp\htdocs\api\index.php(8): mysqli_connect('localhost', 'root', '', 'project')
#1 C:\xampp\htdocs\api\fetchdata.php(2): include('C:\\xampp\\htdocs...')
#2 {main}
  thrown in C:\xampp\htdocs\api\index.php on line 8
[08-Mar-2023 12:34:48 Europe/Berlin] PHP Fatal error:  Uncaught mysqli_sql_exception: Only one usage of each socket address (protocol/network address/port) is normally permitted in C:\xampp\htdocs\api\index.php:8
Stack trace:
#0 C:\xampp\htdocs\api\index.php(8): mysqli_connect('localhost', 'root', '', 'project')
#1 C:\xampp\htdocs\api\fetchdata.php(2): include('C:\\xampp\\htdocs...')
#2 {main}
  thrown in C:\xampp\htdocs\api\index.php on line 8
[08-Mar-2023 12:34:48 Europe/Berlin] PHP Fatal error:  Uncaught mysqli_sql_exception: Only one usage of each socket address (protocol/network address/port) is normally permitted in C:\xampp\htdocs\api\index.php:8
Stack trace:
#0 C:\xampp\htdocs\api\index.php(8): mysqli_connect('localhost', 'root', '', 'project')
#1 C:\xampp\htdocs\api\fetchdata.php(2): include('C:\\xampp\\htdocs...')
#2 {main}
  thrown in C:\xampp\htdocs\api\index.php on line 8
[08-Mar-2023 12:34:48 Europe/Berlin] PHP Fatal error:  Uncaught mysqli_sql_exception: Only one usage of each socket address (protocol/network address/port) is normally permitted in C:\xampp\htdocs\api\index.php:8
Stack trace:
#0 C:\xampp\htdocs\api\index.php(8): mysqli_connect('localhost', 'root', '', 'project')
#1 C:\xampp\htdocs\api\fetchdata.php(2): include('C:\\xampp\\htdocs...')
#2 {main}
  thrown in C:\xampp\htdocs\api\index.php on line 8
[08-Mar-2023 12:34:48 Europe/Berlin] PHP Fatal error:  Uncaught mysqli_sql_exception: Only one usage of each socket address (protocol/network address/port) is normally permitted in C:\xampp\htdocs\api\index.php:8
Stack trace:
#0 C:\xampp\htdocs\api\index.php(8): mysqli_connect('localhost', 'root', '', 'project')
#1 C:\xampp\htdocs\api\fetchdata.php(2): include('C:\\xampp\\htdocs...')
#2 {main}
  thrown in C:\xampp\htdocs\api\index.php on line 8
[08-Mar-2023 12:34:48 Europe/Berlin] PHP Fatal error:  Uncaught mysqli_sql_exception: Only one usage of each socket address (protocol/network address/port) is normally permitted in C:\xampp\htdocs\api\index.php:8
Stack trace:
#0 C:\xampp\htdocs\api\index.php(8): mysqli_connect('localhost', 'root', '', 'project')
#1 C:\xampp\htdocs\api\fetchdata.php(2): include('C:\\xampp\\htdocs...')
#2 {main}
  thrown in C:\xampp\htdocs\api\index.php on line 8
[08-Mar-2023 12:34:48 Europe/Berlin] PHP Fatal error:  Uncaught mysqli_sql_exception: Only one usage of each socket address (protocol/network address/port) is normally permitted in C:\xampp\htdocs\api\index.php:8
Stack trace:
#0 C:\xampp\htdocs\api\index.php(8): mysqli_connect('localhost', 'root', '', 'project')
#1 C:\xampp\htdocs\api\fetchdata.php(2): include('C:\\xampp\\htdocs...')
#2 {main}
  thrown in C:\xampp\htdocs\api\index.php on line 8
[08-Mar-2023 12:34:48 Europe/Berlin] PHP Fatal error:  Uncaught mysqli_sql_exception: Only one usage of each socket address (protocol/network address/port) is normally permitted in C:\xampp\htdocs\api\index.php:8
Stack trace:
#0 C:\xampp\htdocs\api\index.php(8): mysqli_connect('localhost', 'root', '', 'project')
#1 C:\xampp\htdocs\api\fetchdata.php(2): include('C:\\xampp\\htdocs...')
#2 {main}
  thrown in C:\xampp\htdocs\api\index.php on line 8
[08-Mar-2023 12:34:48 Europe/Berlin] PHP Fatal error:  Uncaught mysqli_sql_exception: Only one usage of each socket address (protocol/network address/port) is normally permitted in C:\xampp\htdocs\api\index.php:8
Stack trace:
#0 C:\xampp\htdocs\api\index.php(8): mysqli_connect('localhost', 'root', '', 'project')
#1 C:\xampp\htdocs\api\fetchdata.php(2): include('C:\\xampp\\htdocs...')
#2 {main}
  thrown in C:\xampp\htdocs\api\index.php on line 8
[08-Mar-2023 12:34:48 Europe/Berlin] PHP Fatal error:  Uncaught mysqli_sql_exception: Only one usage of each socket address (protocol/network address/port) is normally permitted in C:\xampp\htdocs\api\index.php:8
Stack trace:
#0 C:\xampp\htdocs\api\index.php(8): mysqli_connect('localhost', 'root', '', 'project')
#1 C:\xampp\htdocs\api\fetchdata.php(2): include('C:\\xampp\\htdocs...')
#2 {main}
  thrown in C:\xampp\htdocs\api\index.php on line 8
[08-Mar-2023 12:34:48 Europe/Berlin] PHP Fatal error:  Uncaught mysqli_sql_exception: Only one usage of each socket address (protocol/network address/port) is normally permitted in C:\xampp\htdocs\api\index.php:8
Stack trace:
#0 C:\xampp\htdocs\api\index.php(8): mysqli_connect('localhost', 'root', '', 'project')
#1 C:\xampp\htdocs\api\fetchdata.php(2): include('C:\\xampp\\htdocs...')
#2 {main}
  thrown in C:\xampp\htdocs\api\index.php on line 8
[08-Mar-2023 12:34:48 Europe/Berlin] PHP Fatal error:  Uncaught mysqli_sql_exception: Only one usage of each socket address (protocol/network address/port) is normally permitted in C:\xampp\htdocs\api\index.php:8
Stack trace:
#0 C:\xampp\htdocs\api\index.php(8): mysqli_connect('localhost', 'root', '', 'project')
#1 C:\xampp\htdocs\api\fetchdata.php(2): include('C:\\xampp\\htdocs...')
#2 {main}
  thrown in C:\xampp\htdocs\api\index.php on line 8
[08-Mar-2023 12:34:48 Europe/Berlin] PHP Fatal error:  Uncaught mysqli_sql_exception: Only one usage of each socket address (protocol/network address/port) is normally permitted in C:\xampp\htdocs\api\index.php:8
Stack trace:
#0 C:\xampp\htdocs\api\index.php(8): mysqli_connect('localhost', 'root', '', 'project')
#1 C:\xampp\htdocs\api\fetchdata.php(2): include('C:\\xampp\\htdocs...')
#2 {main}
  thrown in C:\xampp\htdocs\api\index.php on line 8
[08-Mar-2023 12:40:37 Europe/Berlin] PHP Fatal error:  Uncaught mysqli_sql_exception: Only one usage of each socket address (protocol/network address/port) is normally permitted in C:\xampp\htdocs\api\index.php:8
Stack trace:
#0 C:\xampp\htdocs\api\index.php(8): mysqli_connect('localhost', 'root', '', 'project')
#1 C:\xampp\htdocs\api\fetchdata.php(2): include('C:\\xampp\\htdocs...')
#2 {main}
  thrown in C:\xampp\htdocs\api\index.php on line 8
[08-Mar-2023 12:40:37 Europe/Berlin] PHP Fatal error:  Uncaught mysqli_sql_exception: Only one usage of each socket address (protocol/network address/port) is normally permitted in C:\xampp\htdocs\api\index.php:8
Stack trace:
#0 C:\xampp\htdocs\api\index.php(8): mysqli_connect('localhost', 'root', '', 'project')
#1 C:\xampp\htdocs\api\fetchdata.php(2): include('C:\\xampp\\htdocs...')
#2 {main}
  thrown in C:\xampp\htdocs\api\index.php on line 8
[08-Mar-2023 12:44:32 Europe/Berlin] PHP Fatal error:  Uncaught mysqli_sql_exception: Only one usage of each socket address (protocol/network address/port) is normally permitted in C:\xampp\htdocs\api\index.php:8
Stack trace:
#0 C:\xampp\htdocs\api\index.php(8): mysqli_connect('localhost', 'root', '', 'project')
#1 C:\xampp\htdocs\api\fetchdata.php(2): include('C:\\xampp\\htdocs...')
#2 {main}
  thrown in C:\xampp\htdocs\api\index.php on line 8
[08-Mar-2023 12:44:32 Europe/Berlin] PHP Fatal error:  Uncaught mysqli_sql_exception: Only one usage of each socket address (protocol/network address/port) is normally permitted in C:\xampp\htdocs\api\index.php:8
Stack trace:
#0 C:\xampp\htdocs\api\index.php(8): mysqli_connect('localhost', 'root', '', 'project')
#1 C:\xampp\htdocs\api\fetchdata.php(2): include('C:\\xampp\\htdocs...')
#2 {main}
  thrown in C:\xampp\htdocs\api\index.php on line 8
[08-Mar-2023 12:44:32 Europe/Berlin] PHP Fatal error:  Uncaught mysqli_sql_exception: Only one usage of each socket address (protocol/network address/port) is normally permitted in C:\xampp\htdocs\api\index.php:8
Stack trace:
#0 C:\xampp\htdocs\api\index.php(8): mysqli_connect('localhost', 'root', '', 'project')
#1 C:\xampp\htdocs\api\fetchdata.php(2): include('C:\\xampp\\htdocs...')
#2 {main}
  thrown in C:\xampp\htdocs\api\index.php on line 8
[08-Mar-2023 12:44:32 Europe/Berlin] PHP Fatal error:  Uncaught mysqli_sql_exception: Only one usage of each socket address (protocol/network address/port) is normally permitted in C:\xampp\htdocs\api\index.php:8
Stack trace:
#0 C:\xampp\htdocs\api\index.php(8): mysqli_connect('localhost', 'root', '', 'project')
#1 C:\xampp\htdocs\api\fetchdata.php(2): include('C:\\xampp\\htdocs...')
#2 {main}
  thrown in C:\xampp\htdocs\api\index.php on line 8
[08-Mar-2023 12:44:32 Europe/Berlin] PHP Fatal error:  Uncaught mysqli_sql_exception: Only one usage of each socket address (protocol/network address/port) is normally permitted in C:\xampp\htdocs\api\index.php:8
Stack trace:
#0 C:\xampp\htdocs\api\index.php(8): mysqli_connect('localhost', 'root', '', 'project')
#1 C:\xampp\htdocs\api\fetchdata.php(2): include('C:\\xampp\\htdocs...')
#2 {main}
  thrown in C:\xampp\htdocs\api\index.php on line 8
[08-Mar-2023 12:44:32 Europe/Berlin] PHP Fatal error:  Uncaught mysqli_sql_exception: Only one usage of each socket address (protocol/network address/port) is normally permitted in C:\xampp\htdocs\api\index.php:8
Stack trace:
#0 C:\xampp\htdocs\api\index.php(8): mysqli_connect('localhost', 'root', '', 'project')
#1 C:\xampp\htdocs\api\fetchdata.php(2): include('C:\\xampp\\htdocs...')
#2 {main}
  thrown in C:\xampp\htdocs\api\index.php on line 8
[08-Mar-2023 12:44:32 Europe/Berlin] PHP Fatal error:  Uncaught mysqli_sql_exception: Only one usage of each socket address (protocol/network address/port) is normally permitted in C:\xampp\htdocs\api\index.php:8
Stack trace:
#0 C:\xampp\htdocs\api\index.php(8): mysqli_connect('localhost', 'root', '', 'project')
#1 C:\xampp\htdocs\api\fetchdata.php(2): include('C:\\xampp\\htdocs...')
#2 {main}
  thrown in C:\xampp\htdocs\api\index.php on line 8
[08-Mar-2023 12:45:06 Europe/Berlin] PHP Fatal error:  Uncaught mysqli_sql_exception: Only one usage of each socket address (protocol/network address/port) is normally permitted in C:\xampp\htdocs\api\index.php:8
Stack trace:
#0 C:\xampp\htdocs\api\index.php(8): mysqli_connect('localhost', 'root', '', 'project')
#1 C:\xampp\htdocs\api\fetchdata.php(2): include('C:\\xampp\\htdocs...')
#2 {main}
  thrown in C:\xampp\htdocs\api\index.php on line 8
[08-Mar-2023 12:45:06 Europe/Berlin] PHP Fatal error:  Uncaught mysqli_sql_exception: Only one usage of each socket address (protocol/network address/port) is normally permitted in C:\xampp\htdocs\api\index.php:8
Stack trace:
#0 C:\xampp\htdocs\api\index.php(8): mysqli_connect('localhost', 'root', '', 'project')
#1 C:\xampp\htdocs\api\fetchdata.php(2): include('C:\\xampp\\htdocs...')
#2 {main}
  thrown in C:\xampp\htdocs\api\index.php on line 8
[08-Mar-2023 12:45:06 Europe/Berlin] PHP Fatal error:  Uncaught mysqli_sql_exception: Only one usage of each socket address (protocol/network address/port) is normally permitted in C:\xampp\htdocs\api\index.php:8
Stack trace:
#0 C:\xampp\htdocs\api\index.php(8): mysqli_connect('localhost', 'root', '', 'project')
#1 C:\xampp\htdocs\api\fetchdata.php(2): include('C:\\xampp\\htdocs...')
#2 {main}
  thrown in C:\xampp\htdocs\api\index.php on line 8
[08-Mar-2023 12:45:06 Europe/Berlin] PHP Fatal error:  Uncaught mysqli_sql_exception: Only one usage of each socket address (protocol/network address/port) is normally permitted in C:\xampp\htdocs\api\index.php:8
Stack trace:
#0 C:\xampp\htdocs\api\index.php(8): mysqli_connect('localhost', 'root', '', 'project')
#1 C:\xampp\htdocs\api\fetchdata.php(2): include('C:\\xampp\\htdocs...')
#2 {main}
  thrown in C:\xampp\htdocs\api\index.php on line 8
[08-Mar-2023 12:45:06 Europe/Berlin] PHP Fatal error:  Uncaught mysqli_sql_exception: Only one usage of each socket address (protocol/network address/port) is normally permitted in C:\xampp\htdocs\api\index.php:8
Stack trace:
#0 C:\xampp\htdocs\api\index.php(8): mysqli_connect('localhost', 'root', '', 'project')
#1 C:\xampp\htdocs\api\fetchdata.php(2): include('C:\\xampp\\htdocs...')
#2 {main}
  thrown in C:\xampp\htdocs\api\index.php on line 8
[08-Mar-2023 12:45:06 Europe/Berlin] PHP Fatal error:  Uncaught mysqli_sql_exception: Only one usage of each socket address (protocol/network address/port) is normally permitted in C:\xampp\htdocs\api\index.php:8
Stack trace:
#0 C:\xampp\htdocs\api\index.php(8): mysqli_connect('localhost', 'root', '', 'project')
#1 C:\xampp\htdocs\api\fetchdata.php(2): include('C:\\xampp\\htdocs...')
#2 {main}
  thrown in C:\xampp\htdocs\api\index.php on line 8
[08-Mar-2023 12:45:42 Europe/Berlin] PHP Fatal error:  Uncaught mysqli_sql_exception: Only one usage of each socket address (protocol/network address/port) is normally permitted in C:\xampp\htdocs\api\index.php:8
Stack trace:
#0 C:\xampp\htdocs\api\index.php(8): mysqli_connect('localhost', 'root', '', 'project')
#1 C:\xampp\htdocs\api\fetchdata.php(2): include('C:\\xampp\\htdocs...')
#2 {main}
  thrown in C:\xampp\htdocs\api\index.php on line 8
[08-Mar-2023 12:45:42 Europe/Berlin] PHP Fatal error:  Uncaught mysqli_sql_exception: Only one usage of each socket address (protocol/network address/port) is normally permitted in C:\xampp\htdocs\api\index.php:8
Stack trace:
#0 C:\xampp\htdocs\api\index.php(8): mysqli_connect('localhost', 'root', '', 'project')
#1 C:\xampp\htdocs\api\fetchdata.php(2): include('C:\\xampp\\htdocs...')
#2 {main}
  thrown in C:\xampp\htdocs\api\index.php on line 8
[08-Mar-2023 12:45:42 Europe/Berlin] PHP Fatal error:  Uncaught mysqli_sql_exception: Only one usage of each socket address (protocol/network address/port) is normally permitted in C:\xampp\htdocs\api\index.php:8
Stack trace:
#0 C:\xampp\htdocs\api\index.php(8): mysqli_connect('localhost', 'root', '', 'project')
#1 C:\xampp\htdocs\api\fetchdata.php(2): include('C:\\xampp\\htdocs...')
#2 {main}
  thrown in C:\xampp\htdocs\api\index.php on line 8
[08-Mar-2023 12:45:42 Europe/Berlin] PHP Fatal error:  Uncaught mysqli_sql_exception: Only one usage of each socket address (protocol/network address/port) is normally permitted in C:\xampp\htdocs\api\index.php:8
Stack trace:
#0 C:\xampp\htdocs\api\index.php(8): mysqli_connect('localhost', 'root', '', 'project')
#1 C:\xampp\htdocs\api\fetchdata.php(2): include('C:\\xampp\\htdocs...')
#2 {main}
  thrown in C:\xampp\htdocs\api\index.php on line 8
[08-Mar-2023 12:45:42 Europe/Berlin] PHP Fatal error:  Uncaught mysqli_sql_exception: Only one usage of each socket address (protocol/network address/port) is normally permitted in C:\xampp\htdocs\api\index.php:8
Stack trace:
#0 C:\xampp\htdocs\api\index.php(8): mysqli_connect('localhost', 'root', '', 'project')
#1 C:\xampp\htdocs\api\fetchdata.php(2): include('C:\\xampp\\htdocs...')
#2 {main}
  thrown in C:\xampp\htdocs\api\index.php on line 8
[08-Mar-2023 12:45:42 Europe/Berlin] PHP Fatal error:  Uncaught mysqli_sql_exception: Only one usage of each socket address (protocol/network address/port) is normally permitted in C:\xampp\htdocs\api\index.php:8
Stack trace:
#0 C:\xampp\htdocs\api\index.php(8): mysqli_connect('localhost', 'root', '', 'project')
#1 C:\xampp\htdocs\api\fetchdata.php(2): include('C:\\xampp\\htdocs...')
#2 {main}
  thrown in C:\xampp\htdocs\api\index.php on line 8
[08-Mar-2023 12:45:42 Europe/Berlin] PHP Fatal error:  Uncaught mysqli_sql_exception: Only one usage of each socket address (protocol/network address/port) is normally permitted in C:\xampp\htdocs\api\index.php:8
Stack trace:
#0 C:\xampp\htdocs\api\index.php(8): mysqli_connect('localhost', 'root', '', 'project')
#1 C:\xampp\htdocs\api\fetchdata.php(2): include('C:\\xampp\\htdocs...')
#2 {main}
  thrown in C:\xampp\htdocs\api\index.php on line 8
[08-Mar-2023 12:45:42 Europe/Berlin] PHP Fatal error:  Uncaught mysqli_sql_exception: Only one usage of each socket address (protocol/network address/port) is normally permitted in C:\xampp\htdocs\api\index.php:8
Stack trace:
#0 C:\xampp\htdocs\api\index.php(8): mysqli_connect('localhost', 'root', '', 'project')
#1 C:\xampp\htdocs\api\fetchdata.php(2): include('C:\\xampp\\htdocs...')
#2 {main}
  thrown in C:\xampp\htdocs\api\index.php on line 8
[08-Mar-2023 12:45:42 Europe/Berlin] PHP Fatal error:  Uncaught mysqli_sql_exception: Only one usage of each socket address (protocol/network address/port) is normally permitted in C:\xampp\htdocs\api\index.php:8
Stack trace:
#0 C:\xampp\htdocs\api\index.php(8): mysqli_connect('localhost', 'root', '', 'project')
#1 C:\xampp\htdocs\api\fetchdata.php(2): include('C:\\xampp\\htdocs...')
#2 {main}
  thrown in C:\xampp\htdocs\api\index.php on line 8
[08-Mar-2023 12:45:45 Europe/Berlin] PHP Fatal error:  Uncaught mysqli_sql_exception: Only one usage of each socket address (protocol/network address/port) is normally permitted in C:\xampp\htdocs\api\index.php:8
Stack trace:
#0 C:\xampp\htdocs\api\index.php(8): mysqli_connect('localhost', 'root', '', 'project')
#1 C:\xampp\htdocs\api\fetchdata.php(2): include('C:\\xampp\\htdocs...')
#2 {main}
  thrown in C:\xampp\htdocs\api\index.php on line 8
[08-Mar-2023 12:45:46 Europe/Berlin] PHP Fatal error:  Uncaught mysqli_sql_exception: Only one usage of each socket address (protocol/network address/port) is normally permitted in C:\xampp\htdocs\api\index.php:8
Stack trace:
#0 C:\xampp\htdocs\api\index.php(8): mysqli_connect('localhost', 'root', '', 'project')
#1 C:\xampp\htdocs\api\fetchdata.php(2): include('C:\\xampp\\htdocs...')
#2 {main}
  thrown in C:\xampp\htdocs\api\index.php on line 8
[08-Mar-2023 12:45:46 Europe/Berlin] PHP Fatal error:  Uncaught mysqli_sql_exception: Only one usage of each socket address (protocol/network address/port) is normally permitted in C:\xampp\htdocs\api\index.php:8
Stack trace:
#0 C:\xampp\htdocs\api\index.php(8): mysqli_connect('localhost', 'root', '', 'project')
#1 C:\xampp\htdocs\api\fetchdata.php(2): include('C:\\xampp\\htdocs...')
#2 {main}
  thrown in C:\xampp\htdocs\api\index.php on line 8
[08-Mar-2023 12:45:46 Europe/Berlin] PHP Fatal error:  Uncaught mysqli_sql_exception: Only one usage of each socket address (protocol/network address/port) is normally permitted in C:\xampp\htdocs\api\index.php:8
Stack trace:
#0 C:\xampp\htdocs\api\index.php(8): mysqli_connect('localhost', 'root', '', 'project')
#1 C:\xampp\htdocs\api\fetchdata.php(2): include('C:\\xampp\\htdocs...')
#2 {main}
  thrown in C:\xampp\htdocs\api\index.php on line 8
[08-Mar-2023 12:45:46 Europe/Berlin] PHP Fatal error:  Uncaught mysqli_sql_exception: Only one usage of each socket address (protocol/network address/port) is normally permitted in C:\xampp\htdocs\api\index.php:8
Stack trace:
#0 C:\xampp\htdocs\api\index.php(8): mysqli_connect('localhost', 'root', '', 'project')
#1 C:\xampp\htdocs\api\fetchdata.php(2): include('C:\\xampp\\htdocs...')
#2 {main}
  thrown in C:\xampp\htdocs\api\index.php on line 8
